core_cm7.h:2606:26:ITM_SendChar	16	static,ignoring_inline_asm
main.c:295:5:_write	32	static
main.c:309:5:main	8	static
main.c:437:6:SystemClock_Config	216	static
main.c:493:13:MX_I2C1_Init	8	static
main.c:539:13:MX_I2C2_Init	8	static
main.c:585:13:MX_I2C3_Init	8	static
main.c:631:13:MX_TIM2_Init	40	static
main.c:676:13:MX_TIM3_Init	40	static
main.c:721:13:MX_TIM4_Init	40	static
main.c:766:13:MX_USART2_UART_Init	8	static
main.c:801:13:MX_GPIO_Init	48	static
main.c:858:6:HAL_TIM_PeriodElapsedCallback	16	static
main.c:877:6:HAL_UART_RxCpltCallback	16	static
main.c:893:6:Error_Handler	4	static,ignoring_inline_asm
