core_cm7.h:2606:26:ITM_SendChar	16	static,ignoring_inline_asm
main.c:295:5:_write	32	static
main.c:309:5:main	8	static
main.c:442:6:SystemClock_Config	216	static
main.c:498:13:MX_I2C1_Init	8	static
main.c:544:13:MX_I2C2_Init	8	static
main.c:590:13:MX_I2C3_Init	8	static
main.c:636:13:MX_TIM2_Init	40	static
main.c:681:13:MX_TIM3_Init	40	static
main.c:726:13:MX_TIM4_Init	40	static
main.c:771:13:MX_USART2_UART_Init	8	static
main.c:806:13:MX_GPIO_Init	48	static
main.c:863:6:HAL_TIM_PeriodElapsedCallback	16	static
main.c:882:6:HAL_UART_RxCpltCallback	16	static
main.c:898:6:Error_Handler	4	static,ignoring_inline_asm
