Archive member included to satisfy reference by file (symbol)

d:/stm32cubeide/stm32cubeide_1.6.0/stm32cubeide/plugins/com.st.stm32cube.ide.mcu.externaltools.gnu-tools-for-stm32.9-2020-q2-update.win32_2.0.0.202105311346/tools/bin/../lib/gcc/arm-none-eabi/9.3.1/../../../../arm-none-eabi/lib/thumb/v7e-m+fp/hard\libc_nano.a(lib_a-errno.o)
                              ./Core/Src/syscalls.o (__errno)
d:/stm32cubeide/stm32cubeide_1.6.0/stm32cubeide/plugins/com.st.stm32cube.ide.mcu.externaltools.gnu-tools-for-stm32.9-2020-q2-update.win32_2.0.0.202105311346/tools/bin/../lib/gcc/arm-none-eabi/9.3.1/../../../../arm-none-eabi/lib/thumb/v7e-m+fp/hard\libc_nano.a(lib_a-exit.o)
                              d:/stm32cubeide/stm32cubeide_1.6.0/stm32cubeide/plugins/com.st.stm32cube.ide.mcu.externaltools.gnu-tools-for-stm32.9-2020-q2-update.win32_2.0.0.202105311346/tools/bin/../lib/gcc/arm-none-eabi/9.3.1/../../../../arm-none-eabi/lib/thumb/v7e-m+fp/hard/crt0.o (exit)
d:/stm32cubeide/stm32cubeide_1.6.0/stm32cubeide/plugins/com.st.stm32cube.ide.mcu.externaltools.gnu-tools-for-stm32.9-2020-q2-update.win32_2.0.0.202105311346/tools/bin/../lib/gcc/arm-none-eabi/9.3.1/../../../../arm-none-eabi/lib/thumb/v7e-m+fp/hard\libc_nano.a(lib_a-impure.o)
                              d:/stm32cubeide/stm32cubeide_1.6.0/stm32cubeide/plugins/com.st.stm32cube.ide.mcu.externaltools.gnu-tools-for-stm32.9-2020-q2-update.win32_2.0.0.202105311346/tools/bin/../lib/gcc/arm-none-eabi/9.3.1/../../../../arm-none-eabi/lib/thumb/v7e-m+fp/hard\libc_nano.a(lib_a-exit.o) (_global_impure_ptr)
d:/stm32cubeide/stm32cubeide_1.6.0/stm32cubeide/plugins/com.st.stm32cube.ide.mcu.externaltools.gnu-tools-for-stm32.9-2020-q2-update.win32_2.0.0.202105311346/tools/bin/../lib/gcc/arm-none-eabi/9.3.1/../../../../arm-none-eabi/lib/thumb/v7e-m+fp/hard\libc_nano.a(lib_a-init.o)
                              d:/stm32cubeide/stm32cubeide_1.6.0/stm32cubeide/plugins/com.st.stm32cube.ide.mcu.externaltools.gnu-tools-for-stm32.9-2020-q2-update.win32_2.0.0.202105311346/tools/bin/../lib/gcc/arm-none-eabi/9.3.1/../../../../arm-none-eabi/lib/thumb/v7e-m+fp/hard/crt0.o (__libc_init_array)
d:/stm32cubeide/stm32cubeide_1.6.0/stm32cubeide/plugins/com.st.stm32cube.ide.mcu.externaltools.gnu-tools-for-stm32.9-2020-q2-update.win32_2.0.0.202105311346/tools/bin/../lib/gcc/arm-none-eabi/9.3.1/../../../../arm-none-eabi/lib/thumb/v7e-m+fp/hard\libc_nano.a(lib_a-memset.o)
                              d:/stm32cubeide/stm32cubeide_1.6.0/stm32cubeide/plugins/com.st.stm32cube.ide.mcu.externaltools.gnu-tools-for-stm32.9-2020-q2-update.win32_2.0.0.202105311346/tools/bin/../lib/gcc/arm-none-eabi/9.3.1/../../../../arm-none-eabi/lib/thumb/v7e-m+fp/hard/crt0.o (memset)
d:/stm32cubeide/stm32cubeide_1.6.0/stm32cubeide/plugins/com.st.stm32cube.ide.mcu.externaltools.gnu-tools-for-stm32.9-2020-q2-update.win32_2.0.0.202105311346/tools/bin/../lib/gcc/arm-none-eabi/9.3.1/../../../../arm-none-eabi/lib/thumb/v7e-m+fp/hard\libc_nano.a(lib_a-printf.o)
                              ./Core/Src/Battery1_Maintenance_General_Info.o (printf)
d:/stm32cubeide/stm32cubeide_1.6.0/stm32cubeide/plugins/com.st.stm32cube.ide.mcu.externaltools.gnu-tools-for-stm32.9-2020-q2-update.win32_2.0.0.202105311346/tools/bin/../lib/gcc/arm-none-eabi/9.3.1/../../../../arm-none-eabi/lib/thumb/v7e-m+fp/hard\libc_nano.a(lib_a-puts.o)
                              ./Core/Src/Specific_parameters_main_BAT1.o (puts)
d:/stm32cubeide/stm32cubeide_1.6.0/stm32cubeide/plugins/com.st.stm32cube.ide.mcu.externaltools.gnu-tools-for-stm32.9-2020-q2-update.win32_2.0.0.202105311346/tools/bin/../lib/gcc/arm-none-eabi/9.3.1/../../../../arm-none-eabi/lib/thumb/v7e-m+fp/hard\libc_nano.a(lib_a-wbuf.o)
                              d:/stm32cubeide/stm32cubeide_1.6.0/stm32cubeide/plugins/com.st.stm32cube.ide.mcu.externaltools.gnu-tools-for-stm32.9-2020-q2-update.win32_2.0.0.202105311346/tools/bin/../lib/gcc/arm-none-eabi/9.3.1/../../../../arm-none-eabi/lib/thumb/v7e-m+fp/hard\libc_nano.a(lib_a-puts.o) (__swbuf_r)
d:/stm32cubeide/stm32cubeide_1.6.0/stm32cubeide/plugins/com.st.stm32cube.ide.mcu.externaltools.gnu-tools-for-stm32.9-2020-q2-update.win32_2.0.0.202105311346/tools/bin/../lib/gcc/arm-none-eabi/9.3.1/../../../../arm-none-eabi/lib/thumb/v7e-m+fp/hard\libc_nano.a(lib_a-wsetup.o)
                              d:/stm32cubeide/stm32cubeide_1.6.0/stm32cubeide/plugins/com.st.stm32cube.ide.mcu.externaltools.gnu-tools-for-stm32.9-2020-q2-update.win32_2.0.0.202105311346/tools/bin/../lib/gcc/arm-none-eabi/9.3.1/../../../../arm-none-eabi/lib/thumb/v7e-m+fp/hard\libc_nano.a(lib_a-puts.o) (__swsetup_r)
d:/stm32cubeide/stm32cubeide_1.6.0/stm32cubeide/plugins/com.st.stm32cube.ide.mcu.externaltools.gnu-tools-for-stm32.9-2020-q2-update.win32_2.0.0.202105311346/tools/bin/../lib/gcc/arm-none-eabi/9.3.1/../../../../arm-none-eabi/lib/thumb/v7e-m+fp/hard\libc_nano.a(lib_a-fflush.o)
[...]
Memory Configuration

Name             Origin             Length             Attributes
RAM              0x0000000020000000 0x0000000000050000 xrw
FLASH            0x0000000008000000 0x0000000000100000 xr
*default*        0x0000000000000000 0xffffffffffffffff

Linker script and memory map

LOAD d:/stm32cubeide/stm32cubeide_1.6.0/stm32cubeide/plugins/com.st.stm32cube.ide.mcu.externaltools.gnu-tools-for-stm32.9-2020-q2-update.win32_2.0.0.202105311346/tools/bin/../lib/gcc/arm-none-eabi/9.3.1/thumb/v7e-m+fp/hard/crti.o
LOAD d:/stm32cubeide/stm32cubeide_1.6.0/stm32cubeide/plugins/com.st.stm32cube.ide.mcu.externaltools.gnu-tools-for-stm32.9-2020-q2-update.win32_2.0.0.202105311346/tools/bin/../lib/gcc/arm-none-eabi/9.3.1/thumb/v7e-m+fp/hard/crtbegin.o
LOAD d:/stm32cubeide/stm32cubeide_1.6.0/stm32cubeide/plugins/com.st.stm32cube.ide.mcu.externaltools.gnu-tools-for-stm32.9-2020-q2-update.win32_2.0.0.202105311346/tools/bin/../lib/gcc/arm-none-eabi/9.3.1/../../../../arm-none-eabi/lib/thumb/v7e-m+fp/hard/crt0.o
LOAD ./Core/Src/Bat1_Maint_SPCI_RTE.o
LOAD ./Core/Src/Bat1_Update_Info_during_Maintenance.o
LOAD ./Core/Src/Bat2_Update_Info_during_Maintenance.o
LOAD ./Core/Src/Battery1_Maintenance_General_Info.o
LOAD ./Core/Src/Battery1_Maintenance_Specific_Info.o
LOAD ./Core/Src/Battery2_Maintenance_General_Info.o
LOAD ./Core/Src/Commands_from_Raspi_To_STM32.o
LOAD ./Core/Src/Handle_Gpio_pins.o
LOAD ./Core/Src/Results_Auto_Test_Bat1_Maintenance.o
LOAD ./Core/Src/Results_Auto_Test_Bat2_Maintenance.o
LOAD ./Core/Src/Specific_parameters_main_BAT1.o
LOAD ./Core/Src/Specific_parameters_main_BAT2.o
LOAD ./Core/Src/SubStatemachine_bat1_Maintenance.o
LOAD ./Core/Src/Timer_function.o
LOAD ./Core/Src/bat1_asoc.o
LOAD ./Core/Src/bat2_asoc.o
LOAD ./Core/Src/main.o
LOAD ./Core/Src/stm32f7xx_hal_msp.o
LOAD ./Core/Src/stm32f7xx_it.o
LOAD ./Core/Src/syscalls.o
LOAD ./Core/Src/sysmem.o
LOAD ./Core/Src/system_stm32f7xx.o
LOAD ./Core/Src/timer_delay.o
LOAD ./Core/Startup/startup_stm32f746zgtx.o
LOAD ./Drivers/STM32F7xx_HAL_Driver/Src/stm32f7xx_hal.o
LOAD ./Drivers/STM32F7xx_HAL_Driver/Src/stm32f7xx_hal_cortex.o
LOAD ./Drivers/STM32F7xx_HAL_Driver/Src/stm32f7xx_hal_dma.o
LOAD ./Drivers/STM32F7xx_HAL_Driver/Src/stm32f7xx_hal_dma_ex.o
LOAD ./Drivers/STM32F7xx_HAL_Driver/Src/stm32f7xx_hal_exti.o
LOAD ./Drivers/STM32F7xx_HAL_Driver/Src/stm32f7xx_hal_flash.o
LOAD ./Drivers/STM32F7xx_HAL_Driver/Src/stm32f7xx_hal_flash_ex.o
LOAD ./Drivers/STM32F7xx_HAL_Driver/Src/stm32f7xx_hal_gpio.o
LOAD ./Drivers/STM32F7xx_HAL_Driver/Src/stm32f7xx_hal_i2c.o
LOAD ./Drivers/STM32F7xx_HAL_Driver/Src/stm32f7xx_hal_i2c_ex.o
LOAD ./Drivers/STM32F7xx_HAL_Driver/Src/stm32f7xx_hal_pwr.o
LOAD ./Drivers/STM32F7xx_HAL_Driver/Src/stm32f7xx_hal_pwr_ex.o
LOAD ./Drivers/STM32F7xx_HAL_Driver/Src/stm32f7xx_hal_rcc.o
LOAD ./Drivers/STM32F7xx_HAL_Driver/Src/stm32f7xx_hal_rcc_ex.o
LOAD ./Drivers/STM32F7xx_HAL_Driver/Src/stm32f7xx_hal_tim.o
LOAD ./Drivers/STM32F7xx_HAL_Driver/Src/stm32f7xx_hal_tim_ex.o
LOAD ./Drivers/STM32F7xx_HAL_Driver/Src/stm32f7xx_hal_uart.o
LOAD ./Drivers/STM32F7xx_HAL_Driver/Src/stm32f7xx_hal_uart_ex.o
START GROUP
LOAD d:/stm32cubeide/stm32cubeide_1.6.0/stm32cubeide/plugins/com.st.stm32cube.ide.mcu.externaltools.gnu-tools-for-stm32.9-2020-q2-update.win32_2.0.0.202105311346/tools/bin/../lib/gcc/arm-none-eabi/9.3.1/../../../../arm-none-eabi/lib/thumb/v7e-m+fp/hard\libc_nano.a
LOAD d:/stm32cubeide/stm32cubeide_1.6.0/stm32cubeide/plugins/com.st.stm32cube.ide.mcu.externaltools.gnu-tools-for-stm32.9-2020-q2-update.win32_2.0.0.202105311346/tools/bin/../lib/gcc/arm-none-eabi/9.3.1/../../../../arm-none-eabi/lib/thumb/v7e-m+fp/hard\libm.a
END GROUP
START GROUP
LOAD d:/stm32cubeide/stm32cubeide_1.6.0/stm32cubeide/plugins/com.st.stm32cube.ide.mcu.externaltools.gnu-tools-for-stm32.9-2020-q2-update.win32_2.0.0.202105311346/tools/bin/../lib/gcc/arm-none-eabi/9.3.1/thumb/v7e-m+fp/hard\libgcc.a
LOAD d:/stm32cubeide/stm32cubeide_1.6.0/stm32cubeide/plugins/com.st.stm32cube.ide.mcu.externaltools.gnu-tools-for-stm32.9-2020-q2-update.win32_2.0.0.202105311346/tools/bin/../lib/gcc/arm-none-eabi/9.3.1/../../../../arm-none-eabi/lib/thumb/v7e-m+fp/hard\libc_nano.a
END GROUP
START GROUP
LOAD d:/stm32cubeide/stm32cubeide_1.6.0/stm32cubeide/plugins/com.st.stm32cube.ide.mcu.externaltools.gnu-tools-for-stm32.9-2020-q2-update.win32_2.0.0.202105311346/tools/bin/../lib/gcc/arm-none-eabi/9.3.1/thumb/v7e-m+fp/hard\libgcc.a
LOAD d:/stm32cubeide/stm32cubeide_1.6.0/stm32cubeide/plugins/com.st.stm32cube.ide.mcu.externaltools.gnu-tools-for-stm32.9-2020-q2-update.win32_2.0.0.202105311346/tools/bin/../lib/gcc/arm-none-eabi/9.3.1/../../../../arm-none-eabi/lib/thumb/v7e-m+fp/hard\libc_nano.a
LOAD d:/stm32cubeide/stm32cubeide_1.6.0/stm32cubeide/plugins/com.st.stm32cube.ide.mcu.externaltools.gnu-tools-for-stm32.9-2020-q2-update.win32_2.0.0.202105311346/tools/bin/../lib/gcc/arm-none-eabi/9.3.1/../../../../arm-none-eabi/lib/thumb/v7e-m+fp/hard\libnosys.a
END GROUP
START GROUP
LOAD d:/stm32cubeide/stm32cubeide_1.6.0/stm32cubeide/plugins/com.st.stm32cube.ide.mcu.externaltools.gnu-tools-for-stm32.9-2020-q2-update.win32_2.0.0.202105311346/tools/bin/../lib/gcc/arm-none-eabi/9.3.1/thumb/v7e-m+fp/hard\libgcc.a
LOAD d:/stm32cubeide/stm32cubeide_1.6.0/stm32cubeide/plugins/com.st.stm32cube.ide.mcu.externaltools.gnu-tools-for-stm32.9-2020-q2-update.win32_2.0.0.202105311346/tools/bin/../lib/gcc/arm-none-eabi/9.3.1/../../../../arm-none-eabi/lib/thumb/v7e-m+fp/hard\libc_nano.a
LOAD d:/stm32cubeide/stm32cubeide_1.6.0/stm32cubeide/plugins/com.st.stm32cube.ide.mcu.externaltools.gnu-tools-for-stm32.9-2020-q2-update.win32_2.0.0.202105311346/tools/bin/../lib/gcc/arm-none-eabi/9.3.1/../../../../arm-none-eabi/lib/thumb/v7e-m+fp/hard\libnosys.a
END GROUP
LOAD d:/stm32cubeide/stm32cubeide_1.6.0/stm32cubeide/plugins/com.st.stm32cube.ide.mcu.externaltools.gnu-tools-for-stm32.9-2020-q2-update.win32_2.0.0.202105311346/tools/bin/../lib/gcc/arm-none-eabi/9.3.1/thumb/v7e-m+fp/hard/crtend.o
LOAD d:/stm32cubeide/stm32cubeide_1.6.0/stm32cubeide/plugins/com.st.stm32cube.ide.mcu.externaltools.gnu-tools-for-stm32.9-2020-q2-update.win32_2.0.0.202105311346/tools/bin/../lib/gcc/arm-none-eabi/9.3.1/thumb/v7e-m+fp/hard/crtn.o
                0x0000000020050000                _estack = (ORIGIN (RAM) + LENGTH (RAM))
                0x0000000000000200                _Min_Heap_Size = 0x200
                0x0000000000000400                _Min_Stack_Size = 0x400

.isr_vector     0x0000000008000000      0x1c8
                0x0000000008000000                . = ALIGN (0x4)
 *(.isr_vector)
 .isr_vector    0x0000000008000000      0x1c8 ./Core/Startup/startup_stm32f746zgtx.o
                0x0000000008000000                g_pfnVectors
                0x00000000080001c8                . = ALIGN (0x4)

.text           0x00000000080001c8     0x6850
                0x00000000080001c8                . = ALIGN (0x4)
 *(.text)
 .text          0x00000000080001c8       0x40 d:/stm32cubeide/stm32cubeide_1.6.0/stm32cubeide/plugins/com.st.stm32cube.ide.mcu.externaltools.gnu-tools-for-stm32.9-2020-q2-update.win32_2.0.0.202105311346/tools/bin/../lib/gcc/arm-none-eabi/9.3.1/thumb/v7e-m+fp/hard/crtbegin.o
 .text          0x0000000008000208       0x30 d:/stm32cubeide/stm32cubeide_1.6.0/stm32cubeide/plugins/com.st.stm32cube.ide.mcu.externaltools.gnu-tools-for-stm32.9-2020-q2-update.win32_2.0.0.202105311346/tools/bin/../lib/gcc/arm-none-eabi/9.3.1/thumb/v7e-m+fp/hard\libgcc.a(_aeabi_uldivmod.o)
                0x0000000008000208                __aeabi_uldivmod
 .text          0x0000000008000238      0x2c4 d:/stm32cubeide/stm32cubeide_1.6.0/stm32cubeide/plugins/com.st.stm32cube.ide.mcu.externaltools.gnu-tools-for-stm32.9-2020-q2-update.win32_2.0.0.202105311346/tools/bin/../lib/gcc/arm-none-eabi/9.3.1/thumb/v7e-m+fp/hard\libgcc.a(_udivmoddi4.o)
                0x0000000008000238                __udivmoddi4
 .text          0x00000000080004fc        0x4 d:/stm32cubeide/stm32cubeide_1.6.0/stm32cubeide/plugins/com.st.stm32cube.ide.mcu.externaltools.gnu-tools-for-stm32.9-2020-q2-update.win32_2.0.0.202105311346/tools/bin/../lib/gcc/arm-none-eabi/9.3.1/thumb/v7e-m+fp/hard\libgcc.a(_dvmd_tls.o)
                0x00000000080004fc                __aeabi_idiv0
                0x00000000080004fc                __aeabi_ldiv0
 *(.text*)
 .text.update_periodic_flags_during_maintenance_bat1
                0x0000000008000500      0x128 ./Core/Src/Bat1_Update_Info_during_Maintenance.o
                0x0000000008000500                update_periodic_flags_during_maintenance_bat1
 .text.update_voltage_during_maintenance_bat2
                0x0000000008000628       0xcc ./Core/Src/Bat2_Update_Info_during_Maintenance.o
                0x0000000008000628                update_voltage_during_maintenance_bat2
 .text.update_asoc_during_maintenance_bat2
                0x00000000080006f4       0xb8 ./Core/Src/Bat2_Update_Info_during_Maintenance.o
                0x00000000080006f4                update_asoc_during_maintenance_bat2
 .text.update_RemCap_during_maintenance_bat2
                0x00000000080007ac       0xb8 ./Core/Src/Bat2_Update_Info_during_Maintenance.o
                0x00000000080007ac                update_RemCap_during_maintenance_bat2
 .text.update_cyclecount_during_maintenance_bat2
                0x0000000008000864       0xb8 ./Core/Src/Bat2_Update_Info_during_Maintenance.o
                0x0000000008000864                update_cyclecount_during_maintenance_bat2
 .text.update_batstatus_during_maintenance_bat2
                0x000000000800091c       0xb8 ./Core/Src/Bat2_Update_Info_during_Maintenance.o
                0x000000000800091c                update_batstatus_during_maintenance_bat2
 .text.update_temperature_during_maintenance_bat2
                0x00000000080009d4       0xb8 ./Core/Src/Bat2_Update_Info_during_Maintenance.o
                0x00000000080009d4                update_temperature_during_maintenance_bat2
 .text.update_periodic_flags_during_maintenance_bat2
                0x0000000008000a8c      0x128 ./Core/Src/Bat2_Update_Info_during_Maintenance.o
                0x0000000008000a8c                update_periodic_flags_during_maintenance_bat2
 .text.commands_from_pi_to_stm
                0x0000000008000bb4       0x84 ./Core/Src/Commands_from_Raspi_To_STM32.o
                0x0000000008000bb4                commands_from_pi_to_stm
 .text.gpio_func_bat2_chg_dschg
                0x0000000008000c38       0x68 ./Core/Src/Handle_Gpio_pins.o
                0x0000000008000c38                gpio_func_bat2_chg_dschg
 .text.Timer_15min
                0x0000000008000ca0       0x74 ./Core/Src/Timer_function.o
                0x0000000008000ca0                Timer_15min
 .text.main     0x0000000008000d14      0x108 ./Core/Src/main.o
                0x0000000008000d14                main
 .text.SystemClock_Config
                0x0000000008000e1c      0x124 ./Core/Src/main.o
                0x0000000008000e1c                SystemClock_Config
 .text.MX_I2C1_Init
                0x0000000008000f40       0x80 ./Core/Src/main.o
 .text.MX_I2C2_Init
                0x0000000008000fc0       0x80 ./Core/Src/main.o
 .text.MX_I2C3_Init
                0x0000000008001040       0x80 ./Core/Src/main.o
 .text.MX_TIM2_Init
                0x00000000080010c0       0x9c ./Core/Src/main.o
 .text.MX_TIM3_Init
                0x000000000800115c       0x9c ./Core/Src/main.o
 .text.MX_TIM4_Init
                0x00000000080011f8       0x9c ./Core/Src/main.o
 .text.MX_USART2_UART_Init
                0x0000000008001294       0x60 ./Core/Src/main.o
 .text.MX_GPIO_Init
                0x00000000080012f4       0xdc ./Core/Src/main.o
 .text.HAL_TIM_PeriodElapsedCallback
                0x00000000080013d0       0x34 ./Core/Src/main.o
                0x00000000080013d0                HAL_TIM_PeriodElapsedCallback
 .text.HAL_UART_RxCpltCallback
                0x0000000008001404       0x14 ./Core/Src/main.o
                0x0000000008001404                HAL_UART_RxCpltCallback
 .text.Error_Handler
                0x0000000008001418        0xa ./Core/Src/main.o
                0x0000000008001418                Error_Handler
 *fill*         0x0000000008001422        0x2 
 .text.HAL_MspInit
                0x0000000008001424       0x48 ./Core/Src/stm32f7xx_hal_msp.o
                0x0000000008001424                HAL_MspInit
 .text.HAL_I2C_MspInit
                0x000000000800146c      0x1f0 ./Core/Src/stm32f7xx_hal_msp.o
                0x000000000800146c                HAL_I2C_MspInit
 .text.HAL_TIM_Base_MspInit
                0x000000000800165c       0xa8 ./Core/Src/stm32f7xx_hal_msp.o
                0x000000000800165c                HAL_TIM_Base_MspInit
 .text.HAL_UART_MspInit
                0x0000000008001704       0x98 ./Core/Src/stm32f7xx_hal_msp.o
                0x0000000008001704                HAL_UART_MspInit
 .text.NMI_Handler
                0x000000000800179c        0x6 ./Core/Src/stm32f7xx_it.o
                0x000000000800179c                NMI_Handler
 .text.HardFault_Handler
                0x00000000080017a2        0x6 ./Core/Src/stm32f7xx_it.o
                0x00000000080017a2                HardFault_Handler
 .text.MemManage_Handler
                0x00000000080017a8        0x6 ./Core/Src/stm32f7xx_it.o
                0x00000000080017a8                MemManage_Handler
 .text.BusFault_Handler
                0x00000000080017ae        0x6 ./Core/Src/stm32f7xx_it.o
                0x00000000080017ae                BusFault_Handler
 .text.UsageFault_Handler
                0x00000000080017b4        0x6 ./Core/Src/stm32f7xx_it.o
                0x00000000080017b4                UsageFault_Handler
 .text.SVC_Handler
                0x00000000080017ba        0xe ./Core/Src/stm32f7xx_it.o
                0x00000000080017ba                SVC_Handler
 .text.DebugMon_Handler
                0x00000000080017c8        0xe ./Core/Src/stm32f7xx_it.o
                0x00000000080017c8                DebugMon_Handler
 .text.PendSV_Handler
                0x00000000080017d6        0xe ./Core/Src/stm32f7xx_it.o
                0x00000000080017d6                PendSV_Handler
 .text.SysTick_Handler
                0x00000000080017e4        0xc ./Core/Src/stm32f7xx_it.o
                0x00000000080017e4                SysTick_Handler
 .text.TIM2_IRQHandler
                0x00000000080017f0       0x14 ./Core/Src/stm32f7xx_it.o
                0x00000000080017f0                TIM2_IRQHandler
 .text.TIM3_IRQHandler
                0x0000000008001804       0x14 ./Core/Src/stm32f7xx_it.o
                0x0000000008001804                TIM3_IRQHandler
 .text.I2C1_EV_IRQHandler
                0x0000000008001818       0x14 ./Core/Src/stm32f7xx_it.o
                0x0000000008001818                I2C1_EV_IRQHandler
 .text.I2C1_ER_IRQHandler
                0x000000000800182c       0x14 ./Core/Src/stm32f7xx_it.o
                0x000000000800182c                I2C1_ER_IRQHandler
 .text.I2C2_EV_IRQHandler
                0x0000000008001840       0x14 ./Core/Src/stm32f7xx_it.o
                0x0000000008001840                I2C2_EV_IRQHandler
 .text.I2C2_ER_IRQHandler
                0x0000000008001854       0x14 ./Core/Src/stm32f7xx_it.o
                0x0000000008001854                I2C2_ER_IRQHandler
 .text.USART2_IRQHandler
                0x0000000008001868       0x20 ./Core/Src/stm32f7xx_it.o
                0x0000000008001868                USART2_IRQHandler
 .text.I2C3_EV_IRQHandler
                0x0000000008001888       0x14 ./Core/Src/stm32f7xx_it.o
                0x0000000008001888                I2C3_EV_IRQHandler
 .text.I2C3_ER_IRQHandler
                0x000000000800189c       0x14 ./Core/Src/stm32f7xx_it.o
                0x000000000800189c                I2C3_ER_IRQHandler
 .text.SystemInit
                0x00000000080018b0       0x24 ./Core/Src/system_stm32f7xx.o
                0x00000000080018b0                SystemInit
 .text.Reset_Handler
                0x00000000080018d4       0x50 ./Core/Startup/startup_stm32f746zgtx.o
                0x00000000080018d4                Reset_Handler
 .text.Default_Handler
                0x0000000008001924        0x2 ./Core/Startup/startup_stm32f746zgtx.o
                0x0000000008001924                RTC_Alarm_IRQHandler
                0x0000000008001924                EXTI2_IRQHandler
                0x0000000008001924                TIM8_CC_IRQHandler
                0x0000000008001924                UART8_IRQHandler
                0x0000000008001924                SPI4_IRQHandler
                0x0000000008001924                TIM1_CC_IRQHandler
                0x0000000008001924                DMA2_Stream5_IRQHandler
                0x0000000008001924                DMA1_Stream5_IRQHandler
                0x0000000008001924                PVD_IRQHandler
                0x0000000008001924                TAMP_STAMP_IRQHandler
                0x0000000008001924                CAN2_RX1_IRQHandler
                0x0000000008001924                EXTI3_IRQHandler
                0x0000000008001924                TIM8_TRG_COM_TIM14_IRQHandler
                0x0000000008001924                TIM1_UP_TIM10_IRQHandler
                0x0000000008001924                TIM8_UP_TIM13_IRQHandler
                0x0000000008001924                EXTI0_IRQHandler
                0x0000000008001924                DMA1_Stream2_IRQHandler
                0x0000000008001924                CAN1_RX0_IRQHandler
                0x0000000008001924                FPU_IRQHandler
                0x0000000008001924                OTG_HS_WKUP_IRQHandler
                0x0000000008001924                LTDC_ER_IRQHandler
                0x0000000008001924                CAN2_SCE_IRQHandler
                0x0000000008001924                DMA2_Stream2_IRQHandler
                0x0000000008001924                SPI1_IRQHandler
                0x0000000008001924                TIM6_DAC_IRQHandler
                0x0000000008001924                TIM1_BRK_TIM9_IRQHandler
                0x0000000008001924                DCMI_IRQHandler
                0x0000000008001924                CAN2_RX0_IRQHandler
                0x0000000008001924                DMA2_Stream3_IRQHandler
                0x0000000008001924                SAI2_IRQHandler
                0x0000000008001924                USART6_IRQHandler
                0x0000000008001924                USART3_IRQHandler
                0x0000000008001924                CAN1_RX1_IRQHandler
                0x0000000008001924                UART5_IRQHandler
                0x0000000008001924                DMA2_Stream0_IRQHandler
                0x0000000008001924                TIM4_IRQHandler
                0x0000000008001924                QUADSPI_IRQHandler
                0x0000000008001924                DMA1_Stream6_IRQHandler
                0x0000000008001924                DMA1_Stream1_IRQHandler
                0x0000000008001924                UART4_IRQHandler
                0x0000000008001924                RCC_IRQHandler
                0x0000000008001924                TIM8_BRK_TIM12_IRQHandler
                0x0000000008001924                Default_Handler
                0x0000000008001924                CEC_IRQHandler
                0x0000000008001924                EXTI15_10_IRQHandler
                0x0000000008001924                ADC_IRQHandler
                0x0000000008001924                DMA1_Stream7_IRQHandler
                0x0000000008001924                SPI5_IRQHandler
                0x0000000008001924                TIM7_IRQHandler
                0x0000000008001924                SDMMC1_IRQHandler
                0x0000000008001924                CAN2_TX_IRQHandler
                0x0000000008001924                TIM5_IRQHandler
                0x0000000008001924                DMA2_Stream7_IRQHandler
                0x0000000008001924                EXTI9_5_IRQHandler
                0x0000000008001924                RTC_WKUP_IRQHandler
                0x0000000008001924                LTDC_IRQHandler
                0x0000000008001924                ETH_WKUP_IRQHandler
                0x0000000008001924                SPDIF_RX_IRQHandler
                0x0000000008001924                SPI2_IRQHandler
                0x0000000008001924                OTG_HS_EP1_IN_IRQHandler
                0x0000000008001924                DMA1_Stream0_IRQHandler
                0x0000000008001924                CAN1_TX_IRQHandler
                0x0000000008001924                EXTI4_IRQHandler
                0x0000000008001924                RNG_IRQHandler
                0x0000000008001924                ETH_IRQHandler
                0x0000000008001924                OTG_HS_EP1_OUT_IRQHandler
                0x0000000008001924                WWDG_IRQHandler
                0x0000000008001924                SPI6_IRQHandler
                0x0000000008001924                I2C4_EV_IRQHandler
                0x0000000008001924                OTG_FS_WKUP_IRQHandler
                0x0000000008001924                TIM1_TRG_COM_TIM11_IRQHandler
                0x0000000008001924                OTG_HS_IRQHandler
                0x0000000008001924                DMA2D_IRQHandler
                0x0000000008001924                EXTI1_IRQHandler
                0x0000000008001924                UART7_IRQHandler
                0x0000000008001924                DMA2_Stream1_IRQHandler
                0x0000000008001924                CAN1_SCE_IRQHandler
                0x0000000008001924                FLASH_IRQHandler
                0x0000000008001924                DMA2_Stream4_IRQHandler
                0x0000000008001924                USART1_IRQHandler
                0x0000000008001924                OTG_FS_IRQHandler
                0x0000000008001924                SPI3_IRQHandler
                0x0000000008001924                DMA1_Stream4_IRQHandler
                0x0000000008001924                FMC_IRQHandler
                0x0000000008001924                LPTIM1_IRQHandler
                0x0000000008001924                I2C4_ER_IRQHandler
                0x0000000008001924                DMA2_Stream6_IRQHandler
                0x0000000008001924                SAI1_IRQHandler
                0x0000000008001924                DMA1_Stream3_IRQHandler
 .text.HAL_Init
                0x0000000008001926       0x1a ./Drivers/STM32F7xx_HAL_Driver/Src/stm32f7xx_hal.o
                0x0000000008001926                HAL_Init
 .text.HAL_InitTick
                0x0000000008001940       0x60 ./Drivers/STM32F7xx_HAL_Driver/Src/stm32f7xx_hal.o
                0x0000000008001940                HAL_InitTick
 .text.HAL_IncTick
                0x00000000080019a0       0x28 ./Drivers/STM32F7xx_HAL_Driver/Src/stm32f7xx_hal.o
                0x00000000080019a0                HAL_IncTick
 .text.HAL_GetTick
                0x00000000080019c8       0x18 ./Drivers/STM32F7xx_HAL_Driver/Src/stm32f7xx_hal.o
                0x00000000080019c8                HAL_GetTick
 .text.HAL_Delay
                0x00000000080019e0       0x48 ./Drivers/STM32F7xx_HAL_Driver/Src/stm32f7xx_hal.o
                0x00000000080019e0                HAL_Delay
 .text.__NVIC_SetPriorityGrouping
                0x0000000008001a28       0x48 ./Drivers/STM32F7xx_HAL_Driver/Src/stm32f7xx_hal_cortex.o
 .text.__NVIC_GetPriorityGrouping
                0x0000000008001a70       0x1c ./Drivers/STM32F7xx_HAL_Driver/Src/stm32f7xx_hal_cortex.o
 .text.__NVIC_EnableIRQ
                0x0000000008001a8c       0x3c ./Drivers/STM32F7xx_HAL_Driver/Src/stm32f7xx_hal_cortex.o
 .text.__NVIC_SetPriority
                0x0000000008001ac8       0x54 ./Drivers/STM32F7xx_HAL_Driver/Src/stm32f7xx_hal_cortex.o
 .text.NVIC_EncodePriority
                0x0000000008001b1c       0x66 ./Drivers/STM32F7xx_HAL_Driver/Src/stm32f7xx_hal_cortex.o
 *fill*         0x0000000008001b82        0x2 
 .text.SysTick_Config
                0x0000000008001b84       0x44 ./Drivers/STM32F7xx_HAL_Driver/Src/stm32f7xx_hal_cortex.o
 .text.HAL_NVIC_SetPriorityGrouping
                0x0000000008001bc8       0x16 ./Drivers/STM32F7xx_HAL_Driver/Src/stm32f7xx_hal_cortex.o
                0x0000000008001bc8                HAL_NVIC_SetPriorityGrouping
 .text.HAL_NVIC_SetPriority
                0x0000000008001bde       0x38 ./Drivers/STM32F7xx_HAL_Driver/Src/stm32f7xx_hal_cortex.o
                0x0000000008001bde                HAL_NVIC_SetPriority
 .text.HAL_NVIC_EnableIRQ
                0x0000000008001c16       0x1c ./Drivers/STM32F7xx_HAL_Driver/Src/stm32f7xx_hal_cortex.o
                0x0000000008001c16                HAL_NVIC_EnableIRQ
 .text.HAL_SYSTICK_Config
                0x0000000008001c32       0x18 ./Drivers/STM32F7xx_HAL_Driver/Src/stm32f7xx_hal_cortex.o
                0x0000000008001c32                HAL_SYSTICK_Config
 .text.HAL_DMA_Abort
                0x0000000008001c4a       0xe0 ./Drivers/STM32F7xx_HAL_Driver/Src/stm32f7xx_hal_dma.o
                0x0000000008001c4a                HAL_DMA_Abort
 .text.HAL_DMA_Abort_IT
                0x0000000008001d2a       0x44 ./Drivers/STM32F7xx_HAL_Driver/Src/stm32f7xx_hal_dma.o
                0x0000000008001d2a                HAL_DMA_Abort_IT
 .text.HAL_DMA_GetState
                0x0000000008001d6e       0x1c ./Drivers/STM32F7xx_HAL_Driver/Src/stm32f7xx_hal_dma.o
                0x0000000008001d6e                HAL_DMA_GetState
 *fill*         0x0000000008001d8a        0x2 
 .text.HAL_GPIO_Init
                0x0000000008001d8c      0x358 ./Drivers/STM32F7xx_HAL_Driver/Src/stm32f7xx_hal_gpio.o
                0x0000000008001d8c                HAL_GPIO_Init
 .text.HAL_GPIO_WritePin
                0x00000000080020e4       0x32 ./Drivers/STM32F7xx_HAL_Driver/Src/stm32f7xx_hal_gpio.o
                0x00000000080020e4                HAL_GPIO_WritePin
 *fill*         0x0000000008002116        0x2 
 .text.HAL_I2C_Init
                0x0000000008002118      0x120 ./Drivers/STM32F7xx_HAL_Driver/Src/stm32f7xx_hal_i2c.o
                0x0000000008002118                HAL_I2C_Init
 .text.HAL_I2C_Master_Transmit_IT
                0x0000000008002238       0xe0 ./Drivers/STM32F7xx_HAL_Driver/Src/stm32f7xx_hal_i2c.o
                0x0000000008002238                HAL_I2C_Master_Transmit_IT
 .text.HAL_I2C_Master_Receive_IT
                0x0000000008002318       0xe0 ./Drivers/STM32F7xx_HAL_Driver/Src/stm32f7xx_hal_i2c.o
                0x0000000008002318                HAL_I2C_Master_Receive_IT
 .text.HAL_I2C_IsDeviceReady
                0x00000000080023f8      0x210 ./Drivers/STM32F7xx_HAL_Driver/Src/stm32f7xx_hal_i2c.o
                0x00000000080023f8                HAL_I2C_IsDeviceReady
 .text.HAL_I2C_EV_IRQHandler
                0x0000000008002608       0x34 ./Drivers/STM32F7xx_HAL_Driver/Src/stm32f7xx_hal_i2c.o
                0x0000000008002608                HAL_I2C_EV_IRQHandler
 .text.HAL_I2C_ER_IRQHandler
                0x000000000800263c       0xc2 ./Drivers/STM32F7xx_HAL_Driver/Src/stm32f7xx_hal_i2c.o
                0x000000000800263c                HAL_I2C_ER_IRQHandler
 .text.HAL_I2C_MasterTxCpltCallback
                0x00000000080026fe       0x14 ./Drivers/STM32F7xx_HAL_Driver/Src/stm32f7xx_hal_i2c.o
                0x00000000080026fe                HAL_I2C_MasterTxCpltCallback
 .text.HAL_I2C_MasterRxCpltCallback
                0x0000000008002712       0x14 ./Drivers/STM32F7xx_HAL_Driver/Src/stm32f7xx_hal_i2c.o
                0x0000000008002712                HAL_I2C_MasterRxCpltCallback
 .text.HAL_I2C_SlaveTxCpltCallback
                0x0000000008002726       0x14 ./Drivers/STM32F7xx_HAL_Driver/Src/stm32f7xx_hal_i2c.o
                0x0000000008002726                HAL_I2C_SlaveTxCpltCallback
 .text.HAL_I2C_SlaveRxCpltCallback
                0x000000000800273a       0x14 ./Drivers/STM32F7xx_HAL_Driver/Src/stm32f7xx_hal_i2c.o
                0x000000000800273a                HAL_I2C_SlaveRxCpltCallback
 .text.HAL_I2C_AddrCallback
                0x000000000800274e       0x1c ./Drivers/STM32F7xx_HAL_Driver/Src/stm32f7xx_hal_i2c.o
                0x000000000800274e                HAL_I2C_AddrCallback
 .text.HAL_I2C_ListenCpltCallback
                0x000000000800276a       0x14 ./Drivers/STM32F7xx_HAL_Driver/Src/stm32f7xx_hal_i2c.o
                0x000000000800276a                HAL_I2C_ListenCpltCallback
 .text.HAL_I2C_MemTxCpltCallback
                0x000000000800277e       0x14 ./Drivers/STM32F7xx_HAL_Driver/Src/stm32f7xx_hal_i2c.o
                0x000000000800277e                HAL_I2C_MemTxCpltCallback
 .text.HAL_I2C_MemRxCpltCallback
                0x0000000008002792       0x14 ./Drivers/STM32F7xx_HAL_Driver/Src/stm32f7xx_hal_i2c.o
                0x0000000008002792                HAL_I2C_MemRxCpltCallback
 .text.HAL_I2C_ErrorCallback
                0x00000000080027a6       0x14 ./Drivers/STM32F7xx_HAL_Driver/Src/stm32f7xx_hal_i2c.o
                0x00000000080027a6                HAL_I2C_ErrorCallback
 .text.HAL_I2C_AbortCpltCallback
                0x00000000080027ba       0x14 ./Drivers/STM32F7xx_HAL_Driver/Src/stm32f7xx_hal_i2c.o
                0x00000000080027ba                HAL_I2C_AbortCpltCallback
 .text.I2C_Master_ISR_IT
                0x00000000080027ce      0x250 ./Drivers/STM32F7xx_HAL_Driver/Src/stm32f7xx_hal_i2c.o
 .text.I2C_Slave_ISR_IT
                0x0000000008002a1e      0x206 ./Drivers/STM32F7xx_HAL_Driver/Src/stm32f7xx_hal_i2c.o
 .text.I2C_Master_ISR_DMA
                0x0000000008002c24      0x1e6 ./Drivers/STM32F7xx_HAL_Driver/Src/stm32f7xx_hal_i2c.o
 .text.I2C_Slave_ISR_DMA
                0x0000000008002e0a      0x1c0 ./Drivers/STM32F7xx_HAL_Driver/Src/stm32f7xx_hal_i2c.o
 .text.I2C_ITAddrCplt
                0x0000000008002fca      0x108 ./Drivers/STM32F7xx_HAL_Driver/Src/stm32f7xx_hal_i2c.o
 .text.I2C_ITMasterSeqCplt
                0x00000000080030d2       0x7a ./Drivers/STM32F7xx_HAL_Driver/Src/stm32f7xx_hal_i2c.o
 .text.I2C_ITSlaveSeqCplt
                0x000000000800314c       0xbc ./Drivers/STM32F7xx_HAL_Driver/Src/stm32f7xx_hal_i2c.o
 .text.I2C_ITMasterCplt
                0x0000000008003208      0x194 ./Drivers/STM32F7xx_HAL_Driver/Src/stm32f7xx_hal_i2c.o
 .text.I2C_ITSlaveCplt
                0x000000000800339c      0x214 ./Drivers/STM32F7xx_HAL_Driver/Src/stm32f7xx_hal_i2c.o
 .text.I2C_ITListenCplt
                0x00000000080035b0       0xac ./Drivers/STM32F7xx_HAL_Driver/Src/stm32f7xx_hal_i2c.o
 .text.I2C_ITError
                0x000000000800365c      0x1a0 ./Drivers/STM32F7xx_HAL_Driver/Src/stm32f7xx_hal_i2c.o
 .text.I2C_TreatErrorCallback
                0x00000000080037fc       0x4e ./Drivers/STM32F7xx_HAL_Driver/Src/stm32f7xx_hal_i2c.o
 .text.I2C_Flush_TXDR
                0x000000000800384a       0x48 ./Drivers/STM32F7xx_HAL_Driver/Src/stm32f7xx_hal_i2c.o
 .text.I2C_DMAAbort
                0x0000000008003892       0x3c ./Drivers/STM32F7xx_HAL_Driver/Src/stm32f7xx_hal_i2c.o
 .text.I2C_WaitOnFlagUntilTimeout
                0x00000000080038ce       0x80 ./Drivers/STM32F7xx_HAL_Driver/Src/stm32f7xx_hal_i2c.o
 *fill*         0x000000000800394e        0x2 
 .text.I2C_TransferConfig
                0x0000000008003950       0x5c ./Drivers/STM32F7xx_HAL_Driver/Src/stm32f7xx_hal_i2c.o
 .text.I2C_Enable_IRQ
                0x00000000080039ac       0xc8 ./Drivers/STM32F7xx_HAL_Driver/Src/stm32f7xx_hal_i2c.o
 .text.I2C_Disable_IRQ
                0x0000000008003a74       0xbc ./Drivers/STM32F7xx_HAL_Driver/Src/stm32f7xx_hal_i2c.o
 .text.HAL_I2CEx_ConfigAnalogFilter
                0x0000000008003b30       0x96 ./Drivers/STM32F7xx_HAL_Driver/Src/stm32f7xx_hal_i2c_ex.o
                0x0000000008003b30                HAL_I2CEx_ConfigAnalogFilter
 .text.HAL_I2CEx_ConfigDigitalFilter
                0x0000000008003bc6       0x98 ./Drivers/STM32F7xx_HAL_Driver/Src/stm32f7xx_hal_i2c_ex.o
                0x0000000008003bc6                HAL_I2CEx_ConfigDigitalFilter
 *fill*         0x0000000008003c5e        0x2 
 .text.HAL_RCC_OscConfig
                0x0000000008003c60      0x548 ./Drivers/STM32F7xx_HAL_Driver/Src/stm32f7xx_hal_rcc.o
                0x0000000008003c60                HAL_RCC_OscConfig
 .text.HAL_RCC_ClockConfig
                0x00000000080041a8      0x1d8 ./Drivers/STM32F7xx_HAL_Driver/Src/stm32f7xx_hal_rcc.o
                0x00000000080041a8                HAL_RCC_ClockConfig
 .text.HAL_RCC_GetSysClockFreq
                0x0000000008004380      0x1c4 ./Drivers/STM32F7xx_HAL_Driver/Src/stm32f7xx_hal_rcc.o
                0x0000000008004380                HAL_RCC_GetSysClockFreq
 .text.HAL_RCC_GetHCLKFreq
                0x0000000008004544       0x18 ./Drivers/STM32F7xx_HAL_Driver/Src/stm32f7xx_hal_rcc.o
                0x0000000008004544                HAL_RCC_GetHCLKFreq
 .text.HAL_RCC_GetPCLK1Freq
                0x000000000800455c       0x28 ./Drivers/STM32F7xx_HAL_Driver/Src/stm32f7xx_hal_rcc.o
                0x000000000800455c                HAL_RCC_GetPCLK1Freq
 .text.HAL_RCC_GetPCLK2Freq
                0x0000000008004584       0x28 ./Drivers/STM32F7xx_HAL_Driver/Src/stm32f7xx_hal_rcc.o
                0x0000000008004584                HAL_RCC_GetPCLK2Freq
 .text.HAL_RCCEx_PeriphCLKConfig
                0x00000000080045ac      0x7e0 ./Drivers/STM32F7xx_HAL_Driver/Src/stm32f7xx_hal_rcc_ex.o
                0x00000000080045ac                HAL_RCCEx_PeriphCLKConfig
 .text.HAL_TIM_Base_Init
                0x0000000008004d8c       0xae ./Drivers/STM32F7xx_HAL_Driver/Src/stm32f7xx_hal_tim.o
                0x0000000008004d8c                HAL_TIM_Base_Init
 *fill*         0x0000000008004e3a        0x2 
 .text.HAL_TIM_Base_Start
                0x0000000008004e3c       0xe0 ./Drivers/STM32F7xx_HAL_Driver/Src/stm32f7xx_hal_tim.o
                0x0000000008004e3c                HAL_TIM_Base_Start
 .text.HAL_TIM_Base_Start_IT
                0x0000000008004f1c       0xf0 ./Drivers/STM32F7xx_HAL_Driver/Src/stm32f7xx_hal_tim.o
                0x0000000008004f1c                HAL_TIM_Base_Start_IT
 .text.HAL_TIM_IRQHandler
                0x000000000800500c      0x23e ./Drivers/STM32F7xx_HAL_Driver/Src/stm32f7xx_hal_tim.o
                0x000000000800500c                HAL_TIM_IRQHandler
 *fill*         0x000000000800524a        0x2 
 .text.HAL_TIM_ConfigClockSource
                0x000000000800524c      0x18c ./Drivers/STM32F7xx_HAL_Driver/Src/stm32f7xx_hal_tim.o
                0x000000000800524c                HAL_TIM_ConfigClockSource
 .text.HAL_TIM_OC_DelayElapsedCallback
                0x00000000080053d8       0x14 ./Drivers/STM32F7xx_HAL_Driver/Src/stm32f7xx_hal_tim.o
                0x00000000080053d8                HAL_TIM_OC_DelayElapsedCallback
 .text.HAL_TIM_IC_CaptureCallback
                0x00000000080053ec       0x14 ./Drivers/STM32F7xx_HAL_Driver/Src/stm32f7xx_hal_tim.o
                0x00000000080053ec                HAL_TIM_IC_CaptureCallback
 .text.HAL_TIM_PWM_PulseFinishedCallback
                0x0000000008005400       0x14 ./Drivers/STM32F7xx_HAL_Driver/Src/stm32f7xx_hal_tim.o
                0x0000000008005400                HAL_TIM_PWM_PulseFinishedCallback
 .text.HAL_TIM_TriggerCallback
                0x0000000008005414       0x14 ./Drivers/STM32F7xx_HAL_Driver/Src/stm32f7xx_hal_tim.o
                0x0000000008005414                HAL_TIM_TriggerCallback
 .text.TIM_Base_SetConfig
                0x0000000008005428      0x140 ./Drivers/STM32F7xx_HAL_Driver/Src/stm32f7xx_hal_tim.o
                0x0000000008005428                TIM_Base_SetConfig
 .text.TIM_TI1_ConfigInputStage
                0x0000000008005568       0x5e ./Drivers/STM32F7xx_HAL_Driver/Src/stm32f7xx_hal_tim.o
 .text.TIM_TI2_ConfigInputStage
                0x00000000080055c6       0x60 ./Drivers/STM32F7xx_HAL_Driver/Src/stm32f7xx_hal_tim.o
 .text.TIM_ITRx_SetConfig
                0x0000000008005626       0x36 ./Drivers/STM32F7xx_HAL_Driver/Src/stm32f7xx_hal_tim.o
 .text.TIM_ETR_SetConfig
                0x000000000800565c       0x40 ./Drivers/STM32F7xx_HAL_Driver/Src/stm32f7xx_hal_tim.o
                0x000000000800565c                TIM_ETR_SetConfig
 .text.HAL_TIMEx_MasterConfigSynchronization
                0x000000000800569c      0x11c ./Drivers/STM32F7xx_HAL_Driver/Src/stm32f7xx_hal_tim_ex.o
                0x000000000800569c                HAL_TIMEx_MasterConfigSynchronization
 .text.HAL_TIMEx_CommutCallback
                0x00000000080057b8       0x14 ./Drivers/STM32F7xx_HAL_Driver/Src/stm32f7xx_hal_tim_ex.o
                0x00000000080057b8                HAL_TIMEx_CommutCallback
 .text.HAL_TIMEx_BreakCallback
                0x00000000080057cc       0x14 ./Drivers/STM32F7xx_HAL_Driver/Src/stm32f7xx_hal_tim_ex.o
                0x00000000080057cc                HAL_TIMEx_BreakCallback
 .text.HAL_TIMEx_Break2Callback
                0x00000000080057e0       0x14 ./Drivers/STM32F7xx_HAL_Driver/Src/stm32f7xx_hal_tim_ex.o
                0x00000000080057e0                HAL_TIMEx_Break2Callback
 .text.HAL_UART_Init
                0x00000000080057f4       0x9c ./Drivers/STM32F7xx_HAL_Driver/Src/stm32f7xx_hal_uart.o
                0x00000000080057f4                HAL_UART_Init
 .text.HAL_UART_Transmit_IT
                0x0000000008005890       0xb8 ./Drivers/STM32F7xx_HAL_Driver/Src/stm32f7xx_hal_uart.o
                0x0000000008005890                HAL_UART_Transmit_IT
 .text.HAL_UART_Receive_IT
                0x0000000008005948       0x7a ./Drivers/STM32F7xx_HAL_Driver/Src/stm32f7xx_hal_uart.o
                0x0000000008005948                HAL_UART_Receive_IT
 *fill*         0x00000000080059c2        0x2 
 .text.HAL_UART_IRQHandler
                0x00000000080059c4      0x3d8 ./Drivers/STM32F7xx_HAL_Driver/Src/stm32f7xx_hal_uart.o
                0x00000000080059c4                HAL_UART_IRQHandler
 .text.HAL_UART_TxCpltCallback
                0x0000000008005d9c       0x14 ./Drivers/STM32F7xx_HAL_Driver/Src/stm32f7xx_hal_uart.o
                0x0000000008005d9c                HAL_UART_TxCpltCallback
 .text.HAL_UART_ErrorCallback
                0x0000000008005db0       0x14 ./Drivers/STM32F7xx_HAL_Driver/Src/stm32f7xx_hal_uart.o
                0x0000000008005db0                HAL_UART_ErrorCallback
 .text.HAL_UARTEx_RxEventCallback
                0x0000000008005dc4       0x18 ./Drivers/STM32F7xx_HAL_Driver/Src/stm32f7xx_hal_uart.o
                0x0000000008005dc4                HAL_UARTEx_RxEventCallback
 .text.UART_SetConfig
                0x0000000008005ddc      0x4c4 ./Drivers/STM32F7xx_HAL_Driver/Src/stm32f7xx_hal_uart.o
                0x0000000008005ddc                UART_SetConfig
 .text.UART_AdvFeatureConfig
                0x00000000080062a0      0x144 ./Drivers/STM32F7xx_HAL_Driver/Src/stm32f7xx_hal_uart.o
                0x00000000080062a0                UART_AdvFeatureConfig
 .text.UART_CheckIdleState
                0x00000000080063e4       0x66 ./Drivers/STM32F7xx_HAL_Driver/Src/stm32f7xx_hal_uart.o
                0x00000000080063e4                UART_CheckIdleState
 .text.UART_WaitOnFlagUntilTimeout
                0x000000000800644a       0xf8 ./Drivers/STM32F7xx_HAL_Driver/Src/stm32f7xx_hal_uart.o
                0x000000000800644a                UART_WaitOnFlagUntilTimeout
 *fill*         0x0000000008006542        0x2 
 .text.UART_Start_Receive_IT
                0x0000000008006544      0x110 ./Drivers/STM32F7xx_HAL_Driver/Src/stm32f7xx_hal_uart.o
                0x0000000008006544                UART_Start_Receive_IT
 .text.UART_EndRxTransfer
                0x0000000008006654       0x5e ./Drivers/STM32F7xx_HAL_Driver/Src/stm32f7xx_hal_uart.o
 .text.UART_DMAAbortOnError
                0x00000000080066b2       0x2c ./Drivers/STM32F7xx_HAL_Driver/Src/stm32f7xx_hal_uart.o
 .text.UART_TxISR_8BIT
                0x00000000080066de       0x72 ./Drivers/STM32F7xx_HAL_Driver/Src/stm32f7xx_hal_uart.o
 .text.UART_TxISR_16BIT
                0x0000000008006750       0x7c ./Drivers/STM32F7xx_HAL_Driver/Src/stm32f7xx_hal_uart.o
 .text.UART_EndTransmit_IT
                0x00000000080067cc       0x32 ./Drivers/STM32F7xx_HAL_Driver/Src/stm32f7xx_hal_uart.o
 .text.UART_RxISR_8BIT
                0x00000000080067fe       0xd4 ./Drivers/STM32F7xx_HAL_Driver/Src/stm32f7xx_hal_uart.o
 .text.UART_RxISR_16BIT
                0x00000000080068d2       0xd4 ./Drivers/STM32F7xx_HAL_Driver/Src/stm32f7xx_hal_uart.o
 *fill*         0x00000000080069a6        0x2 
 .text.__libc_init_array
                0x00000000080069a8       0x48 d:/stm32cubeide/stm32cubeide_1.6.0/stm32cubeide/plugins/com.st.stm32cube.ide.mcu.externaltools.gnu-tools-for-stm32.9-2020-q2-update.win32_2.0.0.202105311346/tools/bin/../lib/gcc/arm-none-eabi/9.3.1/../../../../arm-none-eabi/lib/thumb/v7e-m+fp/hard\libc_nano.a(lib_a-init.o)
                0x00000000080069a8                __libc_init_array
 .text.memset   0x00000000080069f0       0x10 d:/stm32cubeide/stm32cubeide_1.6.0/stm32cubeide/plugins/com.st.stm32cube.ide.mcu.externaltools.gnu-tools-for-stm32.9-2020-q2-update.win32_2.0.0.202105311346/tools/bin/../lib/gcc/arm-none-eabi/9.3.1/../../../../arm-none-eabi/lib/thumb/v7e-m+fp/hard\libc_nano.a(lib_a-memset.o)
                0x00000000080069f0                memset
 *(.glue_7)
 .glue_7        0x0000000008006a00        0x0 linker stubs
 *(.glue_7t)
 .glue_7t       0x0000000008006a00        0x0 linker stubs
 *(.eh_frame)
 .eh_frame      0x0000000008006a00        0x0 d:/stm32cubeide/stm32cubeide_1.6.0/stm32cubeide/plugins/com.st.stm32cube.ide.mcu.externaltools.gnu-tools-for-stm32.9-2020-q2-update.win32_2.0.0.202105311346/tools/bin/../lib/gcc/arm-none-eabi/9.3.1/thumb/v7e-m+fp/hard/crtbegin.o
 *(.init)
 .init          0x0000000008006a00        0x4 d:/stm32cubeide/stm32cubeide_1.6.0/stm32cubeide/plugins/com.st.stm32cube.ide.mcu.externaltools.gnu-tools-for-stm32.9-2020-q2-update.win32_2.0.0.202105311346/tools/bin/../lib/gcc/arm-none-eabi/9.3.1/thumb/v7e-m+fp/hard/crti.o
                0x0000000008006a00                _init
 .init          0x0000000008006a04        0x8 d:/stm32cubeide/stm32cubeide_1.6.0/stm32cubeide/plugins/com.st.stm32cube.ide.mcu.externaltools.gnu-tools-for-stm32.9-2020-q2-update.win32_2.0.0.202105311346/tools/bin/../lib/gcc/arm-none-eabi/9.3.1/thumb/v7e-m+fp/hard/crtn.o
 *(.fini)
 .fini          0x0000000008006a0c        0x4 d:/stm32cubeide/stm32cubeide_1.6.0/stm32cubeide/plugins/com.st.stm32cube.ide.mcu.externaltools.gnu-tools-for-stm32.9-2020-q2-update.win32_2.0.0.202105311346/tools/bin/../lib/gcc/arm-none-eabi/9.3.1/thumb/v7e-m+fp/hard/crti.o
                0x0000000008006a0c                _fini
 .fini          0x0000000008006a10        0x8 d:/stm32cubeide/stm32cubeide_1.6.0/stm32cubeide/plugins/com.st.stm32cube.ide.mcu.externaltools.gnu-tools-for-stm32.9-2020-q2-update.win32_2.0.0.202105311346/tools/bin/../lib/gcc/arm-none-eabi/9.3.1/thumb/v7e-m+fp/hard/crtn.o
                0x0000000008006a18                . = ALIGN (0x4)
                0x0000000008006a18                _etext = .

.vfp11_veneer   0x0000000008006a18        0x0
 .vfp11_veneer  0x0000000008006a18        0x0 linker stubs

.v4_bx          0x0000000008006a18        0x0
 .v4_bx         0x0000000008006a18        0x0 linker stubs

.iplt           0x0000000008006a18        0x0
 .iplt          0x0000000008006a18        0x0 d:/stm32cubeide/stm32cubeide_1.6.0/stm32cubeide/plugins/com.st.stm32cube.ide.mcu.externaltools.gnu-tools-for-stm32.9-2020-q2-update.win32_2.0.0.202105311346/tools/bin/../lib/gcc/arm-none-eabi/9.3.1/thumb/v7e-m+fp/hard/crtbegin.o

.rodata         0x0000000008006a18       0x18
                0x0000000008006a18                . = ALIGN (0x4)
 *(.rodata)
 *(.rodata*)
 .rodata.AHBPrescTable
                0x0000000008006a18       0x10 ./Core/Src/system_stm32f7xx.o
                0x0000000008006a18                AHBPrescTable
 .rodata.APBPrescTable
                0x0000000008006a28        0x8 ./Core/Src/system_stm32f7xx.o
                0x0000000008006a28                APBPrescTable
                0x0000000008006a30                . = ALIGN (0x4)

.ARM.extab      0x0000000008006a30        0x0
                0x0000000008006a30                . = ALIGN (0x4)
 *(.ARM.extab* .gnu.linkonce.armextab.*)
                0x0000000008006a30                . = ALIGN (0x4)

.ARM            0x0000000008006a30        0x8
                0x0000000008006a30                . = ALIGN (0x4)
                0x0000000008006a30                __exidx_start = .
 *(.ARM.exidx*)
 .ARM.exidx     0x0000000008006a30        0x8 d:/stm32cubeide/stm32cubeide_1.6.0/stm32cubeide/plugins/com.st.stm32cube.ide.mcu.externaltools.gnu-tools-for-stm32.9-2020-q2-update.win32_2.0.0.202105311346/tools/bin/../lib/gcc/arm-none-eabi/9.3.1/thumb/v7e-m+fp/hard\libgcc.a(_udivmoddi4.o)
                0x0000000008006a38                __exidx_end = .
                0x0000000008006a38                . = ALIGN (0x4)

.rel.dyn        0x0000000008006a38        0x0
 .rel.iplt      0x0000000008006a38        0x0 d:/stm32cubeide/stm32cubeide_1.6.0/stm32cubeide/plugins/com.st.stm32cube.ide.mcu.externaltools.gnu-tools-for-stm32.9-2020-q2-update.win32_2.0.0.202105311346/tools/bin/../lib/gcc/arm-none-eabi/9.3.1/thumb/v7e-m+fp/hard/crtbegin.o

.preinit_array  0x0000000008006a38        0x0
                0x0000000008006a38                . = ALIGN (0x4)
                0x0000000008006a38                PROVIDE (__preinit_array_start = .)
 *(.preinit_array*)
                0x0000000008006a38                PROVIDE (__preinit_array_end = .)
                0x0000000008006a38                . = ALIGN (0x4)

.init_array     0x0000000008006a38        0x4
                0x0000000008006a38                . = ALIGN (0x4)
                0x0000000008006a38                PROVIDE (__init_array_start = .)
 *(SORT_BY_NAME(.init_array.*))
 *(.init_array*)
 .init_array    0x0000000008006a38        0x4 d:/stm32cubeide/stm32cubeide_1.6.0/stm32cubeide/plugins/com.st.stm32cube.ide.mcu.externaltools.gnu-tools-for-stm32.9-2020-q2-update.win32_2.0.0.202105311346/tools/bin/../lib/gcc/arm-none-eabi/9.3.1/thumb/v7e-m+fp/hard/crtbegin.o
                0x0000000008006a3c                PROVIDE (__init_array_end = .)
                0x0000000008006a3c                . = ALIGN (0x4)

.fini_array     0x0000000008006a3c        0x4
                0x0000000008006a3c                . = ALIGN (0x4)
                [!provide]                        PROVIDE (__fini_array_start = .)
 *(SORT_BY_NAME(.fini_array.*))
 *(.fini_array*)
 .fini_array    0x0000000008006a3c        0x4 d:/stm32cubeide/stm32cubeide_1.6.0/stm32cubeide/plugins/com.st.stm32cube.ide.mcu.externaltools.gnu-tools-for-stm32.9-2020-q2-update.win32_2.0.0.202105311346/tools/bin/../lib/gcc/arm-none-eabi/9.3.1/thumb/v7e-m+fp/hard/crtbegin.o
                [!provide]                        PROVIDE (__fini_array_end = .)
                0x0000000008006a40                . = ALIGN (0x4)
                0x0000000008006a40                _sidata = LOADADDR (.data)

.data           0x0000000020000000        0xc load address 0x0000000008006a40
                0x0000000020000000                . = ALIGN (0x4)
                0x0000000020000000                _sdata = .
 *(.data)
 *(.data*)
 .data.SystemCoreClock
                0x0000000020000000        0x4 ./Core/Src/system_stm32f7xx.o
                0x0000000020000000                SystemCoreClock
 .data.uwTickPrio
                0x0000000020000004        0x4 ./Drivers/STM32F7xx_HAL_Driver/Src/stm32f7xx_hal.o
                0x0000000020000004                uwTickPrio
 .data.uwTickFreq
                0x0000000020000008        0x1 ./Drivers/STM32F7xx_HAL_Driver/Src/stm32f7xx_hal.o
                0x0000000020000008                uwTickFreq
 *(.RamFunc)
 *(.RamFunc*)
                0x000000002000000c                . = ALIGN (0x4)
 *fill*         0x0000000020000009        0x3 
                0x000000002000000c                _edata = .

.igot.plt       0x000000002000000c        0x0 load address 0x0000000008006a4c
 .igot.plt      0x000000002000000c        0x0 d:/stm32cubeide/stm32cubeide_1.6.0/stm32cubeide/plugins/com.st.stm32cube.ide.mcu.externaltools.gnu-tools-for-stm32.9-2020-q2-update.win32_2.0.0.202105311346/tools/bin/../lib/gcc/arm-none-eabi/9.3.1/thumb/v7e-m+fp/hard/crtbegin.o
                0x000000002000000c                . = ALIGN (0x4)

.bss            0x000000002000000c      0x2e0 load address 0x0000000008006a4c
                0x000000002000000c                _sbss = .
                0x000000002000000c                __bss_start__ = _sbss
 *(.bss)
 .bss           0x000000002000000c       0x1c d:/stm32cubeide/stm32cubeide_1.6.0/stm32cubeide/plugins/com.st.stm32cube.ide.mcu.externaltools.gnu-tools-for-stm32.9-2020-q2-update.win32_2.0.0.202105311346/tools/bin/../lib/gcc/arm-none-eabi/9.3.1/thumb/v7e-m+fp/hard/crtbegin.o
 *(.bss*)
 .bss._bat1timerfunc
                0x0000000020000028        0x1 ./Core/Src/main.o
                0x0000000020000028                _bat1timerfunc
 .bss._bat1_15min_wait_over
                0x0000000020000029        0x1 ./Core/Src/main.o
                0x0000000020000029                _bat1_15min_wait_over
 .bss._bat1_counter_var
                0x000000002000002a        0x2 ./Core/Src/main.o
                0x000000002000002a                _bat1_counter_var
 .bss.bat1_state
                0x000000002000002c        0x1 ./Core/Src/main.o
                0x000000002000002c                bat1_state
 .bss.Autotestflag
                0x000000002000002d        0x1 ./Core/Src/main.o
                0x000000002000002d                Autotestflag
 .bss.BAT_1_MAINTENANCE_FLAG
                0x000000002000002e        0x1 ./Core/Src/main.o
                0x000000002000002e                BAT_1_MAINTENANCE_FLAG
 .bss.BAT_1_MAINT_GENERAL_INFO_FLAG
                0x000000002000002f        0x1 ./Core/Src/main.o
                0x000000002000002f                BAT_1_MAINT_GENERAL_INFO_FLAG
 .bss.bat1_geninfo_cycle_counter
                0x0000000020000030        0x2 ./Core/Src/main.o
                0x0000000020000030                bat1_geninfo_cycle_counter
 .bss.bat1_geninfo_asoc_counter
                0x0000000020000032        0x2 ./Core/Src/main.o
                0x0000000020000032                bat1_geninfo_asoc_counter
 .bss.bat1_geninfo_remainingcapacity_counter
                0x0000000020000034        0x2 ./Core/Src/main.o
                0x0000000020000034                bat1_geninfo_remainingcapacity_counter
 .bss.bat1_geninfo_voltage_counter
                0x0000000020000036        0x2 ./Core/Src/main.o
                0x0000000020000036                bat1_geninfo_voltage_counter
 .bss.bat1_geninfo_temperature_counter
                0x0000000020000038        0x2 ./Core/Src/main.o
                0x0000000020000038                bat1_geninfo_temperature_counter
 .bss.bat1_geninfo_batterystatus_counter
                0x000000002000003a        0x2 ./Core/Src/main.o
                0x000000002000003a                bat1_geninfo_batterystatus_counter
 .bss.bat1_geninfo_current_counter
                0x000000002000003c        0x2 ./Core/Src/main.o
                0x000000002000003c                bat1_geninfo_current_counter
 .bss.bat1_geninfo_cycle_flag
                0x000000002000003e        0x1 ./Core/Src/main.o
                0x000000002000003e                bat1_geninfo_cycle_flag
 .bss.bat1_geninfo_asoc_flag
                0x000000002000003f        0x1 ./Core/Src/main.o
                0x000000002000003f                bat1_geninfo_asoc_flag
 .bss.bat1_geninfo_remainingcapacity_flag
                0x0000000020000040        0x1 ./Core/Src/main.o
                0x0000000020000040                bat1_geninfo_remainingcapacity_flag
 .bss.bat1_geninfo_voltage_flag
                0x0000000020000041        0x1 ./Core/Src/main.o
                0x0000000020000041                bat1_geninfo_voltage_flag
 .bss.bat1_geninfo_temperature_flag
                0x0000000020000042        0x1 ./Core/Src/main.o
                0x0000000020000042                bat1_geninfo_temperature_flag
 .bss.bat1_geninfo_batterystatus_flag
                0x0000000020000043        0x1 ./Core/Src/main.o
                0x0000000020000043                bat1_geninfo_batterystatus_flag
 .bss.bat1_geninfo_current_flag
                0x0000000020000044        0x1 ./Core/Src/main.o
                0x0000000020000044                bat1_geninfo_current_flag
 .bss.update_maintenance_info_flag
                0x0000000020000045        0x1 ./Core/Src/main.o
                0x0000000020000045                update_maintenance_info_flag
 .bss._bat2timerfunc
                0x0000000020000046        0x1 ./Core/Src/main.o
                0x0000000020000046                _bat2timerfunc
 .bss._bat2_15min_wait_over
                0x0000000020000047        0x1 ./Core/Src/main.o
                0x0000000020000047                _bat2_15min_wait_over
 .bss._bat2_counter_var
                0x0000000020000048        0x2 ./Core/Src/main.o
                0x0000000020000048                _bat2_counter_var
 .bss.bat2_state
                0x000000002000004a        0x1 ./Core/Src/main.o
                0x000000002000004a                bat2_state
 .bss.bat2charge
                0x000000002000004b        0x1 ./Core/Src/main.o
                0x000000002000004b                bat2charge
 .bss.bat2discharge
                0x000000002000004c        0x1 ./Core/Src/main.o
                0x000000002000004c                bat2discharge
 .bss.Bat2_Maint_Autotestflag
                0x000000002000004d        0x1 ./Core/Src/main.o
                0x000000002000004d                Bat2_Maint_Autotestflag
 .bss.BAT_2_MAINTENANCE_FLAG
                0x000000002000004e        0x1 ./Core/Src/main.o
                0x000000002000004e                BAT_2_MAINTENANCE_FLAG
 .bss.BAT_2_MAINT_GENERAL_INFO_FLAG
                0x000000002000004f        0x1 ./Core/Src/main.o
                0x000000002000004f                BAT_2_MAINT_GENERAL_INFO_FLAG
 .bss.bat2_geninfo_cycle_counter
                0x0000000020000050        0x2 ./Core/Src/main.o
                0x0000000020000050                bat2_geninfo_cycle_counter
 .bss.bat2_geninfo_asoc_counter
                0x0000000020000052        0x2 ./Core/Src/main.o
                0x0000000020000052                bat2_geninfo_asoc_counter
 .bss.bat2_geninfo_remainingcapacity_counter
                0x0000000020000054        0x2 ./Core/Src/main.o
                0x0000000020000054                bat2_geninfo_remainingcapacity_counter
 .bss.bat2_geninfo_voltage_counter
                0x0000000020000056        0x2 ./Core/Src/main.o
                0x0000000020000056                bat2_geninfo_voltage_counter
 .bss.bat2_geninfo_temperature_counter
                0x0000000020000058        0x2 ./Core/Src/main.o
                0x0000000020000058                bat2_geninfo_temperature_counter
 .bss.bat2_geninfo_batterystatus_counter
                0x000000002000005a        0x2 ./Core/Src/main.o
                0x000000002000005a                bat2_geninfo_batterystatus_counter
 .bss.bat2_geninfo_current_counter
                0x000000002000005c        0x2 ./Core/Src/main.o
                0x000000002000005c                bat2_geninfo_current_counter
 .bss.bat2_geninfo_cycle_flag
                0x000000002000005e        0x1 ./Core/Src/main.o
                0x000000002000005e                bat2_geninfo_cycle_flag
 .bss.bat2_geninfo_asoc_flag
                0x000000002000005f        0x1 ./Core/Src/main.o
                0x000000002000005f                bat2_geninfo_asoc_flag
 .bss.bat2_geninfo_remainingcapacity_flag
                0x0000000020000060        0x1 ./Core/Src/main.o
                0x0000000020000060                bat2_geninfo_remainingcapacity_flag
 .bss.bat2_geninfo_voltage_flag
                0x0000000020000061        0x1 ./Core/Src/main.o
                0x0000000020000061                bat2_geninfo_voltage_flag
 .bss.bat2_geninfo_temperature_flag
                0x0000000020000062        0x1 ./Core/Src/main.o
                0x0000000020000062                bat2_geninfo_temperature_flag
 .bss.bat2_geninfo_batterystatus_flag
                0x0000000020000063        0x1 ./Core/Src/main.o
                0x0000000020000063                bat2_geninfo_batterystatus_flag
 .bss.bat2_geninfo_current_flag
                0x0000000020000064        0x1 ./Core/Src/main.o
                0x0000000020000064                bat2_geninfo_current_flag
 *(COMMON)
 *fill*         0x0000000020000065        0x3 
 COMMON         0x0000000020000068        0xe ./Core/Src/Bat2_Update_Info_during_Maintenance.o
                0x0000000020000068                transmit_info_to_be_updated_bat2_maint
 *fill*         0x0000000020000076        0x2 
 COMMON         0x0000000020000078       0x84 ./Core/Src/SubStatemachine_bat1_Maintenance.o
                0x0000000020000078                huart2
 COMMON         0x00000000200000fc      0x1ec ./Core/Src/main.o
                0x00000000200000fc                BAT2_MAINT_STATE
                0x0000000020000100                hi2c3
                0x000000002000014c                htim4
                0x0000000020000198                tx_init
                0x00000000200001a6                BAT_1_ASOC_MAINTENANCE
                0x00000000200001a8                hi2c1
                0x00000000200001f4                hi2c2
                0x0000000020000240                BAT_2_ASOC_MAINTENANCE
                0x0000000020000244                BAT1_MAINT_STATE
                0x0000000020000248                htim3
                0x0000000020000294                rx_buffer
                0x0000000020000298                BAT2_VOLTAGE_MAINTENANCE
                0x000000002000029a                BAT1_VOLTAGE_MAINTENANCE
                0x000000002000029c                htim2
 COMMON         0x00000000200002e8        0x4 ./Drivers/STM32F7xx_HAL_Driver/Src/stm32f7xx_hal.o
                0x00000000200002e8                uwTick
                0x00000000200002ec                . = ALIGN (0x4)
                0x00000000200002ec                _ebss = .
                0x00000000200002ec                __bss_end__ = _ebss

._user_heap_stack
                0x00000000200002ec      0x604 load address 0x0000000008006a4c
                0x00000000200002f0                . = ALIGN (0x8)
 *fill*         0x00000000200002ec        0x4 
                [!provide]                        PROVIDE (end = .)
                0x00000000200002f0                PROVIDE (_end = .)
                0x00000000200004f0                . = (. + _Min_Heap_Size)
 *fill*         0x00000000200002f0      0x200 
                0x00000000200008f0                . = (. + _Min_Stack_Size)
 *fill*         0x00000000200004f0      0x400 
                0x00000000200008f0                . = ALIGN (0x8)

/DISCARD/
 libc.a(*)
 libm.a(*)
 libgcc.a(*)

.ARM.attributes
                0x0000000000000000       0x30
 *(.ARM.attributes)
 .ARM.attributes
                0x0000000000000000       0x1e d:/stm32cubeide/stm32cubeide_1.6.0/stm32cubeide/plugins/com.st.stm32cube.ide.mcu.externaltools.gnu-tools-for-stm32.9-2020-q2-update.win32_2.0.0.202105311346/tools/bin/../lib/gcc/arm-none-eabi/9.3.1/thumb/v7e-m+fp/hard/crti.o
 .ARM.attributes
                0x000000000000001e       0x34 d:/stm32cubeide/stm32cubeide_1.6.0/stm32cubeide/plugins/com.st.stm32cube.ide.mcu.externaltools.gnu-tools-for-stm32.9-2020-q2-update.win32_2.0.0.202105311346/tools/bin/../lib/gcc/arm-none-eabi/9.3.1/thumb/v7e-m+fp/hard/crtbegin.o
 .ARM.attributes
                0x0000000000000052       0x34 ./Core/Src/Bat1_Update_Info_during_Maintenance.o
 .ARM.attributes
                0x0000000000000086       0x34 ./Core/Src/Bat2_Update_Info_during_Maintenance.o
 .ARM.attributes
                0x00000000000000ba       0x34 ./Core/Src/Commands_from_Raspi_To_STM32.o
 .ARM.attributes
                0x00000000000000ee       0x34 ./Core/Src/Handle_Gpio_pins.o
 .ARM.attributes
                0x0000000000000122       0x34 ./Core/Src/SubStatemachine_bat1_Maintenance.o
 .ARM.attributes
                0x0000000000000156       0x34 ./Core/Src/Timer_function.o
 .ARM.attributes
                0x000000000000018a       0x34 ./Core/Src/main.o
 .ARM.attributes
                0x00000000000001be       0x34 ./Core/Src/stm32f7xx_hal_msp.o
 .ARM.attributes
                0x00000000000001f2       0x34 ./Core/Src/stm32f7xx_it.o
 .ARM.attributes
                0x0000000000000226       0x34 ./Core/Src/system_stm32f7xx.o
 .ARM.attributes
                0x000000000000025a       0x21 ./Core/Startup/startup_stm32f746zgtx.o
 .ARM.attributes
                0x000000000000027b       0x34 ./Drivers/STM32F7xx_HAL_Driver/Src/stm32f7xx_hal.o
 .ARM.attributes
                0x00000000000002af       0x34 ./Drivers/STM32F7xx_HAL_Driver/Src/stm32f7xx_hal_cortex.o
 .ARM.attributes
                0x00000000000002e3       0x34 ./Drivers/STM32F7xx_HAL_Driver/Src/stm32f7xx_hal_dma.o
 .ARM.attributes
                0x0000000000000317       0x34 ./Drivers/STM32F7xx_HAL_Driver/Src/stm32f7xx_hal_gpio.o
 .ARM.attributes
                0x000000000000034b       0x34 ./Drivers/STM32F7xx_HAL_Driver/Src/stm32f7xx_hal_i2c.o
 .ARM.attributes
                0x000000000000037f       0x34 ./Drivers/STM32F7xx_HAL_Driver/Src/stm32f7xx_hal_i2c_ex.o
 .ARM.attributes
                0x00000000000003b3       0x34 ./Drivers/STM32F7xx_HAL_Driver/Src/stm32f7xx_hal_rcc.o
 .ARM.attributes
                0x00000000000003e7       0x34 ./Drivers/STM32F7xx_HAL_Driver/Src/stm32f7xx_hal_rcc_ex.o
 .ARM.attributes
                0x000000000000041b       0x34 ./Drivers/STM32F7xx_HAL_Driver/Src/stm32f7xx_hal_tim.o
 .ARM.attributes
                0x000000000000044f       0x34 ./Drivers/STM32F7xx_HAL_Driver/Src/stm32f7xx_hal_tim_ex.o
 .ARM.attributes
                0x0000000000000483       0x34 ./Drivers/STM32F7xx_HAL_Driver/Src/stm32f7xx_hal_uart.o
 .ARM.attributes
                0x00000000000004b7       0x34 d:/stm32cubeide/stm32cubeide_1.6.0/stm32cubeide/plugins/com.st.stm32cube.ide.mcu.externaltools.gnu-tools-for-stm32.9-2020-q2-update.win32_2.0.0.202105311346/tools/bin/../lib/gcc/arm-none-eabi/9.3.1/../../../../arm-none-eabi/lib/thumb/v7e-m+fp/hard\libc_nano.a(lib_a-init.o)
 .ARM.attributes
                0x00000000000004eb       0x34 d:/stm32cubeide/stm32cubeide_1.6.0/stm32cubeide/plugins/com.st.stm32cube.ide.mcu.externaltools.gnu-tools-for-stm32.9-2020-q2-update.win32_2.0.0.202105311346/tools/bin/../lib/gcc/arm-none-eabi/9.3.1/../../../../arm-none-eabi/lib/thumb/v7e-m+fp/hard\libc_nano.a(lib_a-memset.o)
 .ARM.attributes
                0x000000000000051f       0x1e d:/stm32cubeide/stm32cubeide_1.6.0/stm32cubeide/plugins/com.st.stm32cube.ide.mcu.externaltools.gnu-tools-for-stm32.9-2020-q2-update.win32_2.0.0.202105311346/tools/bin/../lib/gcc/arm-none-eabi/9.3.1/thumb/v7e-m+fp/hard\libgcc.a(_aeabi_uldivmod.o)
 .ARM.attributes
                0x000000000000053d       0x34 d:/stm32cubeide/stm32cubeide_1.6.0/stm32cubeide/plugins/com.st.stm32cube.ide.mcu.externaltools.gnu-tools-for-stm32.9-2020-q2-update.win32_2.0.0.202105311346/tools/bin/../lib/gcc/arm-none-eabi/9.3.1/thumb/v7e-m+fp/hard\libgcc.a(_udivmoddi4.o)
 .ARM.attributes
                0x0000000000000571       0x1e d:/stm32cubeide/stm32cubeide_1.6.0/stm32cubeide/plugins/com.st.stm32cube.ide.mcu.externaltools.gnu-tools-for-stm32.9-2020-q2-update.win32_2.0.0.202105311346/tools/bin/../lib/gcc/arm-none-eabi/9.3.1/thumb/v7e-m+fp/hard\libgcc.a(_dvmd_tls.o)
 .ARM.attributes
                0x000000000000058f       0x1e d:/stm32cubeide/stm32cubeide_1.6.0/stm32cubeide/plugins/com.st.stm32cube.ide.mcu.externaltools.gnu-tools-for-stm32.9-2020-q2-update.win32_2.0.0.202105311346/tools/bin/../lib/gcc/arm-none-eabi/9.3.1/thumb/v7e-m+fp/hard/crtn.o
OUTPUT(Maint_bat_2_3_combined.elf elf32-littlearm)
LOAD linker stubs
LOAD d:/stm32cubeide/stm32cubeide_1.6.0/stm32cubeide/plugins/com.st.stm32cube.ide.mcu.externaltools.gnu-tools-for-stm32.9-2020-q2-update.win32_2.0.0.202105311346/tools/bin/../lib/gcc/arm-none-eabi/9.3.1/../../../../arm-none-eabi/lib/thumb/v7e-m+fp/hard\libc.a
LOAD d:/stm32cubeide/stm32cubeide_1.6.0/stm32cubeide/plugins/com.st.stm32cube.ide.mcu.externaltools.gnu-tools-for-stm32.9-2020-q2-update.win32_2.0.0.202105311346/tools/bin/../lib/gcc/arm-none-eabi/9.3.1/../../../../arm-none-eabi/lib/thumb/v7e-m+fp/hard\libm.a
LOAD d:/stm32cubeide/stm32cubeide_1.6.0/stm32cubeide/plugins/com.st.stm32cube.ide.mcu.externaltools.gnu-tools-for-stm32.9-2020-q2-update.win32_2.0.0.202105311346/tools/bin/../lib/gcc/arm-none-eabi/9.3.1/thumb/v7e-m+fp/hard\libgcc.a

.debug_info     0x0000000000000000    0x1631e
 .debug_info    0x0000000000000000     0x1594 ./Core/Src/Bat1_Update_Info_during_Maintenance.o
 .debug_info    0x0000000000001594      0xce2 ./Core/Src/Bat2_Update_Info_during_Maintenance.o
 .debug_info    0x0000000000002276      0x1e5 ./Core/Src/Commands_from_Raspi_To_STM32.o
 .debug_info    0x000000000000245b      0x2b9 ./Core/Src/Handle_Gpio_pins.o
 .debug_info    0x0000000000002714     0x19b3 ./Core/Src/SubStatemachine_bat1_Maintenance.o
 .debug_info    0x00000000000040c7      0x21d ./Core/Src/Timer_function.o
 .debug_info    0x00000000000042e4     0x2a45 ./Core/Src/main.o
 .debug_info    0x0000000000006d29     0x16ad ./Core/Src/stm32f7xx_hal_msp.o
 .debug_info    0x00000000000083d6     0x1023 ./Core/Src/stm32f7xx_it.o
 .debug_info    0x00000000000093f9      0x7ad ./Core/Src/system_stm32f7xx.o
 .debug_info    0x0000000000009ba6       0x22 ./Core/Startup/startup_stm32f746zgtx.o
 .debug_info    0x0000000000009bc8      0xa42 ./Drivers/STM32F7xx_HAL_Driver/Src/stm32f7xx_hal.o
 .debug_info    0x000000000000a60a     0x1116 ./Drivers/STM32F7xx_HAL_Driver/Src/stm32f7xx_hal_cortex.o
 .debug_info    0x000000000000b720      0x9f1 ./Drivers/STM32F7xx_HAL_Driver/Src/stm32f7xx_hal_dma.o
 .debug_info    0x000000000000c111      0x868 ./Drivers/STM32F7xx_HAL_Driver/Src/stm32f7xx_hal_gpio.o
 .debug_info    0x000000000000c979     0x221e ./Drivers/STM32F7xx_HAL_Driver/Src/stm32f7xx_hal_i2c.o
 .debug_info    0x000000000000eb97      0xa8e ./Drivers/STM32F7xx_HAL_Driver/Src/stm32f7xx_hal_i2c_ex.o
 .debug_info    0x000000000000f625      0x9cc ./Drivers/STM32F7xx_HAL_Driver/Src/stm32f7xx_hal_rcc.o
 .debug_info    0x000000000000fff1      0x82c ./Drivers/STM32F7xx_HAL_Driver/Src/stm32f7xx_hal_rcc_ex.o
 .debug_info    0x000000000001081d     0x2bad ./Drivers/STM32F7xx_HAL_Driver/Src/stm32f7xx_hal_tim.o
 .debug_info    0x00000000000133ca     0x1608 ./Drivers/STM32F7xx_HAL_Driver/Src/stm32f7xx_hal_tim_ex.o
 .debug_info    0x00000000000149d2     0x194c ./Drivers/STM32F7xx_HAL_Driver/Src/stm32f7xx_hal_uart.o

.debug_abbrev   0x0000000000000000     0x29bd
 .debug_abbrev  0x0000000000000000      0x24e ./Core/Src/Bat1_Update_Info_during_Maintenance.o
 .debug_abbrev  0x000000000000024e      0x1dc ./Core/Src/Bat2_Update_Info_during_Maintenance.o
 .debug_abbrev  0x000000000000042a       0xb6 ./Core/Src/Commands_from_Raspi_To_STM32.o
 .debug_abbrev  0x00000000000004e0       0xf6 ./Core/Src/Handle_Gpio_pins.o
 .debug_abbrev  0x00000000000005d6      0x1ea ./Core/Src/SubStatemachine_bat1_Maintenance.o
 .debug_abbrev  0x00000000000007c0       0xb6 ./Core/Src/Timer_function.o
 .debug_abbrev  0x0000000000000876      0x386 ./Core/Src/main.o
 .debug_abbrev  0x0000000000000bfc      0x211 ./Core/Src/stm32f7xx_hal_msp.o
 .debug_abbrev  0x0000000000000e0d      0x19b ./Core/Src/stm32f7xx_it.o
 .debug_abbrev  0x0000000000000fa8      0x165 ./Core/Src/system_stm32f7xx.o
 .debug_abbrev  0x000000000000110d       0x12 ./Core/Startup/startup_stm32f746zgtx.o
 .debug_abbrev  0x000000000000111f      0x1ed ./Drivers/STM32F7xx_HAL_Driver/Src/stm32f7xx_hal.o
 .debug_abbrev  0x000000000000130c      0x33c ./Drivers/STM32F7xx_HAL_Driver/Src/stm32f7xx_hal_cortex.o
 .debug_abbrev  0x0000000000001648      0x259 ./Drivers/STM32F7xx_HAL_Driver/Src/stm32f7xx_hal_dma.o
 .debug_abbrev  0x00000000000018a1      0x1f1 ./Drivers/STM32F7xx_HAL_Driver/Src/stm32f7xx_hal_gpio.o
 .debug_abbrev  0x0000000000001a92      0x256 ./Drivers/STM32F7xx_HAL_Driver/Src/stm32f7xx_hal_i2c.o
 .debug_abbrev  0x0000000000001ce8      0x1bb ./Drivers/STM32F7xx_HAL_Driver/Src/stm32f7xx_hal_i2c_ex.o
 .debug_abbrev  0x0000000000001ea3      0x246 ./Drivers/STM32F7xx_HAL_Driver/Src/stm32f7xx_hal_rcc.o
 .debug_abbrev  0x00000000000020e9      0x1d1 ./Drivers/STM32F7xx_HAL_Driver/Src/stm32f7xx_hal_rcc_ex.o
 .debug_abbrev  0x00000000000022ba      0x25e ./Drivers/STM32F7xx_HAL_Driver/Src/stm32f7xx_hal_tim.o
 .debug_abbrev  0x0000000000002518      0x266 ./Drivers/STM32F7xx_HAL_Driver/Src/stm32f7xx_hal_tim_ex.o
 .debug_abbrev  0x000000000000277e      0x23f ./Drivers/STM32F7xx_HAL_Driver/Src/stm32f7xx_hal_uart.o

.debug_aranges  0x0000000000000000     0x1120
 .debug_aranges
                0x0000000000000000       0x50 ./Core/Src/Bat1_Update_Info_during_Maintenance.o
 .debug_aranges
                0x0000000000000050       0x50 ./Core/Src/Bat2_Update_Info_during_Maintenance.o
 .debug_aranges
                0x00000000000000a0       0x20 ./Core/Src/Commands_from_Raspi_To_STM32.o
 .debug_aranges
                0x00000000000000c0       0x28 ./Core/Src/Handle_Gpio_pins.o
 .debug_aranges
                0x00000000000000e8       0x20 ./Core/Src/SubStatemachine_bat1_Maintenance.o
 .debug_aranges
                0x0000000000000108       0x20 ./Core/Src/Timer_function.o
 .debug_aranges
                0x0000000000000128       0x90 ./Core/Src/main.o
 .debug_aranges
                0x00000000000001b8       0x50 ./Core/Src/stm32f7xx_hal_msp.o
 .debug_aranges
                0x0000000000000208       0xa8 ./Core/Src/stm32f7xx_it.o
 .debug_aranges
                0x00000000000002b0       0x28 ./Core/Src/system_stm32f7xx.o
 .debug_aranges
                0x00000000000002d8       0x28 ./Core/Startup/startup_stm32f746zgtx.o
 .debug_aranges
                0x0000000000000300      0x100 ./Drivers/STM32F7xx_HAL_Driver/Src/stm32f7xx_hal.o
 .debug_aranges
                0x0000000000000400      0x118 ./Drivers/STM32F7xx_HAL_Driver/Src/stm32f7xx_hal_cortex.o
 .debug_aranges
                0x0000000000000518       0x90 ./Drivers/STM32F7xx_HAL_Driver/Src/stm32f7xx_hal_dma.o
 .debug_aranges
                0x00000000000005a8       0x58 ./Drivers/STM32F7xx_HAL_Driver/Src/stm32f7xx_hal_gpio.o
 .debug_aranges
                0x0000000000000600      0x290 ./Drivers/STM32F7xx_HAL_Driver/Src/stm32f7xx_hal_i2c.o
 .debug_aranges
                0x0000000000000890       0x38 ./Drivers/STM32F7xx_HAL_Driver/Src/stm32f7xx_hal_i2c_ex.o
 .debug_aranges
                0x00000000000008c8       0x88 ./Drivers/STM32F7xx_HAL_Driver/Src/stm32f7xx_hal_rcc.o
 .debug_aranges
                0x0000000000000950       0x50 ./Drivers/STM32F7xx_HAL_Driver/Src/stm32f7xx_hal_rcc_ex.o
 .debug_aranges
                0x00000000000009a0      0x3e0 ./Drivers/STM32F7xx_HAL_Driver/Src/stm32f7xx_hal_tim.o
 .debug_aranges
                0x0000000000000d80      0x178 ./Drivers/STM32F7xx_HAL_Driver/Src/stm32f7xx_hal_tim_ex.o
 .debug_aranges
                0x0000000000000ef8      0x228 ./Drivers/STM32F7xx_HAL_Driver/Src/stm32f7xx_hal_uart.o

.debug_ranges   0x0000000000000000      0xff8
 .debug_ranges  0x0000000000000000       0x40 ./Core/Src/Bat1_Update_Info_during_Maintenance.o
 .debug_ranges  0x0000000000000040       0x40 ./Core/Src/Bat2_Update_Info_during_Maintenance.o
 .debug_ranges  0x0000000000000080       0x10 ./Core/Src/Commands_from_Raspi_To_STM32.o
 .debug_ranges  0x0000000000000090       0x18 ./Core/Src/Handle_Gpio_pins.o
 .debug_ranges  0x00000000000000a8       0x10 ./Core/Src/SubStatemachine_bat1_Maintenance.o
 .debug_ranges  0x00000000000000b8       0x10 ./Core/Src/Timer_function.o
 .debug_ranges  0x00000000000000c8       0x80 ./Core/Src/main.o
 .debug_ranges  0x0000000000000148       0x40 ./Core/Src/stm32f7xx_hal_msp.o
 .debug_ranges  0x0000000000000188       0x98 ./Core/Src/stm32f7xx_it.o
 .debug_ranges  0x0000000000000220       0x18 ./Core/Src/system_stm32f7xx.o
 .debug_ranges  0x0000000000000238       0x20 ./Core/Startup/startup_stm32f746zgtx.o
 .debug_ranges  0x0000000000000258       0xf0 ./Drivers/STM32F7xx_HAL_Driver/Src/stm32f7xx_hal.o
 .debug_ranges  0x0000000000000348      0x108 ./Drivers/STM32F7xx_HAL_Driver/Src/stm32f7xx_hal_cortex.o
 .debug_ranges  0x0000000000000450       0x80 ./Drivers/STM32F7xx_HAL_Driver/Src/stm32f7xx_hal_dma.o
 .debug_ranges  0x00000000000004d0       0x48 ./Drivers/STM32F7xx_HAL_Driver/Src/stm32f7xx_hal_gpio.o
 .debug_ranges  0x0000000000000518      0x280 ./Drivers/STM32F7xx_HAL_Driver/Src/stm32f7xx_hal_i2c.o
 .debug_ranges  0x0000000000000798       0x28 ./Drivers/STM32F7xx_HAL_Driver/Src/stm32f7xx_hal_i2c_ex.o
 .debug_ranges  0x00000000000007c0       0x78 ./Drivers/STM32F7xx_HAL_Driver/Src/stm32f7xx_hal_rcc.o
 .debug_ranges  0x0000000000000838       0x40 ./Drivers/STM32F7xx_HAL_Driver/Src/stm32f7xx_hal_rcc_ex.o
 .debug_ranges  0x0000000000000878      0x3d0 ./Drivers/STM32F7xx_HAL_Driver/Src/stm32f7xx_hal_tim.o
 .debug_ranges  0x0000000000000c48      0x168 ./Drivers/STM32F7xx_HAL_Driver/Src/stm32f7xx_hal_tim_ex.o
 .debug_ranges  0x0000000000000db0      0x248 ./Drivers/STM32F7xx_HAL_Driver/Src/stm32f7xx_hal_uart.o

.debug_macro    0x0000000000000000     0x3a61
 .debug_macro   0x0000000000000000      0x389 ./Core/Src/Bat1_Update_Info_during_Maintenance.o
 .debug_macro   0x0000000000000389       0x22 ./Core/Src/Bat1_Update_Info_during_Maintenance.o
 .debug_macro   0x00000000000003ab       0x52 ./Core/Src/Bat1_Update_Info_during_Maintenance.o
 .debug_macro   0x00000000000003fd       0x18 ./Core/Src/Bat1_Update_Info_during_Maintenance.o
 .debug_macro   0x0000000000000415       0x3c ./Core/Src/Bat1_Update_Info_during_Maintenance.o
 .debug_macro   0x0000000000000451       0x34 ./Core/Src/Bat1_Update_Info_during_Maintenance.o
 .debug_macro   0x0000000000000485       0x16 ./Core/Src/Bat1_Update_Info_during_Maintenance.o
 .debug_macro   0x000000000000049b       0x35 ./Core/Src/Bat1_Update_Info_during_Maintenance.o
 .debug_macro   0x00000000000004d0      0x333 ./Core/Src/Bat1_Update_Info_during_Maintenance.o
 .debug_macro   0x0000000000000803       0x10 ./Core/Src/Bat1_Update_Info_during_Maintenance.o
 .debug_macro   0x0000000000000813       0x16 ./Core/Src/Bat1_Update_Info_during_Maintenance.o
 .debug_macro   0x0000000000000829       0x43 ./Core/Src/Bat1_Update_Info_during_Maintenance.o
 .debug_macro   0x000000000000086c       0x34 ./Core/Src/Bat1_Update_Info_during_Maintenance.o
 .debug_macro   0x00000000000008a0       0x10 ./Core/Src/Bat1_Update_Info_during_Maintenance.o
 .debug_macro   0x00000000000008b0       0x58 ./Core/Src/Bat1_Update_Info_during_Maintenance.o
 .debug_macro   0x0000000000000908       0x71 ./Core/Src/Bat1_Update_Info_during_Maintenance.o
 .debug_macro   0x0000000000000979       0x1c ./Core/Src/Bat1_Update_Info_during_Maintenance.o
 .debug_macro   0x0000000000000995      0x12a ./Core/Src/Bat1_Update_Info_during_Maintenance.o
 .debug_macro   0x0000000000000abf       0x10 ./Core/Src/Bat1_Update_Info_during_Maintenance.o
 .debug_macro   0x0000000000000acf       0x1c ./Core/Src/Bat1_Update_Info_during_Maintenance.o
 .debug_macro   0x0000000000000aeb       0x52 ./Core/Src/Bat1_Update_Info_during_Maintenance.o
 .debug_macro   0x0000000000000b3d       0x22 ./Core/Src/Bat1_Update_Info_during_Maintenance.o
 .debug_macro   0x0000000000000b5f       0x10 ./Core/Src/Bat1_Update_Info_during_Maintenance.o
 .debug_macro   0x0000000000000b6f       0x40 ./Core/Src/Bat1_Update_Info_during_Maintenance.o
 .debug_macro   0x0000000000000baf       0xd5 ./Core/Src/Bat1_Update_Info_during_Maintenance.o
 .debug_macro   0x0000000000000c84       0x1c ./Core/Src/Bat1_Update_Info_during_Maintenance.o
 .debug_macro   0x0000000000000ca0       0x3d ./Core/Src/Bat1_Update_Info_during_Maintenance.o
 .debug_macro   0x0000000000000cdd       0x16 ./Core/Src/Bat1_Update_Info_during_Maintenance.o
 .debug_macro   0x0000000000000cf3      0x145 ./Core/Src/Bat1_Update_Info_during_Maintenance.o
 .debug_macro   0x0000000000000e38       0x16 ./Core/Src/Bat1_Update_Info_during_Maintenance.o
 .debug_macro   0x0000000000000e4e       0x20 ./Core/Src/Bat1_Update_Info_during_Maintenance.o
 .debug_macro   0x0000000000000e6e      0x1f6 ./Core/Src/Bat2_Update_Info_during_Maintenance.o
 .debug_macro   0x0000000000001064      0x1ec ./Core/Src/Commands_from_Raspi_To_STM32.o
 .debug_macro   0x0000000000001250      0x1f6 ./Core/Src/Handle_Gpio_pins.o
 .debug_macro   0x0000000000001446      0x3e2 ./Core/Src/SubStatemachine_bat1_Maintenance.o
 .debug_macro   0x0000000000001828       0x16 ./Core/Src/SubStatemachine_bat1_Maintenance.o
 .debug_macro   0x000000000000183e      0x1f6 ./Core/Src/Timer_function.o
 .debug_macro   0x0000000000001a34      0x424 ./Core/Src/main.o
 .debug_macro   0x0000000000001e58       0x10 ./Core/Src/main.o
 .debug_macro   0x0000000000001e68      0x1f2 ./Core/Src/stm32f7xx_hal_msp.o
 .debug_macro   0x000000000000205a      0x1fc ./Core/Src/stm32f7xx_it.o
 .debug_macro   0x0000000000002256      0x1e3 ./Core/Src/system_stm32f7xx.o
 .debug_macro   0x0000000000002439      0x207 ./Drivers/STM32F7xx_HAL_Driver/Src/stm32f7xx_hal.o
 .debug_macro   0x0000000000002640      0x1e3 ./Drivers/STM32F7xx_HAL_Driver/Src/stm32f7xx_hal_cortex.o
 .debug_macro   0x0000000000002823      0x1e9 ./Drivers/STM32F7xx_HAL_Driver/Src/stm32f7xx_hal_dma.o
 .debug_macro   0x0000000000002a0c      0x219 ./Drivers/STM32F7xx_HAL_Driver/Src/stm32f7xx_hal_gpio.o
 .debug_macro   0x0000000000002c25      0x2a8 ./Drivers/STM32F7xx_HAL_Driver/Src/stm32f7xx_hal_i2c.o
 .debug_macro   0x0000000000002ecd      0x1e3 ./Drivers/STM32F7xx_HAL_Driver/Src/stm32f7xx_hal_i2c_ex.o
 .debug_macro   0x00000000000030b0      0x207 ./Drivers/STM32F7xx_HAL_Driver/Src/stm32f7xx_hal_rcc.o
 .debug_macro   0x00000000000032b7      0x1e3 ./Drivers/STM32F7xx_HAL_Driver/Src/stm32f7xx_hal_rcc_ex.o
 .debug_macro   0x000000000000349a      0x1e4 ./Drivers/STM32F7xx_HAL_Driver/Src/stm32f7xx_hal_tim.o
 .debug_macro   0x000000000000367e      0x1e3 ./Drivers/STM32F7xx_HAL_Driver/Src/stm32f7xx_hal_tim_ex.o
 .debug_macro   0x0000000000003861      0x200 ./Drivers/STM32F7xx_HAL_Driver/Src/stm32f7xx_hal_uart.o

.debug_line     0x0000000000000000    0x15f6d
 .debug_line    0x0000000000000000      0xba0 ./Core/Src/Bat1_Update_Info_during_Maintenance.o
 .debug_line    0x0000000000000ba0      0x972 ./Core/Src/Bat2_Update_Info_during_Maintenance.o
 .debug_line    0x0000000000001512      0x797 ./Core/Src/Commands_from_Raspi_To_STM32.o
 .debug_line    0x0000000000001ca9      0x789 ./Core/Src/Handle_Gpio_pins.o
 .debug_line    0x0000000000002432      0xda5 ./Core/Src/SubStatemachine_bat1_Maintenance.o
 .debug_line    0x00000000000031d7      0x74f ./Core/Src/Timer_function.o
 .debug_line    0x0000000000003926      0xf4a ./Core/Src/main.o
 .debug_line    0x0000000000004870      0x8c1 ./Core/Src/stm32f7xx_hal_msp.o
 .debug_line    0x0000000000005131      0x8b5 ./Core/Src/stm32f7xx_it.o
 .debug_line    0x00000000000059e6      0x799 ./Core/Src/system_stm32f7xx.o
 .debug_line    0x000000000000617f       0x88 ./Core/Startup/startup_stm32f746zgtx.o
 .debug_line    0x0000000000006207      0xa2a ./Drivers/STM32F7xx_HAL_Driver/Src/stm32f7xx_hal.o
 .debug_line    0x0000000000006c31      0xcb0 ./Drivers/STM32F7xx_HAL_Driver/Src/stm32f7xx_hal_cortex.o
 .debug_line    0x00000000000078e1      0xf7e ./Drivers/STM32F7xx_HAL_Driver/Src/stm32f7xx_hal_dma.o
 .debug_line    0x000000000000885f      0xbac ./Drivers/STM32F7xx_HAL_Driver/Src/stm32f7xx_hal_gpio.o
 .debug_line    0x000000000000940b     0x3308 ./Drivers/STM32F7xx_HAL_Driver/Src/stm32f7xx_hal_i2c.o
 .debug_line    0x000000000000c713      0x855 ./Drivers/STM32F7xx_HAL_Driver/Src/stm32f7xx_hal_i2c_ex.o
 .debug_line    0x000000000000cf68      0xe6d ./Drivers/STM32F7xx_HAL_Driver/Src/stm32f7xx_hal_rcc.o
 .debug_line    0x000000000000ddd5      0xe26 ./Drivers/STM32F7xx_HAL_Driver/Src/stm32f7xx_hal_rcc_ex.o
 .debug_line    0x000000000000ebfb     0x3b6a ./Drivers/STM32F7xx_HAL_Driver/Src/stm32f7xx_hal_tim.o
 .debug_line    0x0000000000012765     0x1af8 ./Drivers/STM32F7xx_HAL_Driver/Src/stm32f7xx_hal_tim_ex.o
 .debug_line    0x000000000001425d     0x1d10 ./Drivers/STM32F7xx_HAL_Driver/Src/stm32f7xx_hal_uart.o

.debug_str      0x0000000000000000    0xf1568
 .debug_str     0x0000000000000000    0xebd93 ./Core/Src/Bat1_Update_Info_during_Maintenance.o
                                      0xec5ac (size before relaxing)
 .debug_str     0x00000000000ebd93      0x35a ./Core/Src/Bat2_Update_Info_during_Maintenance.o
                                      0xe846d (size before relaxing)
 .debug_str     0x00000000000ec0ed       0x82 ./Core/Src/Commands_from_Raspi_To_STM32.o
                                      0xe79f2 (size before relaxing)
 .debug_str     0x00000000000ec16f       0xdb ./Core/Src/Handle_Gpio_pins.o
                                      0xe7a35 (size before relaxing)
 .debug_str     0x00000000000ec24a      0x5fc ./Core/Src/SubStatemachine_bat1_Maintenance.o
                                      0xecaff (size before relaxing)
 .debug_str     0x00000000000ec846       0xa2 ./Core/Src/Timer_function.o
                                      0xe7a4a (size before relaxing)
 .debug_str     0x00000000000ec8e8      0x9b3 ./Core/Src/main.o
                                      0xed6e1 (size before relaxing)
 .debug_str     0x00000000000ed29b      0x63b ./Core/Src/stm32f7xx_hal_msp.o
                                      0xe8bf0 (size before relaxing)
 .debug_str     0x00000000000ed8d6      0x161 ./Core/Src/stm32f7xx_it.o
                                      0xe85a2 (size before relaxing)
 .debug_str     0x00000000000eda37      0x178 ./Core/Src/system_stm32f7xx.o
                                      0xe7b8b (size before relaxing)
 .debug_str     0x00000000000edbaf       0x36 ./Core/Startup/startup_stm32f746zgtx.o
                                         0x80 (size before relaxing)
 .debug_str     0x00000000000edbe5      0x37a ./Drivers/STM32F7xx_HAL_Driver/Src/stm32f7xx_hal.o
                                      0xe8452 (size before relaxing)
 .debug_str     0x00000000000edf5f      0x38f ./Drivers/STM32F7xx_HAL_Driver/Src/stm32f7xx_hal_cortex.o
                                      0xe84f9 (size before relaxing)
 .debug_str     0x00000000000ee2ee      0x328 ./Drivers/STM32F7xx_HAL_Driver/Src/stm32f7xx_hal_dma.o
                                      0xe7eda (size before relaxing)
 .debug_str     0x00000000000ee616      0x244 ./Drivers/STM32F7xx_HAL_Driver/Src/stm32f7xx_hal_gpio.o
                                      0xe7d76 (size before relaxing)
 .debug_str     0x00000000000ee85a      0xd4b ./Drivers/STM32F7xx_HAL_Driver/Src/stm32f7xx_hal_i2c.o
                                      0xe8ce1 (size before relaxing)
 .debug_str     0x00000000000ef5a5       0x89 ./Drivers/STM32F7xx_HAL_Driver/Src/stm32f7xx_hal_i2c_ex.o
                                      0xe805d (size before relaxing)
 .debug_str     0x00000000000ef62e      0x26d ./Drivers/STM32F7xx_HAL_Driver/Src/stm32f7xx_hal_rcc.o
                                      0xe7ebb (size before relaxing)
 .debug_str     0x00000000000ef89b      0x169 ./Drivers/STM32F7xx_HAL_Driver/Src/stm32f7xx_hal_rcc_ex.o
                                      0xe7e45 (size before relaxing)
 .debug_str     0x00000000000efa04      0xde1 ./Drivers/STM32F7xx_HAL_Driver/Src/stm32f7xx_hal_tim.o
                                      0xe8e33 (size before relaxing)
 .debug_str     0x00000000000f07e5      0x550 ./Drivers/STM32F7xx_HAL_Driver/Src/stm32f7xx_hal_tim_ex.o
                                      0xe8637 (size before relaxing)
 .debug_str     0x00000000000f0d35      0x833 ./Drivers/STM32F7xx_HAL_Driver/Src/stm32f7xx_hal_uart.o
                                      0xe878b (size before relaxing)

.comment        0x0000000000000000       0x53
 .comment       0x0000000000000000       0x53 ./Core/Src/Bat1_Update_Info_during_Maintenance.o
                                         0x54 (size before relaxing)
 .comment       0x0000000000000053       0x54 ./Core/Src/Bat2_Update_Info_during_Maintenance.o
 .comment       0x0000000000000053       0x54 ./Core/Src/Commands_from_Raspi_To_STM32.o
 .comment       0x0000000000000053       0x54 ./Core/Src/Handle_Gpio_pins.o
 .comment       0x0000000000000053       0x54 ./Core/Src/SubStatemachine_bat1_Maintenance.o
 .comment       0x0000000000000053       0x54 ./Core/Src/Timer_function.o
 .comment       0x0000000000000053       0x54 ./Core/Src/main.o
 .comment       0x0000000000000053       0x54 ./Core/Src/stm32f7xx_hal_msp.o
 .comment       0x0000000000000053       0x54 ./Core/Src/stm32f7xx_it.o
 .comment       0x0000000000000053       0x54 ./Core/Src/system_stm32f7xx.o
 .comment       0x0000000000000053       0x54 ./Drivers/STM32F7xx_HAL_Driver/Src/stm32f7xx_hal.o
 .comment       0x0000000000000053       0x54 ./Drivers/STM32F7xx_HAL_Driver/Src/stm32f7xx_hal_cortex.o
 .comment       0x0000000000000053       0x54 ./Drivers/STM32F7xx_HAL_Driver/Src/stm32f7xx_hal_dma.o
 .comment       0x0000000000000053       0x54 ./Drivers/STM32F7xx_HAL_Driver/Src/stm32f7xx_hal_gpio.o
 .comment       0x0000000000000053       0x54 ./Drivers/STM32F7xx_HAL_Driver/Src/stm32f7xx_hal_i2c.o
 .comment       0x0000000000000053       0x54 ./Drivers/STM32F7xx_HAL_Driver/Src/stm32f7xx_hal_i2c_ex.o
 .comment       0x0000000000000053       0x54 ./Drivers/STM32F7xx_HAL_Driver/Src/stm32f7xx_hal_rcc.o
 .comment       0x0000000000000053       0x54 ./Drivers/STM32F7xx_HAL_Driver/Src/stm32f7xx_hal_rcc_ex.o
 .comment       0x0000000000000053       0x54 ./Drivers/STM32F7xx_HAL_Driver/Src/stm32f7xx_hal_tim.o
 .comment       0x0000000000000053       0x54 ./Drivers/STM32F7xx_HAL_Driver/Src/stm32f7xx_hal_tim_ex.o
 .comment       0x0000000000000053       0x54 ./Drivers/STM32F7xx_HAL_Driver/Src/stm32f7xx_hal_uart.o

.debug_frame    0x0000000000000000     0x4700
 .debug_frame   0x0000000000000000      0x108 ./Core/Src/Bat1_Update_Info_during_Maintenance.o
 .debug_frame   0x0000000000000108      0x108 ./Core/Src/Bat2_Update_Info_during_Maintenance.o
 .debug_frame   0x0000000000000210       0x30 ./Core/Src/Commands_from_Raspi_To_STM32.o
 .debug_frame   0x0000000000000240       0x48 ./Core/Src/Handle_Gpio_pins.o
 .debug_frame   0x0000000000000288       0x2c ./Core/Src/SubStatemachine_bat1_Maintenance.o
 .debug_frame   0x00000000000002b4       0x30 ./Core/Src/Timer_function.o
 .debug_frame   0x00000000000002e4      0x200 ./Core/Src/main.o
 .debug_frame   0x00000000000004e4      0x110 ./Core/Src/stm32f7xx_hal_msp.o
 .debug_frame   0x00000000000005f4      0x200 ./Core/Src/stm32f7xx_it.o
 .debug_frame   0x00000000000007f4       0x58 ./Core/Src/system_stm32f7xx.o
 .debug_frame   0x000000000000084c      0x3b4 ./Drivers/STM32F7xx_HAL_Driver/Src/stm32f7xx_hal.o
 .debug_frame   0x0000000000000c00      0x498 ./Drivers/STM32F7xx_HAL_Driver/Src/stm32f7xx_hal_cortex.o
 .debug_frame   0x0000000000001098      0x250 ./Drivers/STM32F7xx_HAL_Driver/Src/stm32f7xx_hal_dma.o
 .debug_frame   0x00000000000012e8      0x14c ./Drivers/STM32F7xx_HAL_Driver/Src/stm32f7xx_hal_gpio.o
 .debug_frame   0x0000000000001434      0xbe8 ./Drivers/STM32F7xx_HAL_Driver/Src/stm32f7xx_hal_i2c.o
 .debug_frame   0x000000000000201c       0xb0 ./Drivers/STM32F7xx_HAL_Driver/Src/stm32f7xx_hal_i2c_ex.o
 .debug_frame   0x00000000000020cc      0x1f4 ./Drivers/STM32F7xx_HAL_Driver/Src/stm32f7xx_hal_rcc.o
 .debug_frame   0x00000000000022c0      0x118 ./Drivers/STM32F7xx_HAL_Driver/Src/stm32f7xx_hal_rcc_ex.o
 .debug_frame   0x00000000000023d8     0x1218 ./Drivers/STM32F7xx_HAL_Driver/Src/stm32f7xx_hal_tim.o
 .debug_frame   0x00000000000035f0      0x688 ./Drivers/STM32F7xx_HAL_Driver/Src/stm32f7xx_hal_tim_ex.o
 .debug_frame   0x0000000000003c78      0x9dc ./Drivers/STM32F7xx_HAL_Driver/Src/stm32f7xx_hal_uart.o
 .debug_frame   0x0000000000004654       0x2c d:/stm32cubeide/stm32cubeide_1.6.0/stm32cubeide/plugins/com.st.stm32cube.ide.mcu.externaltools.gnu-tools-for-stm32.9-2020-q2-update.win32_2.0.0.202105311346/tools/bin/../lib/gcc/arm-none-eabi/9.3.1/../../../../arm-none-eabi/lib/thumb/v7e-m+fp/hard\libc_nano.a(lib_a-init.o)
 .debug_frame   0x0000000000004680       0x20 d:/stm32cubeide/stm32cubeide_1.6.0/stm32cubeide/plugins/com.st.stm32cube.ide.mcu.externaltools.gnu-tools-for-stm32.9-2020-q2-update.win32_2.0.0.202105311346/tools/bin/../lib/gcc/arm-none-eabi/9.3.1/../../../../arm-none-eabi/lib/thumb/v7e-m+fp/hard\libc_nano.a(lib_a-memset.o)
 .debug_frame   0x00000000000046a0       0x2c d:/stm32cubeide/stm32cubeide_1.6.0/stm32cubeide/plugins/com.st.stm32cube.ide.mcu.externaltools.gnu-tools-for-stm32.9-2020-q2-update.win32_2.0.0.202105311346/tools/bin/../lib/gcc/arm-none-eabi/9.3.1/thumb/v7e-m+fp/hard\libgcc.a(_aeabi_uldivmod.o)
 .debug_frame   0x00000000000046cc       0x34 d:/stm32cubeide/stm32cubeide_1.6.0/stm32cubeide/plugins/com.st.stm32cube.ide.mcu.externaltools.gnu-tools-for-stm32.9-2020-q2-update.win32_2.0.0.202105311346/tools/bin/../lib/gcc/arm-none-eabi/9.3.1/thumb/v7e-m+fp/hard\libgcc.a(_udivmoddi4.o)
