Archive member included to satisfy reference by file (symbol)

d:/stm32cubeide/stm32cubeide_1.6.0/stm32cubeide/plugins/com.st.stm32cube.ide.mcu.externaltools.gnu-tools-for-stm32.9-2020-q2-update.win32_2.0.0.202105311346/tools/bin/../lib/gcc/arm-none-eabi/9.3.1/../../../../arm-none-eabi/lib/thumb/v7e-m+fp/hard\libc_nano.a(lib_a-errno.o)
                              ./Core/Src/syscalls.o (__errno)
d:/stm32cubeide/stm32cubeide_1.6.0/stm32cubeide/plugins/com.st.stm32cube.ide.mcu.externaltools.gnu-tools-for-stm32.9-2020-q2-update.win32_2.0.0.202105311346/tools/bin/../lib/gcc/arm-none-eabi/9.3.1/../../../../arm-none-eabi/lib/thumb/v7e-m+fp/hard\libc_nano.a(lib_a-exit.o)
                              d:/stm32cubeide/stm32cubeide_1.6.0/stm32cubeide/plugins/com.st.stm32cube.ide.mcu.externaltools.gnu-tools-for-stm32.9-2020-q2-update.win32_2.0.0.202105311346/tools/bin/../lib/gcc/arm-none-eabi/9.3.1/../../../../arm-none-eabi/lib/thumb/v7e-m+fp/hard/crt0.o (exit)
d:/stm32cubeide/stm32cubeide_1.6.0/stm32cubeide/plugins/com.st.stm32cube.ide.mcu.externaltools.gnu-tools-for-stm32.9-2020-q2-update.win32_2.0.0.202105311346/tools/bin/../lib/gcc/arm-none-eabi/9.3.1/../../../../arm-none-eabi/lib/thumb/v7e-m+fp/hard\libc_nano.a(lib_a-impure.o)
                              d:/stm32cubeide/stm32cubeide_1.6.0/stm32cubeide/plugins/com.st.stm32cube.ide.mcu.externaltools.gnu-tools-for-stm32.9-2020-q2-update.win32_2.0.0.202105311346/tools/bin/../lib/gcc/arm-none-eabi/9.3.1/../../../../arm-none-eabi/lib/thumb/v7e-m+fp/hard\libc_nano.a(lib_a-exit.o) (_global_impure_ptr)
d:/stm32cubeide/stm32cubeide_1.6.0/stm32cubeide/plugins/com.st.stm32cube.ide.mcu.externaltools.gnu-tools-for-stm32.9-2020-q2-update.win32_2.0.0.202105311346/tools/bin/../lib/gcc/arm-none-eabi/9.3.1/../../../../arm-none-eabi/lib/thumb/v7e-m+fp/hard\libc_nano.a(lib_a-init.o)
                              d:/stm32cubeide/stm32cubeide_1.6.0/stm32cubeide/plugins/com.st.stm32cube.ide.mcu.externaltools.gnu-tools-for-stm32.9-2020-q2-update.win32_2.0.0.202105311346/tools/bin/../lib/gcc/arm-none-eabi/9.3.1/../../../../arm-none-eabi/lib/thumb/v7e-m+fp/hard/crt0.o (__libc_init_array)
d:/stm32cubeide/stm32cubeide_1.6.0/stm32cubeide/plugins/com.st.stm32cube.ide.mcu.externaltools.gnu-tools-for-stm32.9-2020-q2-update.win32_2.0.0.202105311346/tools/bin/../lib/gcc/arm-none-eabi/9.3.1/../../../../arm-none-eabi/lib/thumb/v7e-m+fp/hard\libc_nano.a(lib_a-memset.o)
                              d:/stm32cubeide/stm32cubeide_1.6.0/stm32cubeide/plugins/com.st.stm32cube.ide.mcu.externaltools.gnu-tools-for-stm32.9-2020-q2-update.win32_2.0.0.202105311346/tools/bin/../lib/gcc/arm-none-eabi/9.3.1/../../../../arm-none-eabi/lib/thumb/v7e-m+fp/hard/crt0.o (memset)
d:/stm32cubeide/stm32cubeide_1.6.0/stm32cubeide/plugins/com.st.stm32cube.ide.mcu.externaltools.gnu-tools-for-stm32.9-2020-q2-update.win32_2.0.0.202105311346/tools/bin/../lib/gcc/arm-none-eabi/9.3.1/../../../../arm-none-eabi/lib/thumb/v7e-m+fp/hard\libc_nano.a(lib_a-printf.o)
                              ./Core/Src/Battery1_Maintenance_General_Info.o (printf)
d:/stm32cubeide/stm32cubeide_1.6.0/stm32cubeide/plugins/com.st.stm32cube.ide.mcu.externaltools.gnu-tools-for-stm32.9-2020-q2-update.win32_2.0.0.202105311346/tools/bin/../lib/gcc/arm-none-eabi/9.3.1/../../../../arm-none-eabi/lib/thumb/v7e-m+fp/hard\libc_nano.a(lib_a-puts.o)
                              ./Core/Src/Specific_parameters_main_BAT1.o (puts)
d:/stm32cubeide/stm32cubeide_1.6.0/stm32cubeide/plugins/com.st.stm32cube.ide.mcu.externaltools.gnu-tools-for-stm32.9-2020-q2-update.win32_2.0.0.202105311346/tools/bin/../lib/gcc/arm-none-eabi/9.3.1/../../../../arm-none-eabi/lib/thumb/v7e-m+fp/hard\libc_nano.a(lib_a-wbuf.o)
                              d:/stm32cubeide/stm32cubeide_1.6.0/stm32cubeide/plugins/com.st.stm32cube.ide.mcu.externaltools.gnu-tools-for-stm32.9-2020-q2-update.win32_2.0.0.202105311346/tools/bin/../lib/gcc/arm-none-eabi/9.3.1/../../../../arm-none-eabi/lib/thumb/v7e-m+fp/hard\libc_nano.a(lib_a-puts.o) (__swbuf_r)
d:/stm32cubeide/stm32cubeide_1.6.0/stm32cubeide/plugins/com.st.stm32cube.ide.mcu.externaltools.gnu-tools-for-stm32.9-2020-q2-update.win32_2.0.0.202105311346/tools/bin/../lib/gcc/arm-none-eabi/9.3.1/../../../../arm-none-eabi/lib/thumb/v7e-m+fp/hard\libc_nano.a(lib_a-wsetup.o)
                              d:/stm32cubeide/stm32cubeide_1.6.0/stm32cubeide/plugins/com.st.stm32cube.ide.mcu.externaltools.gnu-tools-for-stm32.9-2020-q2-update.win32_2.0.0.202105311346/tools/bin/../lib/gcc/arm-none-eabi/9.3.1/../../../../arm-none-eabi/lib/thumb/v7e-m+fp/hard\libc_nano.a(lib_a-puts.o) (__swsetup_r)
d:/stm32cubeide/stm32cubeide_1.6.0/stm32cubeide/plugins/com.st.stm32cube.ide.mcu.externaltools.gnu-tools-for-stm32.9-2020-q2-update.win32_2.0.0.202105311346/tools/bin/../lib/gcc/arm-none-eabi/9.3.1/../../../../arm-none-eabi/lib/thumb/v7e-m+fp/hard\libc_nano.a(lib_a-fflush.o)
[...]
Memory Configuration

Name             Origin             Length             Attributes
RAM              0x0000000020000000 0x0000000000050000 xrw
FLASH            0x0000000008000000 0x0000000000100000 xr
*default*        0x0000000000000000 0xffffffffffffffff

Linker script and memory map

LOAD d:/stm32cubeide/stm32cubeide_1.6.0/stm32cubeide/plugins/com.st.stm32cube.ide.mcu.externaltools.gnu-tools-for-stm32.9-2020-q2-update.win32_2.0.0.202105311346/tools/bin/../lib/gcc/arm-none-eabi/9.3.1/thumb/v7e-m+fp/hard/crti.o
LOAD d:/stm32cubeide/stm32cubeide_1.6.0/stm32cubeide/plugins/com.st.stm32cube.ide.mcu.externaltools.gnu-tools-for-stm32.9-2020-q2-update.win32_2.0.0.202105311346/tools/bin/../lib/gcc/arm-none-eabi/9.3.1/thumb/v7e-m+fp/hard/crtbegin.o
LOAD d:/stm32cubeide/stm32cubeide_1.6.0/stm32cubeide/plugins/com.st.stm32cube.ide.mcu.externaltools.gnu-tools-for-stm32.9-2020-q2-update.win32_2.0.0.202105311346/tools/bin/../lib/gcc/arm-none-eabi/9.3.1/../../../../arm-none-eabi/lib/thumb/v7e-m+fp/hard/crt0.o
LOAD ./Core/Src/Bat1_Maint_SPCI_RTE.o
LOAD ./Core/Src/Bat1_Update_Info_during_Maintenance.o
LOAD ./Core/Src/Battery1_Maintenance_General_Info.o
LOAD ./Core/Src/Battery1_Maintenance_Specific_Info.o
LOAD ./Core/Src/Handle_Gpio_pins.o
LOAD ./Core/Src/Results_Auto_Test_Bat1_Maintenance.o
LOAD ./Core/Src/Specific_parameters_main_BAT1.o
LOAD ./Core/Src/Timer_function.o
LOAD ./Core/Src/bat1_asoc.o
LOAD ./Core/Src/main.o
LOAD ./Core/Src/stm32f7xx_hal_msp.o
LOAD ./Core/Src/stm32f7xx_it.o
LOAD ./Core/Src/syscalls.o
LOAD ./Core/Src/sysmem.o
LOAD ./Core/Src/system_stm32f7xx.o
LOAD ./Core/Src/timer_delay.o
LOAD ./Core/Startup/startup_stm32f746zgtx.o
LOAD ./Drivers/STM32F7xx_HAL_Driver/Src/stm32f7xx_hal.o
LOAD ./Drivers/STM32F7xx_HAL_Driver/Src/stm32f7xx_hal_cortex.o
LOAD ./Drivers/STM32F7xx_HAL_Driver/Src/stm32f7xx_hal_dma.o
LOAD ./Drivers/STM32F7xx_HAL_Driver/Src/stm32f7xx_hal_dma_ex.o
LOAD ./Drivers/STM32F7xx_HAL_Driver/Src/stm32f7xx_hal_exti.o
LOAD ./Drivers/STM32F7xx_HAL_Driver/Src/stm32f7xx_hal_flash.o
LOAD ./Drivers/STM32F7xx_HAL_Driver/Src/stm32f7xx_hal_flash_ex.o
LOAD ./Drivers/STM32F7xx_HAL_Driver/Src/stm32f7xx_hal_gpio.o
LOAD ./Drivers/STM32F7xx_HAL_Driver/Src/stm32f7xx_hal_i2c.o
LOAD ./Drivers/STM32F7xx_HAL_Driver/Src/stm32f7xx_hal_i2c_ex.o
LOAD ./Drivers/STM32F7xx_HAL_Driver/Src/stm32f7xx_hal_pwr.o
LOAD ./Drivers/STM32F7xx_HAL_Driver/Src/stm32f7xx_hal_pwr_ex.o
LOAD ./Drivers/STM32F7xx_HAL_Driver/Src/stm32f7xx_hal_rcc.o
LOAD ./Drivers/STM32F7xx_HAL_Driver/Src/stm32f7xx_hal_rcc_ex.o
LOAD ./Drivers/STM32F7xx_HAL_Driver/Src/stm32f7xx_hal_tim.o
LOAD ./Drivers/STM32F7xx_HAL_Driver/Src/stm32f7xx_hal_tim_ex.o
LOAD ./Drivers/STM32F7xx_HAL_Driver/Src/stm32f7xx_hal_uart.o
LOAD ./Drivers/STM32F7xx_HAL_Driver/Src/stm32f7xx_hal_uart_ex.o
START GROUP
LOAD d:/stm32cubeide/stm32cubeide_1.6.0/stm32cubeide/plugins/com.st.stm32cube.ide.mcu.externaltools.gnu-tools-for-stm32.9-2020-q2-update.win32_2.0.0.202105311346/tools/bin/../lib/gcc/arm-none-eabi/9.3.1/../../../../arm-none-eabi/lib/thumb/v7e-m+fp/hard\libc_nano.a
LOAD d:/stm32cubeide/stm32cubeide_1.6.0/stm32cubeide/plugins/com.st.stm32cube.ide.mcu.externaltools.gnu-tools-for-stm32.9-2020-q2-update.win32_2.0.0.202105311346/tools/bin/../lib/gcc/arm-none-eabi/9.3.1/../../../../arm-none-eabi/lib/thumb/v7e-m+fp/hard\libm.a
END GROUP
START GROUP
LOAD d:/stm32cubeide/stm32cubeide_1.6.0/stm32cubeide/plugins/com.st.stm32cube.ide.mcu.externaltools.gnu-tools-for-stm32.9-2020-q2-update.win32_2.0.0.202105311346/tools/bin/../lib/gcc/arm-none-eabi/9.3.1/thumb/v7e-m+fp/hard\libgcc.a
LOAD d:/stm32cubeide/stm32cubeide_1.6.0/stm32cubeide/plugins/com.st.stm32cube.ide.mcu.externaltools.gnu-tools-for-stm32.9-2020-q2-update.win32_2.0.0.202105311346/tools/bin/../lib/gcc/arm-none-eabi/9.3.1/../../../../arm-none-eabi/lib/thumb/v7e-m+fp/hard\libc_nano.a
END GROUP
START GROUP
LOAD d:/stm32cubeide/stm32cubeide_1.6.0/stm32cubeide/plugins/com.st.stm32cube.ide.mcu.externaltools.gnu-tools-for-stm32.9-2020-q2-update.win32_2.0.0.202105311346/tools/bin/../lib/gcc/arm-none-eabi/9.3.1/thumb/v7e-m+fp/hard\libgcc.a
LOAD d:/stm32cubeide/stm32cubeide_1.6.0/stm32cubeide/plugins/com.st.stm32cube.ide.mcu.externaltools.gnu-tools-for-stm32.9-2020-q2-update.win32_2.0.0.202105311346/tools/bin/../lib/gcc/arm-none-eabi/9.3.1/../../../../arm-none-eabi/lib/thumb/v7e-m+fp/hard\libc_nano.a
LOAD d:/stm32cubeide/stm32cubeide_1.6.0/stm32cubeide/plugins/com.st.stm32cube.ide.mcu.externaltools.gnu-tools-for-stm32.9-2020-q2-update.win32_2.0.0.202105311346/tools/bin/../lib/gcc/arm-none-eabi/9.3.1/../../../../arm-none-eabi/lib/thumb/v7e-m+fp/hard\libnosys.a
END GROUP
START GROUP
LOAD d:/stm32cubeide/stm32cubeide_1.6.0/stm32cubeide/plugins/com.st.stm32cube.ide.mcu.externaltools.gnu-tools-for-stm32.9-2020-q2-update.win32_2.0.0.202105311346/tools/bin/../lib/gcc/arm-none-eabi/9.3.1/thumb/v7e-m+fp/hard\libgcc.a
LOAD d:/stm32cubeide/stm32cubeide_1.6.0/stm32cubeide/plugins/com.st.stm32cube.ide.mcu.externaltools.gnu-tools-for-stm32.9-2020-q2-update.win32_2.0.0.202105311346/tools/bin/../lib/gcc/arm-none-eabi/9.3.1/../../../../arm-none-eabi/lib/thumb/v7e-m+fp/hard\libc_nano.a
LOAD d:/stm32cubeide/stm32cubeide_1.6.0/stm32cubeide/plugins/com.st.stm32cube.ide.mcu.externaltools.gnu-tools-for-stm32.9-2020-q2-update.win32_2.0.0.202105311346/tools/bin/../lib/gcc/arm-none-eabi/9.3.1/../../../../arm-none-eabi/lib/thumb/v7e-m+fp/hard\libnosys.a
END GROUP
LOAD d:/stm32cubeide/stm32cubeide_1.6.0/stm32cubeide/plugins/com.st.stm32cube.ide.mcu.externaltools.gnu-tools-for-stm32.9-2020-q2-update.win32_2.0.0.202105311346/tools/bin/../lib/gcc/arm-none-eabi/9.3.1/thumb/v7e-m+fp/hard/crtend.o
LOAD d:/stm32cubeide/stm32cubeide_1.6.0/stm32cubeide/plugins/com.st.stm32cube.ide.mcu.externaltools.gnu-tools-for-stm32.9-2020-q2-update.win32_2.0.0.202105311346/tools/bin/../lib/gcc/arm-none-eabi/9.3.1/thumb/v7e-m+fp/hard/crtn.o
                0x0000000020050000                _estack = (ORIGIN (RAM) + LENGTH (RAM))
                0x0000000000000200                _Min_Heap_Size = 0x200
                0x0000000000000400                _Min_Stack_Size = 0x400

.isr_vector     0x0000000008000000      0x1c8
                0x0000000008000000                . = ALIGN (0x4)
 *(.isr_vector)
 .isr_vector    0x0000000008000000      0x1c8 ./Core/Startup/startup_stm32f746zgtx.o
                0x0000000008000000                g_pfnVectors
                0x00000000080001c8                . = ALIGN (0x4)

.text           0x00000000080001d0     0x92a8
                0x00000000080001d0                . = ALIGN (0x4)
 *(.text)
 .text          0x00000000080001d0       0x40 d:/stm32cubeide/stm32cubeide_1.6.0/stm32cubeide/plugins/com.st.stm32cube.ide.mcu.externaltools.gnu-tools-for-stm32.9-2020-q2-update.win32_2.0.0.202105311346/tools/bin/../lib/gcc/arm-none-eabi/9.3.1/thumb/v7e-m+fp/hard/crtbegin.o
 .text          0x0000000008000210       0xa0 d:/stm32cubeide/stm32cubeide_1.6.0/stm32cubeide/plugins/com.st.stm32cube.ide.mcu.externaltools.gnu-tools-for-stm32.9-2020-q2-update.win32_2.0.0.202105311346/tools/bin/../lib/gcc/arm-none-eabi/9.3.1/../../../../arm-none-eabi/lib/thumb/v7e-m+fp/hard\libc_nano.a(lib_a-memchr.o)
                0x0000000008000210                memchr
 .text          0x00000000080002b0       0x30 d:/stm32cubeide/stm32cubeide_1.6.0/stm32cubeide/plugins/com.st.stm32cube.ide.mcu.externaltools.gnu-tools-for-stm32.9-2020-q2-update.win32_2.0.0.202105311346/tools/bin/../lib/gcc/arm-none-eabi/9.3.1/thumb/v7e-m+fp/hard\libgcc.a(_aeabi_uldivmod.o)
                0x00000000080002b0                __aeabi_uldivmod
 .text          0x00000000080002e0      0x2c4 d:/stm32cubeide/stm32cubeide_1.6.0/stm32cubeide/plugins/com.st.stm32cube.ide.mcu.externaltools.gnu-tools-for-stm32.9-2020-q2-update.win32_2.0.0.202105311346/tools/bin/../lib/gcc/arm-none-eabi/9.3.1/thumb/v7e-m+fp/hard\libgcc.a(_udivmoddi4.o)
                0x00000000080002e0                __udivmoddi4
 .text          0x00000000080005a4        0x4 d:/stm32cubeide/stm32cubeide_1.6.0/stm32cubeide/plugins/com.st.stm32cube.ide.mcu.externaltools.gnu-tools-for-stm32.9-2020-q2-update.win32_2.0.0.202105311346/tools/bin/../lib/gcc/arm-none-eabi/9.3.1/thumb/v7e-m+fp/hard\libgcc.a(_dvmd_tls.o)
                0x00000000080005a4                __aeabi_idiv0
                0x00000000080005a4                __aeabi_ldiv0
 *(.text*)
 .text.update_voltage_during_maintenance_bat1
                0x00000000080005a8       0xcc ./Core/Src/Bat1_Update_Info_during_Maintenance.o
                0x00000000080005a8                update_voltage_during_maintenance_bat1
 .text.update_asoc_during_maintenance_bat1
                0x0000000008000674       0xb8 ./Core/Src/Bat1_Update_Info_during_Maintenance.o
                0x0000000008000674                update_asoc_during_maintenance_bat1
 .text.update_RemCap_during_maintenance_bat1
                0x000000000800072c       0xb8 ./Core/Src/Bat1_Update_Info_during_Maintenance.o
                0x000000000800072c                update_RemCap_during_maintenance_bat1
 .text.update_cyclecount_during_maintenance
                0x00000000080007e4       0xb8 ./Core/Src/Bat1_Update_Info_during_Maintenance.o
                0x00000000080007e4                update_cyclecount_during_maintenance
 .text.update_batstatus_during_maintenance
                0x000000000800089c       0xb8 ./Core/Src/Bat1_Update_Info_during_Maintenance.o
                0x000000000800089c                update_batstatus_during_maintenance
 .text.update_temperature_during_maintenance
                0x0000000008000954       0xb8 ./Core/Src/Bat1_Update_Info_during_Maintenance.o
                0x0000000008000954                update_temperature_during_maintenance
 .text.Transmit_Bat1_Maintenance_General_Info_to_Raspi
                0x0000000008000a0c      0x670 ./Core/Src/Battery1_Maintenance_General_Info.o
                0x0000000008000a0c                Transmit_Bat1_Maintenance_General_Info_to_Raspi
 .text.gpio_func
                0x000000000800107c       0x70 ./Core/Src/Handle_Gpio_pins.o
                0x000000000800107c                gpio_func
 .text.Read_Bat1_Maint_autotest_result_first_80_percent
                0x00000000080010ec      0x384 ./Core/Src/Results_Auto_Test_Bat1_Maintenance.o
                0x00000000080010ec                Read_Bat1_Maint_autotest_result_first_80_percent
 .text.Read_Bat1_Maint_autotest_result_middle_10_percent
                0x0000000008001470      0x384 ./Core/Src/Results_Auto_Test_Bat1_Maintenance.o
                0x0000000008001470                Read_Bat1_Maint_autotest_result_middle_10_percent
 .text.Read_Bat1_Maint_autotest_result_last_80_percent
                0x00000000080017f4      0x384 ./Core/Src/Results_Auto_Test_Bat1_Maintenance.o
                0x00000000080017f4                Read_Bat1_Maint_autotest_result_last_80_percent
 .text.connect_to_Pi
                0x0000000008001b78       0x6c ./Core/Src/Results_Auto_Test_Bat1_Maintenance.o
                0x0000000008001b78                connect_to_Pi
 .text.Read_and_Compare_Specific_para_Bat1_STM_to_Pi
                0x0000000008001be4      0x2f8 ./Core/Src/Specific_parameters_main_BAT1.o
                0x0000000008001be4                Read_and_Compare_Specific_para_Bat1_STM_to_Pi
 .text.Compare_Specifi_para_Bat1
                0x0000000008001edc       0xac ./Core/Src/Specific_parameters_main_BAT1.o
                0x0000000008001edc                Compare_Specifi_para_Bat1
 .text.Read_bat1_maint_Run_time_to_empty
                0x0000000008001f88       0xb0 ./Core/Src/Specific_parameters_main_BAT1.o
                0x0000000008001f88                Read_bat1_maint_Run_time_to_empty
 .text.Read_bat1_maint_Run_time_to_empty_end_of_discharge
                0x0000000008002038       0xb0 ./Core/Src/Specific_parameters_main_BAT1.o
                0x0000000008002038                Read_bat1_maint_Run_time_to_empty_end_of_discharge
 .text.Timer_15min
                0x00000000080020e8       0x40 ./Core/Src/Timer_function.o
                0x00000000080020e8                Timer_15min
 .text.read_bat1_asoc
                0x0000000008002128       0xa8 ./Core/Src/bat1_asoc.o
                0x0000000008002128                read_bat1_asoc
 .text.ITM_SendChar
                0x00000000080021d0       0x4e ./Core/Src/main.o
 .text._write   0x000000000800221e       0x3c ./Core/Src/main.o
                0x000000000800221e                _write
 *fill*         0x000000000800225a        0x2 
 .text.main     0x000000000800225c      0x628 ./Core/Src/main.o
                0x000000000800225c                main
 .text.SystemClock_Config
                0x0000000008002884      0x118 ./Core/Src/main.o
                0x0000000008002884                SystemClock_Config
 .text.MX_I2C1_Init
                0x000000000800299c       0x80 ./Core/Src/main.o
 .text.MX_TIM2_Init
                0x0000000008002a1c       0x9c ./Core/Src/main.o
 .text.MX_TIM3_Init
                0x0000000008002ab8       0x9c ./Core/Src/main.o
 .text.MX_TIM4_Init
                0x0000000008002b54       0x9c ./Core/Src/main.o
 .text.MX_USART2_UART_Init
                0x0000000008002bf0       0x60 ./Core/Src/main.o
 .text.MX_GPIO_Init
                0x0000000008002c50       0x80 ./Core/Src/main.o
 .text.HAL_TIM_PeriodElapsedCallback
                0x0000000008002cd0      0x148 ./Core/Src/main.o
                0x0000000008002cd0                HAL_TIM_PeriodElapsedCallback
 .text.HAL_UART_RxCpltCallback
                0x0000000008002e18       0x88 ./Core/Src/main.o
                0x0000000008002e18                HAL_UART_RxCpltCallback
 .text.Error_Handler
                0x0000000008002ea0        0xa ./Core/Src/main.o
                0x0000000008002ea0                Error_Handler
 *fill*         0x0000000008002eaa        0x2 
 .text.HAL_MspInit
                0x0000000008002eac       0x48 ./Core/Src/stm32f7xx_hal_msp.o
                0x0000000008002eac                HAL_MspInit
 .text.HAL_I2C_MspInit
                0x0000000008002ef4       0xa8 ./Core/Src/stm32f7xx_hal_msp.o
                0x0000000008002ef4                HAL_I2C_MspInit
 .text.HAL_TIM_Base_MspInit
                0x0000000008002f9c       0xa8 ./Core/Src/stm32f7xx_hal_msp.o
                0x0000000008002f9c                HAL_TIM_Base_MspInit
 .text.HAL_UART_MspInit
                0x0000000008003044       0x98 ./Core/Src/stm32f7xx_hal_msp.o
                0x0000000008003044                HAL_UART_MspInit
 .text.NMI_Handler
                0x00000000080030dc        0x6 ./Core/Src/stm32f7xx_it.o
                0x00000000080030dc                NMI_Handler
 .text.HardFault_Handler
                0x00000000080030e2        0x6 ./Core/Src/stm32f7xx_it.o
                0x00000000080030e2                HardFault_Handler
 .text.MemManage_Handler
                0x00000000080030e8        0x6 ./Core/Src/stm32f7xx_it.o
                0x00000000080030e8                MemManage_Handler
 .text.BusFault_Handler
                0x00000000080030ee        0x6 ./Core/Src/stm32f7xx_it.o
                0x00000000080030ee                BusFault_Handler
 .text.UsageFault_Handler
                0x00000000080030f4        0x6 ./Core/Src/stm32f7xx_it.o
                0x00000000080030f4                UsageFault_Handler
 .text.SVC_Handler
                0x00000000080030fa        0xe ./Core/Src/stm32f7xx_it.o
                0x00000000080030fa                SVC_Handler
 .text.DebugMon_Handler
                0x0000000008003108        0xe ./Core/Src/stm32f7xx_it.o
                0x0000000008003108                DebugMon_Handler
 .text.PendSV_Handler
                0x0000000008003116        0xe ./Core/Src/stm32f7xx_it.o
                0x0000000008003116                PendSV_Handler
 .text.SysTick_Handler
                0x0000000008003124        0xc ./Core/Src/stm32f7xx_it.o
                0x0000000008003124                SysTick_Handler
 .text.TIM2_IRQHandler
                0x0000000008003130       0x14 ./Core/Src/stm32f7xx_it.o
                0x0000000008003130                TIM2_IRQHandler
 .text.TIM3_IRQHandler
                0x0000000008003144       0x14 ./Core/Src/stm32f7xx_it.o
                0x0000000008003144                TIM3_IRQHandler
 .text.I2C1_EV_IRQHandler
                0x0000000008003158       0x14 ./Core/Src/stm32f7xx_it.o
                0x0000000008003158                I2C1_EV_IRQHandler
 .text.I2C1_ER_IRQHandler
                0x000000000800316c       0x14 ./Core/Src/stm32f7xx_it.o
                0x000000000800316c                I2C1_ER_IRQHandler
 .text.USART2_IRQHandler
                0x0000000008003180       0x20 ./Core/Src/stm32f7xx_it.o
                0x0000000008003180                USART2_IRQHandler
 .text._read    0x00000000080031a0       0x3a ./Core/Src/syscalls.o
                0x00000000080031a0                _read
 .text._close   0x00000000080031da       0x18 ./Core/Src/syscalls.o
                0x00000000080031da                _close
 .text._fstat   0x00000000080031f2       0x20 ./Core/Src/syscalls.o
                0x00000000080031f2                _fstat
 .text._isatty  0x0000000008003212       0x16 ./Core/Src/syscalls.o
                0x0000000008003212                _isatty
 .text._lseek   0x0000000008003228       0x1a ./Core/Src/syscalls.o
                0x0000000008003228                _lseek
 *fill*         0x0000000008003242        0x2 
 .text._sbrk    0x0000000008003244       0x6c ./Core/Src/sysmem.o
                0x0000000008003244                _sbrk
 .text.SystemInit
                0x00000000080032b0       0x24 ./Core/Src/system_stm32f7xx.o
                0x00000000080032b0                SystemInit
 .text.usdelay  0x00000000080032d4       0x30 ./Core/Src/timer_delay.o
                0x00000000080032d4                usdelay
 .text.msdelay  0x0000000008003304       0x2e ./Core/Src/timer_delay.o
                0x0000000008003304                msdelay
 *fill*         0x0000000008003332        0x2 
 .text.Reset_Handler
                0x0000000008003334       0x50 ./Core/Startup/startup_stm32f746zgtx.o
                0x0000000008003334                Reset_Handler
 .text.Default_Handler
                0x0000000008003384        0x2 ./Core/Startup/startup_stm32f746zgtx.o
                0x0000000008003384                RTC_Alarm_IRQHandler
                0x0000000008003384                EXTI2_IRQHandler
                0x0000000008003384                TIM8_CC_IRQHandler
                0x0000000008003384                UART8_IRQHandler
                0x0000000008003384                SPI4_IRQHandler
                0x0000000008003384                TIM1_CC_IRQHandler
                0x0000000008003384                DMA2_Stream5_IRQHandler
                0x0000000008003384                DMA1_Stream5_IRQHandler
                0x0000000008003384                PVD_IRQHandler
                0x0000000008003384                TAMP_STAMP_IRQHandler
                0x0000000008003384                CAN2_RX1_IRQHandler
                0x0000000008003384                EXTI3_IRQHandler
                0x0000000008003384                TIM8_TRG_COM_TIM14_IRQHandler
                0x0000000008003384                TIM1_UP_TIM10_IRQHandler
                0x0000000008003384                TIM8_UP_TIM13_IRQHandler
                0x0000000008003384                I2C3_ER_IRQHandler
                0x0000000008003384                EXTI0_IRQHandler
                0x0000000008003384                I2C2_EV_IRQHandler
                0x0000000008003384                DMA1_Stream2_IRQHandler
                0x0000000008003384                CAN1_RX0_IRQHandler
                0x0000000008003384                FPU_IRQHandler
                0x0000000008003384                OTG_HS_WKUP_IRQHandler
                0x0000000008003384                LTDC_ER_IRQHandler
                0x0000000008003384                CAN2_SCE_IRQHandler
                0x0000000008003384                DMA2_Stream2_IRQHandler
                0x0000000008003384                SPI1_IRQHandler
                0x0000000008003384                TIM6_DAC_IRQHandler
                0x0000000008003384                TIM1_BRK_TIM9_IRQHandler
                0x0000000008003384                DCMI_IRQHandler
                0x0000000008003384                CAN2_RX0_IRQHandler
                0x0000000008003384                DMA2_Stream3_IRQHandler
                0x0000000008003384                SAI2_IRQHandler
                0x0000000008003384                USART6_IRQHandler
                0x0000000008003384                USART3_IRQHandler
                0x0000000008003384                CAN1_RX1_IRQHandler
                0x0000000008003384                UART5_IRQHandler
                0x0000000008003384                DMA2_Stream0_IRQHandler
                0x0000000008003384                TIM4_IRQHandler
                0x0000000008003384                QUADSPI_IRQHandler
                0x0000000008003384                DMA1_Stream6_IRQHandler
                0x0000000008003384                DMA1_Stream1_IRQHandler
                0x0000000008003384                UART4_IRQHandler
                0x0000000008003384                RCC_IRQHandler
                0x0000000008003384                TIM8_BRK_TIM12_IRQHandler
                0x0000000008003384                Default_Handler
                0x0000000008003384                CEC_IRQHandler
                0x0000000008003384                EXTI15_10_IRQHandler
                0x0000000008003384                ADC_IRQHandler
                0x0000000008003384                DMA1_Stream7_IRQHandler
                0x0000000008003384                SPI5_IRQHandler
                0x0000000008003384                TIM7_IRQHandler
                0x0000000008003384                SDMMC1_IRQHandler
                0x0000000008003384                CAN2_TX_IRQHandler
                0x0000000008003384                TIM5_IRQHandler
                0x0000000008003384                DMA2_Stream7_IRQHandler
                0x0000000008003384                I2C3_EV_IRQHandler
                0x0000000008003384                EXTI9_5_IRQHandler
                0x0000000008003384                RTC_WKUP_IRQHandler
                0x0000000008003384                LTDC_IRQHandler
                0x0000000008003384                ETH_WKUP_IRQHandler
                0x0000000008003384                SPDIF_RX_IRQHandler
                0x0000000008003384                SPI2_IRQHandler
                0x0000000008003384                OTG_HS_EP1_IN_IRQHandler
                0x0000000008003384                DMA1_Stream0_IRQHandler
                0x0000000008003384                CAN1_TX_IRQHandler
                0x0000000008003384                EXTI4_IRQHandler
                0x0000000008003384                RNG_IRQHandler
                0x0000000008003384                ETH_IRQHandler
                0x0000000008003384                OTG_HS_EP1_OUT_IRQHandler
                0x0000000008003384                WWDG_IRQHandler
                0x0000000008003384                SPI6_IRQHandler
                0x0000000008003384                I2C4_EV_IRQHandler
                0x0000000008003384                OTG_FS_WKUP_IRQHandler
                0x0000000008003384                TIM1_TRG_COM_TIM11_IRQHandler
                0x0000000008003384                OTG_HS_IRQHandler
                0x0000000008003384                DMA2D_IRQHandler
                0x0000000008003384                EXTI1_IRQHandler
                0x0000000008003384                UART7_IRQHandler
                0x0000000008003384                I2C2_ER_IRQHandler
                0x0000000008003384                DMA2_Stream1_IRQHandler
                0x0000000008003384                CAN1_SCE_IRQHandler
                0x0000000008003384                FLASH_IRQHandler
                0x0000000008003384                DMA2_Stream4_IRQHandler
                0x0000000008003384                USART1_IRQHandler
                0x0000000008003384                OTG_FS_IRQHandler
                0x0000000008003384                SPI3_IRQHandler
                0x0000000008003384                DMA1_Stream4_IRQHandler
                0x0000000008003384                FMC_IRQHandler
                0x0000000008003384                LPTIM1_IRQHandler
                0x0000000008003384                I2C4_ER_IRQHandler
                0x0000000008003384                DMA2_Stream6_IRQHandler
                0x0000000008003384                SAI1_IRQHandler
                0x0000000008003384                DMA1_Stream3_IRQHandler
 .text.HAL_Init
                0x0000000008003386       0x1a ./Drivers/STM32F7xx_HAL_Driver/Src/stm32f7xx_hal.o
                0x0000000008003386                HAL_Init
 .text.HAL_InitTick
                0x00000000080033a0       0x60 ./Drivers/STM32F7xx_HAL_Driver/Src/stm32f7xx_hal.o
                0x00000000080033a0                HAL_InitTick
 .text.HAL_IncTick
                0x0000000008003400       0x28 ./Drivers/STM32F7xx_HAL_Driver/Src/stm32f7xx_hal.o
                0x0000000008003400                HAL_IncTick
 .text.HAL_GetTick
                0x0000000008003428       0x18 ./Drivers/STM32F7xx_HAL_Driver/Src/stm32f7xx_hal.o
                0x0000000008003428                HAL_GetTick
 .text.HAL_Delay
                0x0000000008003440       0x48 ./Drivers/STM32F7xx_HAL_Driver/Src/stm32f7xx_hal.o
                0x0000000008003440                HAL_Delay
 .text.__NVIC_SetPriorityGrouping
                0x0000000008003488       0x48 ./Drivers/STM32F7xx_HAL_Driver/Src/stm32f7xx_hal_cortex.o
 .text.__NVIC_GetPriorityGrouping
                0x00000000080034d0       0x1c ./Drivers/STM32F7xx_HAL_Driver/Src/stm32f7xx_hal_cortex.o
 .text.__NVIC_EnableIRQ
                0x00000000080034ec       0x3c ./Drivers/STM32F7xx_HAL_Driver/Src/stm32f7xx_hal_cortex.o
 .text.__NVIC_SetPriority
                0x0000000008003528       0x54 ./Drivers/STM32F7xx_HAL_Driver/Src/stm32f7xx_hal_cortex.o
 .text.NVIC_EncodePriority
                0x000000000800357c       0x66 ./Drivers/STM32F7xx_HAL_Driver/Src/stm32f7xx_hal_cortex.o
 *fill*         0x00000000080035e2        0x2 
 .text.SysTick_Config
                0x00000000080035e4       0x44 ./Drivers/STM32F7xx_HAL_Driver/Src/stm32f7xx_hal_cortex.o
 .text.HAL_NVIC_SetPriorityGrouping
                0x0000000008003628       0x16 ./Drivers/STM32F7xx_HAL_Driver/Src/stm32f7xx_hal_cortex.o
                0x0000000008003628                HAL_NVIC_SetPriorityGrouping
 .text.HAL_NVIC_SetPriority
                0x000000000800363e       0x38 ./Drivers/STM32F7xx_HAL_Driver/Src/stm32f7xx_hal_cortex.o
                0x000000000800363e                HAL_NVIC_SetPriority
 .text.HAL_NVIC_EnableIRQ
                0x0000000008003676       0x1c ./Drivers/STM32F7xx_HAL_Driver/Src/stm32f7xx_hal_cortex.o
                0x0000000008003676                HAL_NVIC_EnableIRQ
 .text.HAL_SYSTICK_Config
                0x0000000008003692       0x18 ./Drivers/STM32F7xx_HAL_Driver/Src/stm32f7xx_hal_cortex.o
                0x0000000008003692                HAL_SYSTICK_Config
 .text.HAL_DMA_Abort
                0x00000000080036aa       0xe0 ./Drivers/STM32F7xx_HAL_Driver/Src/stm32f7xx_hal_dma.o
                0x00000000080036aa                HAL_DMA_Abort
 .text.HAL_DMA_Abort_IT
                0x000000000800378a       0x44 ./Drivers/STM32F7xx_HAL_Driver/Src/stm32f7xx_hal_dma.o
                0x000000000800378a                HAL_DMA_Abort_IT
 .text.HAL_DMA_GetState
                0x00000000080037ce       0x1c ./Drivers/STM32F7xx_HAL_Driver/Src/stm32f7xx_hal_dma.o
                0x00000000080037ce                HAL_DMA_GetState
 *fill*         0x00000000080037ea        0x2 
 .text.HAL_GPIO_Init
                0x00000000080037ec      0x358 ./Drivers/STM32F7xx_HAL_Driver/Src/stm32f7xx_hal_gpio.o
                0x00000000080037ec                HAL_GPIO_Init
 .text.HAL_GPIO_WritePin
                0x0000000008003b44       0x32 ./Drivers/STM32F7xx_HAL_Driver/Src/stm32f7xx_hal_gpio.o
                0x0000000008003b44                HAL_GPIO_WritePin
 *fill*         0x0000000008003b76        0x2 
 .text.HAL_I2C_Init
                0x0000000008003b78      0x120 ./Drivers/STM32F7xx_HAL_Driver/Src/stm32f7xx_hal_i2c.o
                0x0000000008003b78                HAL_I2C_Init
 .text.HAL_I2C_Master_Transmit_IT
                0x0000000008003c98       0xe0 ./Drivers/STM32F7xx_HAL_Driver/Src/stm32f7xx_hal_i2c.o
                0x0000000008003c98                HAL_I2C_Master_Transmit_IT
 .text.HAL_I2C_Master_Receive_IT
                0x0000000008003d78       0xe0 ./Drivers/STM32F7xx_HAL_Driver/Src/stm32f7xx_hal_i2c.o
                0x0000000008003d78                HAL_I2C_Master_Receive_IT
 .text.HAL_I2C_IsDeviceReady
                0x0000000008003e58      0x210 ./Drivers/STM32F7xx_HAL_Driver/Src/stm32f7xx_hal_i2c.o
                0x0000000008003e58                HAL_I2C_IsDeviceReady
 .text.HAL_I2C_EV_IRQHandler
                0x0000000008004068       0x34 ./Drivers/STM32F7xx_HAL_Driver/Src/stm32f7xx_hal_i2c.o
                0x0000000008004068                HAL_I2C_EV_IRQHandler
 .text.HAL_I2C_ER_IRQHandler
                0x000000000800409c       0xc2 ./Drivers/STM32F7xx_HAL_Driver/Src/stm32f7xx_hal_i2c.o
                0x000000000800409c                HAL_I2C_ER_IRQHandler
 .text.HAL_I2C_MasterTxCpltCallback
                0x000000000800415e       0x14 ./Drivers/STM32F7xx_HAL_Driver/Src/stm32f7xx_hal_i2c.o
                0x000000000800415e                HAL_I2C_MasterTxCpltCallback
 .text.HAL_I2C_MasterRxCpltCallback
                0x0000000008004172       0x14 ./Drivers/STM32F7xx_HAL_Driver/Src/stm32f7xx_hal_i2c.o
                0x0000000008004172                HAL_I2C_MasterRxCpltCallback
 .text.HAL_I2C_SlaveTxCpltCallback
                0x0000000008004186       0x14 ./Drivers/STM32F7xx_HAL_Driver/Src/stm32f7xx_hal_i2c.o
                0x0000000008004186                HAL_I2C_SlaveTxCpltCallback
 .text.HAL_I2C_SlaveRxCpltCallback
                0x000000000800419a       0x14 ./Drivers/STM32F7xx_HAL_Driver/Src/stm32f7xx_hal_i2c.o
                0x000000000800419a                HAL_I2C_SlaveRxCpltCallback
 .text.HAL_I2C_AddrCallback
                0x00000000080041ae       0x1c ./Drivers/STM32F7xx_HAL_Driver/Src/stm32f7xx_hal_i2c.o
                0x00000000080041ae                HAL_I2C_AddrCallback
 .text.HAL_I2C_ListenCpltCallback
                0x00000000080041ca       0x14 ./Drivers/STM32F7xx_HAL_Driver/Src/stm32f7xx_hal_i2c.o
                0x00000000080041ca                HAL_I2C_ListenCpltCallback
 .text.HAL_I2C_MemTxCpltCallback
                0x00000000080041de       0x14 ./Drivers/STM32F7xx_HAL_Driver/Src/stm32f7xx_hal_i2c.o
                0x00000000080041de                HAL_I2C_MemTxCpltCallback
 .text.HAL_I2C_MemRxCpltCallback
                0x00000000080041f2       0x14 ./Drivers/STM32F7xx_HAL_Driver/Src/stm32f7xx_hal_i2c.o
                0x00000000080041f2                HAL_I2C_MemRxCpltCallback
 .text.HAL_I2C_ErrorCallback
                0x0000000008004206       0x14 ./Drivers/STM32F7xx_HAL_Driver/Src/stm32f7xx_hal_i2c.o
                0x0000000008004206                HAL_I2C_ErrorCallback
 .text.HAL_I2C_AbortCpltCallback
                0x000000000800421a       0x14 ./Drivers/STM32F7xx_HAL_Driver/Src/stm32f7xx_hal_i2c.o
                0x000000000800421a                HAL_I2C_AbortCpltCallback
 .text.I2C_Master_ISR_IT
                0x000000000800422e      0x250 ./Drivers/STM32F7xx_HAL_Driver/Src/stm32f7xx_hal_i2c.o
 .text.I2C_Slave_ISR_IT
                0x000000000800447e      0x206 ./Drivers/STM32F7xx_HAL_Driver/Src/stm32f7xx_hal_i2c.o
 .text.I2C_Master_ISR_DMA
                0x0000000008004684      0x1e6 ./Drivers/STM32F7xx_HAL_Driver/Src/stm32f7xx_hal_i2c.o
 .text.I2C_Slave_ISR_DMA
                0x000000000800486a      0x1c0 ./Drivers/STM32F7xx_HAL_Driver/Src/stm32f7xx_hal_i2c.o
 .text.I2C_ITAddrCplt
                0x0000000008004a2a      0x108 ./Drivers/STM32F7xx_HAL_Driver/Src/stm32f7xx_hal_i2c.o
 .text.I2C_ITMasterSeqCplt
                0x0000000008004b32       0x7a ./Drivers/STM32F7xx_HAL_Driver/Src/stm32f7xx_hal_i2c.o
 .text.I2C_ITSlaveSeqCplt
                0x0000000008004bac       0xbc ./Drivers/STM32F7xx_HAL_Driver/Src/stm32f7xx_hal_i2c.o
 .text.I2C_ITMasterCplt
                0x0000000008004c68      0x194 ./Drivers/STM32F7xx_HAL_Driver/Src/stm32f7xx_hal_i2c.o
 .text.I2C_ITSlaveCplt
                0x0000000008004dfc      0x214 ./Drivers/STM32F7xx_HAL_Driver/Src/stm32f7xx_hal_i2c.o
 .text.I2C_ITListenCplt
                0x0000000008005010       0xac ./Drivers/STM32F7xx_HAL_Driver/Src/stm32f7xx_hal_i2c.o
 .text.I2C_ITError
                0x00000000080050bc      0x1a0 ./Drivers/STM32F7xx_HAL_Driver/Src/stm32f7xx_hal_i2c.o
 .text.I2C_TreatErrorCallback
                0x000000000800525c       0x4e ./Drivers/STM32F7xx_HAL_Driver/Src/stm32f7xx_hal_i2c.o
 .text.I2C_Flush_TXDR
                0x00000000080052aa       0x48 ./Drivers/STM32F7xx_HAL_Driver/Src/stm32f7xx_hal_i2c.o
 .text.I2C_DMAAbort
                0x00000000080052f2       0x3c ./Drivers/STM32F7xx_HAL_Driver/Src/stm32f7xx_hal_i2c.o
 .text.I2C_WaitOnFlagUntilTimeout
                0x000000000800532e       0x80 ./Drivers/STM32F7xx_HAL_Driver/Src/stm32f7xx_hal_i2c.o
 *fill*         0x00000000080053ae        0x2 
 .text.I2C_TransferConfig
                0x00000000080053b0       0x5c ./Drivers/STM32F7xx_HAL_Driver/Src/stm32f7xx_hal_i2c.o
 .text.I2C_Enable_IRQ
                0x000000000800540c       0xc8 ./Drivers/STM32F7xx_HAL_Driver/Src/stm32f7xx_hal_i2c.o
 .text.I2C_Disable_IRQ
                0x00000000080054d4       0xbc ./Drivers/STM32F7xx_HAL_Driver/Src/stm32f7xx_hal_i2c.o
 .text.HAL_I2CEx_ConfigAnalogFilter
                0x0000000008005590       0x96 ./Drivers/STM32F7xx_HAL_Driver/Src/stm32f7xx_hal_i2c_ex.o
                0x0000000008005590                HAL_I2CEx_ConfigAnalogFilter
 .text.HAL_I2CEx_ConfigDigitalFilter
                0x0000000008005626       0x98 ./Drivers/STM32F7xx_HAL_Driver/Src/stm32f7xx_hal_i2c_ex.o
                0x0000000008005626                HAL_I2CEx_ConfigDigitalFilter
 *fill*         0x00000000080056be        0x2 
 .text.HAL_RCC_OscConfig
                0x00000000080056c0      0x548 ./Drivers/STM32F7xx_HAL_Driver/Src/stm32f7xx_hal_rcc.o
                0x00000000080056c0                HAL_RCC_OscConfig
 .text.HAL_RCC_ClockConfig
                0x0000000008005c08      0x1d8 ./Drivers/STM32F7xx_HAL_Driver/Src/stm32f7xx_hal_rcc.o
                0x0000000008005c08                HAL_RCC_ClockConfig
 .text.HAL_RCC_GetSysClockFreq
                0x0000000008005de0      0x1c4 ./Drivers/STM32F7xx_HAL_Driver/Src/stm32f7xx_hal_rcc.o
                0x0000000008005de0                HAL_RCC_GetSysClockFreq
 .text.HAL_RCC_GetHCLKFreq
                0x0000000008005fa4       0x18 ./Drivers/STM32F7xx_HAL_Driver/Src/stm32f7xx_hal_rcc.o
                0x0000000008005fa4                HAL_RCC_GetHCLKFreq
 .text.HAL_RCC_GetPCLK1Freq
                0x0000000008005fbc       0x28 ./Drivers/STM32F7xx_HAL_Driver/Src/stm32f7xx_hal_rcc.o
                0x0000000008005fbc                HAL_RCC_GetPCLK1Freq
 .text.HAL_RCC_GetPCLK2Freq
                0x0000000008005fe4       0x28 ./Drivers/STM32F7xx_HAL_Driver/Src/stm32f7xx_hal_rcc.o
                0x0000000008005fe4                HAL_RCC_GetPCLK2Freq
 .text.HAL_RCCEx_PeriphCLKConfig
                0x000000000800600c      0x7e0 ./Drivers/STM32F7xx_HAL_Driver/Src/stm32f7xx_hal_rcc_ex.o
                0x000000000800600c                HAL_RCCEx_PeriphCLKConfig
 .text.HAL_TIM_Base_Init
                0x00000000080067ec       0xae ./Drivers/STM32F7xx_HAL_Driver/Src/stm32f7xx_hal_tim.o
                0x00000000080067ec                HAL_TIM_Base_Init
 *fill*         0x000000000800689a        0x2 
 .text.HAL_TIM_Base_Start
                0x000000000800689c       0xe0 ./Drivers/STM32F7xx_HAL_Driver/Src/stm32f7xx_hal_tim.o
                0x000000000800689c                HAL_TIM_Base_Start
 .text.HAL_TIM_Base_Start_IT
                0x000000000800697c       0xf0 ./Drivers/STM32F7xx_HAL_Driver/Src/stm32f7xx_hal_tim.o
                0x000000000800697c                HAL_TIM_Base_Start_IT
 .text.HAL_TIM_Base_Stop_IT
                0x0000000008006a6c       0x5e ./Drivers/STM32F7xx_HAL_Driver/Src/stm32f7xx_hal_tim.o
                0x0000000008006a6c                HAL_TIM_Base_Stop_IT
 .text.HAL_TIM_IRQHandler
                0x0000000008006aca      0x23e ./Drivers/STM32F7xx_HAL_Driver/Src/stm32f7xx_hal_tim.o
                0x0000000008006aca                HAL_TIM_IRQHandler
 .text.HAL_TIM_ConfigClockSource
                0x0000000008006d08      0x18c ./Drivers/STM32F7xx_HAL_Driver/Src/stm32f7xx_hal_tim.o
                0x0000000008006d08                HAL_TIM_ConfigClockSource
 .text.HAL_TIM_OC_DelayElapsedCallback
                0x0000000008006e94       0x14 ./Drivers/STM32F7xx_HAL_Driver/Src/stm32f7xx_hal_tim.o
                0x0000000008006e94                HAL_TIM_OC_DelayElapsedCallback
 .text.HAL_TIM_IC_CaptureCallback
                0x0000000008006ea8       0x14 ./Drivers/STM32F7xx_HAL_Driver/Src/stm32f7xx_hal_tim.o
                0x0000000008006ea8                HAL_TIM_IC_CaptureCallback
 .text.HAL_TIM_PWM_PulseFinishedCallback
                0x0000000008006ebc       0x14 ./Drivers/STM32F7xx_HAL_Driver/Src/stm32f7xx_hal_tim.o
                0x0000000008006ebc                HAL_TIM_PWM_PulseFinishedCallback
 .text.HAL_TIM_TriggerCallback
                0x0000000008006ed0       0x14 ./Drivers/STM32F7xx_HAL_Driver/Src/stm32f7xx_hal_tim.o
                0x0000000008006ed0                HAL_TIM_TriggerCallback
 .text.TIM_Base_SetConfig
                0x0000000008006ee4      0x140 ./Drivers/STM32F7xx_HAL_Driver/Src/stm32f7xx_hal_tim.o
                0x0000000008006ee4                TIM_Base_SetConfig
 .text.TIM_TI1_ConfigInputStage
                0x0000000008007024       0x5e ./Drivers/STM32F7xx_HAL_Driver/Src/stm32f7xx_hal_tim.o
 .text.TIM_TI2_ConfigInputStage
                0x0000000008007082       0x60 ./Drivers/STM32F7xx_HAL_Driver/Src/stm32f7xx_hal_tim.o
 .text.TIM_ITRx_SetConfig
                0x00000000080070e2       0x36 ./Drivers/STM32F7xx_HAL_Driver/Src/stm32f7xx_hal_tim.o
 .text.TIM_ETR_SetConfig
                0x0000000008007118       0x40 ./Drivers/STM32F7xx_HAL_Driver/Src/stm32f7xx_hal_tim.o
                0x0000000008007118                TIM_ETR_SetConfig
 .text.HAL_TIMEx_MasterConfigSynchronization
                0x0000000008007158      0x11c ./Drivers/STM32F7xx_HAL_Driver/Src/stm32f7xx_hal_tim_ex.o
                0x0000000008007158                HAL_TIMEx_MasterConfigSynchronization
 .text.HAL_TIMEx_CommutCallback
                0x0000000008007274       0x14 ./Drivers/STM32F7xx_HAL_Driver/Src/stm32f7xx_hal_tim_ex.o
                0x0000000008007274                HAL_TIMEx_CommutCallback
 .text.HAL_TIMEx_BreakCallback
                0x0000000008007288       0x14 ./Drivers/STM32F7xx_HAL_Driver/Src/stm32f7xx_hal_tim_ex.o
                0x0000000008007288                HAL_TIMEx_BreakCallback
 .text.HAL_TIMEx_Break2Callback
                0x000000000800729c       0x14 ./Drivers/STM32F7xx_HAL_Driver/Src/stm32f7xx_hal_tim_ex.o
                0x000000000800729c                HAL_TIMEx_Break2Callback
 .text.HAL_UART_Init
                0x00000000080072b0       0x9c ./Drivers/STM32F7xx_HAL_Driver/Src/stm32f7xx_hal_uart.o
                0x00000000080072b0                HAL_UART_Init
 .text.HAL_UART_Transmit_IT
                0x000000000800734c       0xb8 ./Drivers/STM32F7xx_HAL_Driver/Src/stm32f7xx_hal_uart.o
                0x000000000800734c                HAL_UART_Transmit_IT
 .text.HAL_UART_Receive_IT
                0x0000000008007404       0x7a ./Drivers/STM32F7xx_HAL_Driver/Src/stm32f7xx_hal_uart.o
                0x0000000008007404                HAL_UART_Receive_IT
 *fill*         0x000000000800747e        0x2 
 .text.HAL_UART_IRQHandler
                0x0000000008007480      0x3d8 ./Drivers/STM32F7xx_HAL_Driver/Src/stm32f7xx_hal_uart.o
                0x0000000008007480                HAL_UART_IRQHandler
 .text.HAL_UART_TxCpltCallback
                0x0000000008007858       0x14 ./Drivers/STM32F7xx_HAL_Driver/Src/stm32f7xx_hal_uart.o
                0x0000000008007858                HAL_UART_TxCpltCallback
 .text.HAL_UART_ErrorCallback
                0x000000000800786c       0x14 ./Drivers/STM32F7xx_HAL_Driver/Src/stm32f7xx_hal_uart.o
                0x000000000800786c                HAL_UART_ErrorCallback
 .text.HAL_UARTEx_RxEventCallback
                0x0000000008007880       0x18 ./Drivers/STM32F7xx_HAL_Driver/Src/stm32f7xx_hal_uart.o
                0x0000000008007880                HAL_UARTEx_RxEventCallback
 .text.UART_SetConfig
                0x0000000008007898      0x4c4 ./Drivers/STM32F7xx_HAL_Driver/Src/stm32f7xx_hal_uart.o
                0x0000000008007898                UART_SetConfig
 .text.UART_AdvFeatureConfig
                0x0000000008007d5c      0x144 ./Drivers/STM32F7xx_HAL_Driver/Src/stm32f7xx_hal_uart.o
                0x0000000008007d5c                UART_AdvFeatureConfig
 .text.UART_CheckIdleState
                0x0000000008007ea0       0x66 ./Drivers/STM32F7xx_HAL_Driver/Src/stm32f7xx_hal_uart.o
                0x0000000008007ea0                UART_CheckIdleState
 .text.UART_WaitOnFlagUntilTimeout
                0x0000000008007f06       0xf8 ./Drivers/STM32F7xx_HAL_Driver/Src/stm32f7xx_hal_uart.o
                0x0000000008007f06                UART_WaitOnFlagUntilTimeout
 *fill*         0x0000000008007ffe        0x2 
 .text.UART_Start_Receive_IT
                0x0000000008008000      0x110 ./Drivers/STM32F7xx_HAL_Driver/Src/stm32f7xx_hal_uart.o
                0x0000000008008000                UART_Start_Receive_IT
 .text.UART_EndRxTransfer
                0x0000000008008110       0x5e ./Drivers/STM32F7xx_HAL_Driver/Src/stm32f7xx_hal_uart.o
 .text.UART_DMAAbortOnError
                0x000000000800816e       0x2c ./Drivers/STM32F7xx_HAL_Driver/Src/stm32f7xx_hal_uart.o
 .text.UART_TxISR_8BIT
                0x000000000800819a       0x72 ./Drivers/STM32F7xx_HAL_Driver/Src/stm32f7xx_hal_uart.o
 .text.UART_TxISR_16BIT
                0x000000000800820c       0x7c ./Drivers/STM32F7xx_HAL_Driver/Src/stm32f7xx_hal_uart.o
 .text.UART_EndTransmit_IT
                0x0000000008008288       0x32 ./Drivers/STM32F7xx_HAL_Driver/Src/stm32f7xx_hal_uart.o
 .text.UART_RxISR_8BIT
                0x00000000080082ba       0xd4 ./Drivers/STM32F7xx_HAL_Driver/Src/stm32f7xx_hal_uart.o
 .text.UART_RxISR_16BIT
                0x000000000800838e       0xd4 ./Drivers/STM32F7xx_HAL_Driver/Src/stm32f7xx_hal_uart.o
 *fill*         0x0000000008008462        0x2 
 .text.__errno  0x0000000008008464        0xc d:/stm32cubeide/stm32cubeide_1.6.0/stm32cubeide/plugins/com.st.stm32cube.ide.mcu.externaltools.gnu-tools-for-stm32.9-2020-q2-update.win32_2.0.0.202105311346/tools/bin/../lib/gcc/arm-none-eabi/9.3.1/../../../../arm-none-eabi/lib/thumb/v7e-m+fp/hard\libc_nano.a(lib_a-errno.o)
                0x0000000008008464                __errno
 .text.__libc_init_array
                0x0000000008008470       0x48 d:/stm32cubeide/stm32cubeide_1.6.0/stm32cubeide/plugins/com.st.stm32cube.ide.mcu.externaltools.gnu-tools-for-stm32.9-2020-q2-update.win32_2.0.0.202105311346/tools/bin/../lib/gcc/arm-none-eabi/9.3.1/../../../../arm-none-eabi/lib/thumb/v7e-m+fp/hard\libc_nano.a(lib_a-init.o)
                0x0000000008008470                __libc_init_array
 .text.memset   0x00000000080084b8       0x10 d:/stm32cubeide/stm32cubeide_1.6.0/stm32cubeide/plugins/com.st.stm32cube.ide.mcu.externaltools.gnu-tools-for-stm32.9-2020-q2-update.win32_2.0.0.202105311346/tools/bin/../lib/gcc/arm-none-eabi/9.3.1/../../../../arm-none-eabi/lib/thumb/v7e-m+fp/hard\libc_nano.a(lib_a-memset.o)
                0x00000000080084b8                memset
 .text.printf   0x00000000080084c8       0x30 d:/stm32cubeide/stm32cubeide_1.6.0/stm32cubeide/plugins/com.st.stm32cube.ide.mcu.externaltools.gnu-tools-for-stm32.9-2020-q2-update.win32_2.0.0.202105311346/tools/bin/../lib/gcc/arm-none-eabi/9.3.1/../../../../arm-none-eabi/lib/thumb/v7e-m+fp/hard\libc_nano.a(lib_a-printf.o)
                0x00000000080084c8                iprintf
                0x00000000080084c8                printf
 .text._puts_r  0x00000000080084f8       0xdc d:/stm32cubeide/stm32cubeide_1.6.0/stm32cubeide/plugins/com.st.stm32cube.ide.mcu.externaltools.gnu-tools-for-stm32.9-2020-q2-update.win32_2.0.0.202105311346/tools/bin/../lib/gcc/arm-none-eabi/9.3.1/../../../../arm-none-eabi/lib/thumb/v7e-m+fp/hard\libc_nano.a(lib_a-puts.o)
                0x00000000080084f8                _puts_r
 .text.puts     0x00000000080085d4       0x10 d:/stm32cubeide/stm32cubeide_1.6.0/stm32cubeide/plugins/com.st.stm32cube.ide.mcu.externaltools.gnu-tools-for-stm32.9-2020-q2-update.win32_2.0.0.202105311346/tools/bin/../lib/gcc/arm-none-eabi/9.3.1/../../../../arm-none-eabi/lib/thumb/v7e-m+fp/hard\libc_nano.a(lib_a-puts.o)
                0x00000000080085d4                puts
 .text.__swbuf_r
                0x00000000080085e4       0xa4 d:/stm32cubeide/stm32cubeide_1.6.0/stm32cubeide/plugins/com.st.stm32cube.ide.mcu.externaltools.gnu-tools-for-stm32.9-2020-q2-update.win32_2.0.0.202105311346/tools/bin/../lib/gcc/arm-none-eabi/9.3.1/../../../../arm-none-eabi/lib/thumb/v7e-m+fp/hard\libc_nano.a(lib_a-wbuf.o)
                0x00000000080085e4                __swbuf_r
 .text.__swsetup_r
                0x0000000008008688       0xdc d:/stm32cubeide/stm32cubeide_1.6.0/stm32cubeide/plugins/com.st.stm32cube.ide.mcu.externaltools.gnu-tools-for-stm32.9-2020-q2-update.win32_2.0.0.202105311346/tools/bin/../lib/gcc/arm-none-eabi/9.3.1/../../../../arm-none-eabi/lib/thumb/v7e-m+fp/hard\libc_nano.a(lib_a-wsetup.o)
                0x0000000008008688                __swsetup_r
 .text.__sflush_r
                0x0000000008008764      0x10c d:/stm32cubeide/stm32cubeide_1.6.0/stm32cubeide/plugins/com.st.stm32cube.ide.mcu.externaltools.gnu-tools-for-stm32.9-2020-q2-update.win32_2.0.0.202105311346/tools/bin/../lib/gcc/arm-none-eabi/9.3.1/../../../../arm-none-eabi/lib/thumb/v7e-m+fp/hard\libc_nano.a(lib_a-fflush.o)
                0x0000000008008764                __sflush_r
 .text._fflush_r
                0x0000000008008870       0x78 d:/stm32cubeide/stm32cubeide_1.6.0/stm32cubeide/plugins/com.st.stm32cube.ide.mcu.externaltools.gnu-tools-for-stm32.9-2020-q2-update.win32_2.0.0.202105311346/tools/bin/../lib/gcc/arm-none-eabi/9.3.1/../../../../arm-none-eabi/lib/thumb/v7e-m+fp/hard\libc_nano.a(lib_a-fflush.o)
                0x0000000008008870                _fflush_r
 .text.std      0x00000000080088e8       0x48 d:/stm32cubeide/stm32cubeide_1.6.0/stm32cubeide/plugins/com.st.stm32cube.ide.mcu.externaltools.gnu-tools-for-stm32.9-2020-q2-update.win32_2.0.0.202105311346/tools/bin/../lib/gcc/arm-none-eabi/9.3.1/../../../../arm-none-eabi/lib/thumb/v7e-m+fp/hard\libc_nano.a(lib_a-findfp.o)
 .text._cleanup_r
                0x0000000008008930        0xc d:/stm32cubeide/stm32cubeide_1.6.0/stm32cubeide/plugins/com.st.stm32cube.ide.mcu.externaltools.gnu-tools-for-stm32.9-2020-q2-update.win32_2.0.0.202105311346/tools/bin/../lib/gcc/arm-none-eabi/9.3.1/../../../../arm-none-eabi/lib/thumb/v7e-m+fp/hard\libc_nano.a(lib_a-findfp.o)
                0x0000000008008930                _cleanup_r
 .text.__sfmoreglue
                0x000000000800893c       0x2c d:/stm32cubeide/stm32cubeide_1.6.0/stm32cubeide/plugins/com.st.stm32cube.ide.mcu.externaltools.gnu-tools-for-stm32.9-2020-q2-update.win32_2.0.0.202105311346/tools/bin/../lib/gcc/arm-none-eabi/9.3.1/../../../../arm-none-eabi/lib/thumb/v7e-m+fp/hard\libc_nano.a(lib_a-findfp.o)
                0x000000000800893c                __sfmoreglue
 .text.__sfp_lock_acquire
                0x0000000008008968        0xc d:/stm32cubeide/stm32cubeide_1.6.0/stm32cubeide/plugins/com.st.stm32cube.ide.mcu.externaltools.gnu-tools-for-stm32.9-2020-q2-update.win32_2.0.0.202105311346/tools/bin/../lib/gcc/arm-none-eabi/9.3.1/../../../../arm-none-eabi/lib/thumb/v7e-m+fp/hard\libc_nano.a(lib_a-findfp.o)
                0x0000000008008968                __sfp_lock_acquire
 .text.__sfp_lock_release
                0x0000000008008974        0xc d:/stm32cubeide/stm32cubeide_1.6.0/stm32cubeide/plugins/com.st.stm32cube.ide.mcu.externaltools.gnu-tools-for-stm32.9-2020-q2-update.win32_2.0.0.202105311346/tools/bin/../lib/gcc/arm-none-eabi/9.3.1/../../../../arm-none-eabi/lib/thumb/v7e-m+fp/hard\libc_nano.a(lib_a-findfp.o)
                0x0000000008008974                __sfp_lock_release
 .text.__sinit_lock_acquire
                0x0000000008008980        0xc d:/stm32cubeide/stm32cubeide_1.6.0/stm32cubeide/plugins/com.st.stm32cube.ide.mcu.externaltools.gnu-tools-for-stm32.9-2020-q2-update.win32_2.0.0.202105311346/tools/bin/../lib/gcc/arm-none-eabi/9.3.1/../../../../arm-none-eabi/lib/thumb/v7e-m+fp/hard\libc_nano.a(lib_a-findfp.o)
                0x0000000008008980                __sinit_lock_acquire
 .text.__sinit_lock_release
                0x000000000800898c        0xc d:/stm32cubeide/stm32cubeide_1.6.0/stm32cubeide/plugins/com.st.stm32cube.ide.mcu.externaltools.gnu-tools-for-stm32.9-2020-q2-update.win32_2.0.0.202105311346/tools/bin/../lib/gcc/arm-none-eabi/9.3.1/../../../../arm-none-eabi/lib/thumb/v7e-m+fp/hard\libc_nano.a(lib_a-findfp.o)
                0x000000000800898c                __sinit_lock_release
 .text.__sinit  0x0000000008008998       0x70 d:/stm32cubeide/stm32cubeide_1.6.0/stm32cubeide/plugins/com.st.stm32cube.ide.mcu.externaltools.gnu-tools-for-stm32.9-2020-q2-update.win32_2.0.0.202105311346/tools/bin/../lib/gcc/arm-none-eabi/9.3.1/../../../../arm-none-eabi/lib/thumb/v7e-m+fp/hard\libc_nano.a(lib_a-findfp.o)
                0x0000000008008998                __sinit
 .text.__sfp    0x0000000008008a08       0x8c d:/stm32cubeide/stm32cubeide_1.6.0/stm32cubeide/plugins/com.st.stm32cube.ide.mcu.externaltools.gnu-tools-for-stm32.9-2020-q2-update.win32_2.0.0.202105311346/tools/bin/../lib/gcc/arm-none-eabi/9.3.1/../../../../arm-none-eabi/lib/thumb/v7e-m+fp/hard\libc_nano.a(lib_a-findfp.o)
                0x0000000008008a08                __sfp
 .text._fwalk_reent
                0x0000000008008a94       0x3e d:/stm32cubeide/stm32cubeide_1.6.0/stm32cubeide/plugins/com.st.stm32cube.ide.mcu.externaltools.gnu-tools-for-stm32.9-2020-q2-update.win32_2.0.0.202105311346/tools/bin/../lib/gcc/arm-none-eabi/9.3.1/../../../../arm-none-eabi/lib/thumb/v7e-m+fp/hard\libc_nano.a(lib_a-fwalk.o)
                0x0000000008008a94                _fwalk_reent
 .text.__retarget_lock_init_recursive
                0x0000000008008ad2        0x2 d:/stm32cubeide/stm32cubeide_1.6.0/stm32cubeide/plugins/com.st.stm32cube.ide.mcu.externaltools.gnu-tools-for-stm32.9-2020-q2-update.win32_2.0.0.202105311346/tools/bin/../lib/gcc/arm-none-eabi/9.3.1/../../../../arm-none-eabi/lib/thumb/v7e-m+fp/hard\libc_nano.a(lib_a-lock.o)
                0x0000000008008ad2                __retarget_lock_init_recursive
 .text.__retarget_lock_acquire_recursive
                0x0000000008008ad4        0x2 d:/stm32cubeide/stm32cubeide_1.6.0/stm32cubeide/plugins/com.st.stm32cube.ide.mcu.externaltools.gnu-tools-for-stm32.9-2020-q2-update.win32_2.0.0.202105311346/tools/bin/../lib/gcc/arm-none-eabi/9.3.1/../../../../arm-none-eabi/lib/thumb/v7e-m+fp/hard\libc_nano.a(lib_a-lock.o)
                0x0000000008008ad4                __retarget_lock_acquire_recursive
 .text.__retarget_lock_release_recursive
                0x0000000008008ad6        0x2 d:/stm32cubeide/stm32cubeide_1.6.0/stm32cubeide/plugins/com.st.stm32cube.ide.mcu.externaltools.gnu-tools-for-stm32.9-2020-q2-update.win32_2.0.0.202105311346/tools/bin/../lib/gcc/arm-none-eabi/9.3.1/../../../../arm-none-eabi/lib/thumb/v7e-m+fp/hard\libc_nano.a(lib_a-lock.o)
                0x0000000008008ad6                __retarget_lock_release_recursive
 .text.__swhatbuf_r
                0x0000000008008ad8       0x48 d:/stm32cubeide/stm32cubeide_1.6.0/stm32cubeide/plugins/com.st.stm32cube.ide.mcu.externaltools.gnu-tools-for-stm32.9-2020-q2-update.win32_2.0.0.202105311346/tools/bin/../lib/gcc/arm-none-eabi/9.3.1/../../../../arm-none-eabi/lib/thumb/v7e-m+fp/hard\libc_nano.a(lib_a-makebuf.o)
                0x0000000008008ad8                __swhatbuf_r
 .text.__smakebuf_r
                0x0000000008008b20       0x80 d:/stm32cubeide/stm32cubeide_1.6.0/stm32cubeide/plugins/com.st.stm32cube.ide.mcu.externaltools.gnu-tools-for-stm32.9-2020-q2-update.win32_2.0.0.202105311346/tools/bin/../lib/gcc/arm-none-eabi/9.3.1/../../../../arm-none-eabi/lib/thumb/v7e-m+fp/hard\libc_nano.a(lib_a-makebuf.o)
                0x0000000008008b20                __smakebuf_r
 .text._free_r  0x0000000008008ba0       0xa0 d:/stm32cubeide/stm32cubeide_1.6.0/stm32cubeide/plugins/com.st.stm32cube.ide.mcu.externaltools.gnu-tools-for-stm32.9-2020-q2-update.win32_2.0.0.202105311346/tools/bin/../lib/gcc/arm-none-eabi/9.3.1/../../../../arm-none-eabi/lib/thumb/v7e-m+fp/hard\libc_nano.a(lib_a-nano-freer.o)
                0x0000000008008ba0                _free_r
 .text._malloc_r
                0x0000000008008c40       0xb4 d:/stm32cubeide/stm32cubeide_1.6.0/stm32cubeide/plugins/com.st.stm32cube.ide.mcu.externaltools.gnu-tools-for-stm32.9-2020-q2-update.win32_2.0.0.202105311346/tools/bin/../lib/gcc/arm-none-eabi/9.3.1/../../../../arm-none-eabi/lib/thumb/v7e-m+fp/hard\libc_nano.a(lib_a-nano-mallocr.o)
                0x0000000008008c40                _malloc_r
 .text.__sfputc_r
                0x0000000008008cf4       0x2e d:/stm32cubeide/stm32cubeide_1.6.0/stm32cubeide/plugins/com.st.stm32cube.ide.mcu.externaltools.gnu-tools-for-stm32.9-2020-q2-update.win32_2.0.0.202105311346/tools/bin/../lib/gcc/arm-none-eabi/9.3.1/../../../../arm-none-eabi/lib/thumb/v7e-m+fp/hard\libc_nano.a(lib_a-nano-vfprintf.o)
 .text.__sfputs_r
                0x0000000008008d22       0x24 d:/stm32cubeide/stm32cubeide_1.6.0/stm32cubeide/plugins/com.st.stm32cube.ide.mcu.externaltools.gnu-tools-for-stm32.9-2020-q2-update.win32_2.0.0.202105311346/tools/bin/../lib/gcc/arm-none-eabi/9.3.1/../../../../arm-none-eabi/lib/thumb/v7e-m+fp/hard\libc_nano.a(lib_a-nano-vfprintf.o)
                0x0000000008008d22                __sfputs_r
 *fill*         0x0000000008008d46        0x2 
 .text._vfprintf_r
                0x0000000008008d48      0x260 d:/stm32cubeide/stm32cubeide_1.6.0/stm32cubeide/plugins/com.st.stm32cube.ide.mcu.externaltools.gnu-tools-for-stm32.9-2020-q2-update.win32_2.0.0.202105311346/tools/bin/../lib/gcc/arm-none-eabi/9.3.1/../../../../arm-none-eabi/lib/thumb/v7e-m+fp/hard\libc_nano.a(lib_a-nano-vfprintf.o)
                0x0000000008008d48                _vfprintf_r
                0x0000000008008d48                _vfiprintf_r
 .text._printf_common
                0x0000000008008fa8       0xda d:/stm32cubeide/stm32cubeide_1.6.0/stm32cubeide/plugins/com.st.stm32cube.ide.mcu.externaltools.gnu-tools-for-stm32.9-2020-q2-update.win32_2.0.0.202105311346/tools/bin/../lib/gcc/arm-none-eabi/9.3.1/../../../../arm-none-eabi/lib/thumb/v7e-m+fp/hard\libc_nano.a(lib_a-nano-vfprintf_i.o)
                0x0000000008008fa8                _printf_common
 *fill*         0x0000000008009082        0x2 
 .text._printf_i
                0x0000000008009084      0x24c d:/stm32cubeide/stm32cubeide_1.6.0/stm32cubeide/plugins/com.st.stm32cube.ide.mcu.externaltools.gnu-tools-for-stm32.9-2020-q2-update.win32_2.0.0.202105311346/tools/bin/../lib/gcc/arm-none-eabi/9.3.1/../../../../arm-none-eabi/lib/thumb/v7e-m+fp/hard\libc_nano.a(lib_a-nano-vfprintf_i.o)
                0x0000000008009084                _printf_i
 .text._sbrk_r  0x00000000080092d0       0x20 d:/stm32cubeide/stm32cubeide_1.6.0/stm32cubeide/plugins/com.st.stm32cube.ide.mcu.externaltools.gnu-tools-for-stm32.9-2020-q2-update.win32_2.0.0.202105311346/tools/bin/../lib/gcc/arm-none-eabi/9.3.1/../../../../arm-none-eabi/lib/thumb/v7e-m+fp/hard\libc_nano.a(lib_a-sbrkr.o)
                0x00000000080092d0                _sbrk_r
 .text.__sread  0x00000000080092f0       0x22 d:/stm32cubeide/stm32cubeide_1.6.0/stm32cubeide/plugins/com.st.stm32cube.ide.mcu.externaltools.gnu-tools-for-stm32.9-2020-q2-update.win32_2.0.0.202105311346/tools/bin/../lib/gcc/arm-none-eabi/9.3.1/../../../../arm-none-eabi/lib/thumb/v7e-m+fp/hard\libc_nano.a(lib_a-stdio.o)
                0x00000000080092f0                __sread
 .text.__swrite
                0x0000000008009312       0x38 d:/stm32cubeide/stm32cubeide_1.6.0/stm32cubeide/plugins/com.st.stm32cube.ide.mcu.externaltools.gnu-tools-for-stm32.9-2020-q2-update.win32_2.0.0.202105311346/tools/bin/../lib/gcc/arm-none-eabi/9.3.1/../../../../arm-none-eabi/lib/thumb/v7e-m+fp/hard\libc_nano.a(lib_a-stdio.o)
                0x0000000008009312                __swrite
 .text.__sseek  0x000000000800934a       0x24 d:/stm32cubeide/stm32cubeide_1.6.0/stm32cubeide/plugins/com.st.stm32cube.ide.mcu.externaltools.gnu-tools-for-stm32.9-2020-q2-update.win32_2.0.0.202105311346/tools/bin/../lib/gcc/arm-none-eabi/9.3.1/../../../../arm-none-eabi/lib/thumb/v7e-m+fp/hard\libc_nano.a(lib_a-stdio.o)
                0x000000000800934a                __sseek
 .text.__sclose
                0x000000000800936e        0x8 d:/stm32cubeide/stm32cubeide_1.6.0/stm32cubeide/plugins/com.st.stm32cube.ide.mcu.externaltools.gnu-tools-for-stm32.9-2020-q2-update.win32_2.0.0.202105311346/tools/bin/../lib/gcc/arm-none-eabi/9.3.1/../../../../arm-none-eabi/lib/thumb/v7e-m+fp/hard\libc_nano.a(lib_a-stdio.o)
                0x000000000800936e                __sclose
 *fill*         0x0000000008009376        0x2 
 .text._write_r
                0x0000000008009378       0x24 d:/stm32cubeide/stm32cubeide_1.6.0/stm32cubeide/plugins/com.st.stm32cube.ide.mcu.externaltools.gnu-tools-for-stm32.9-2020-q2-update.win32_2.0.0.202105311346/tools/bin/../lib/gcc/arm-none-eabi/9.3.1/../../../../arm-none-eabi/lib/thumb/v7e-m+fp/hard\libc_nano.a(lib_a-writer.o)
                0x0000000008009378                _write_r
 .text._close_r
                0x000000000800939c       0x20 d:/stm32cubeide/stm32cubeide_1.6.0/stm32cubeide/plugins/com.st.stm32cube.ide.mcu.externaltools.gnu-tools-for-stm32.9-2020-q2-update.win32_2.0.0.202105311346/tools/bin/../lib/gcc/arm-none-eabi/9.3.1/../../../../arm-none-eabi/lib/thumb/v7e-m+fp/hard\libc_nano.a(lib_a-closer.o)
                0x000000000800939c                _close_r
 .text._fstat_r
                0x00000000080093bc       0x24 d:/stm32cubeide/stm32cubeide_1.6.0/stm32cubeide/plugins/com.st.stm32cube.ide.mcu.externaltools.gnu-tools-for-stm32.9-2020-q2-update.win32_2.0.0.202105311346/tools/bin/../lib/gcc/arm-none-eabi/9.3.1/../../../../arm-none-eabi/lib/thumb/v7e-m+fp/hard\libc_nano.a(lib_a-fstatr.o)
                0x00000000080093bc                _fstat_r
 .text._isatty_r
                0x00000000080093e0       0x20 d:/stm32cubeide/stm32cubeide_1.6.0/stm32cubeide/plugins/com.st.stm32cube.ide.mcu.externaltools.gnu-tools-for-stm32.9-2020-q2-update.win32_2.0.0.202105311346/tools/bin/../lib/gcc/arm-none-eabi/9.3.1/../../../../arm-none-eabi/lib/thumb/v7e-m+fp/hard\libc_nano.a(lib_a-isattyr.o)
                0x00000000080093e0                _isatty_r
 .text._lseek_r
                0x0000000008009400       0x24 d:/stm32cubeide/stm32cubeide_1.6.0/stm32cubeide/plugins/com.st.stm32cube.ide.mcu.externaltools.gnu-tools-for-stm32.9-2020-q2-update.win32_2.0.0.202105311346/tools/bin/../lib/gcc/arm-none-eabi/9.3.1/../../../../arm-none-eabi/lib/thumb/v7e-m+fp/hard\libc_nano.a(lib_a-lseekr.o)
                0x0000000008009400                _lseek_r
 .text.__malloc_lock
                0x0000000008009424        0xc d:/stm32cubeide/stm32cubeide_1.6.0/stm32cubeide/plugins/com.st.stm32cube.ide.mcu.externaltools.gnu-tools-for-stm32.9-2020-q2-update.win32_2.0.0.202105311346/tools/bin/../lib/gcc/arm-none-eabi/9.3.1/../../../../arm-none-eabi/lib/thumb/v7e-m+fp/hard\libc_nano.a(lib_a-mlock.o)
                0x0000000008009424                __malloc_lock
 .text.__malloc_unlock
                0x0000000008009430        0xc d:/stm32cubeide/stm32cubeide_1.6.0/stm32cubeide/plugins/com.st.stm32cube.ide.mcu.externaltools.gnu-tools-for-stm32.9-2020-q2-update.win32_2.0.0.202105311346/tools/bin/../lib/gcc/arm-none-eabi/9.3.1/../../../../arm-none-eabi/lib/thumb/v7e-m+fp/hard\libc_nano.a(lib_a-mlock.o)
                0x0000000008009430                __malloc_unlock
 .text._read_r  0x000000000800943c       0x24 d:/stm32cubeide/stm32cubeide_1.6.0/stm32cubeide/plugins/com.st.stm32cube.ide.mcu.externaltools.gnu-tools-for-stm32.9-2020-q2-update.win32_2.0.0.202105311346/tools/bin/../lib/gcc/arm-none-eabi/9.3.1/../../../../arm-none-eabi/lib/thumb/v7e-m+fp/hard\libc_nano.a(lib_a-readr.o)
                0x000000000800943c                _read_r
 *(.glue_7)
 .glue_7        0x0000000008009460        0x0 linker stubs
 *(.glue_7t)
 .glue_7t       0x0000000008009460        0x0 linker stubs
 *(.eh_frame)
 .eh_frame      0x0000000008009460        0x0 d:/stm32cubeide/stm32cubeide_1.6.0/stm32cubeide/plugins/com.st.stm32cube.ide.mcu.externaltools.gnu-tools-for-stm32.9-2020-q2-update.win32_2.0.0.202105311346/tools/bin/../lib/gcc/arm-none-eabi/9.3.1/thumb/v7e-m+fp/hard/crtbegin.o
 *(.init)
 .init          0x0000000008009460        0x4 d:/stm32cubeide/stm32cubeide_1.6.0/stm32cubeide/plugins/com.st.stm32cube.ide.mcu.externaltools.gnu-tools-for-stm32.9-2020-q2-update.win32_2.0.0.202105311346/tools/bin/../lib/gcc/arm-none-eabi/9.3.1/thumb/v7e-m+fp/hard/crti.o
                0x0000000008009460                _init
 .init          0x0000000008009464        0x8 d:/stm32cubeide/stm32cubeide_1.6.0/stm32cubeide/plugins/com.st.stm32cube.ide.mcu.externaltools.gnu-tools-for-stm32.9-2020-q2-update.win32_2.0.0.202105311346/tools/bin/../lib/gcc/arm-none-eabi/9.3.1/thumb/v7e-m+fp/hard/crtn.o
 *(.fini)
 .fini          0x000000000800946c        0x4 d:/stm32cubeide/stm32cubeide_1.6.0/stm32cubeide/plugins/com.st.stm32cube.ide.mcu.externaltools.gnu-tools-for-stm32.9-2020-q2-update.win32_2.0.0.202105311346/tools/bin/../lib/gcc/arm-none-eabi/9.3.1/thumb/v7e-m+fp/hard/crti.o
                0x000000000800946c                _fini
 .fini          0x0000000008009470        0x8 d:/stm32cubeide/stm32cubeide_1.6.0/stm32cubeide/plugins/com.st.stm32cube.ide.mcu.externaltools.gnu-tools-for-stm32.9-2020-q2-update.win32_2.0.0.202105311346/tools/bin/../lib/gcc/arm-none-eabi/9.3.1/thumb/v7e-m+fp/hard/crtn.o
                0x0000000008009478                . = ALIGN (0x4)
                0x0000000008009478                _etext = .

.vfp11_veneer   0x0000000008009478        0x0
 .vfp11_veneer  0x0000000008009478        0x0 linker stubs

.v4_bx          0x0000000008009478        0x0
 .v4_bx         0x0000000008009478        0x0 linker stubs

.iplt           0x0000000008009478        0x0
 .iplt          0x0000000008009478        0x0 d:/stm32cubeide/stm32cubeide_1.6.0/stm32cubeide/plugins/com.st.stm32cube.ide.mcu.externaltools.gnu-tools-for-stm32.9-2020-q2-update.win32_2.0.0.202105311346/tools/bin/../lib/gcc/arm-none-eabi/9.3.1/thumb/v7e-m+fp/hard/crtbegin.o

.rodata         0x0000000008009478      0x1c8
                0x0000000008009478                . = ALIGN (0x4)
 *(.rodata)
 .rodata        0x0000000008009478       0x1f ./Core/Src/Battery1_Maintenance_General_Info.o
 *fill*         0x0000000008009497        0x1 
 .rodata        0x0000000008009498        0xe ./Core/Src/Results_Auto_Test_Bat1_Maintenance.o
 *fill*         0x00000000080094a6        0x2 
 .rodata        0x00000000080094a8       0xa5 ./Core/Src/Specific_parameters_main_BAT1.o
 *fill*         0x000000000800954d        0x3 
 .rodata        0x0000000008009550       0x40 ./Core/Src/main.o
 *(.rodata*)
 .rodata.AHBPrescTable
                0x0000000008009590       0x10 ./Core/Src/system_stm32f7xx.o
                0x0000000008009590                AHBPrescTable
 .rodata.APBPrescTable
                0x00000000080095a0        0x8 ./Core/Src/system_stm32f7xx.o
                0x00000000080095a0                APBPrescTable
 .rodata._global_impure_ptr
                0x00000000080095a8        0x4 d:/stm32cubeide/stm32cubeide_1.6.0/stm32cubeide/plugins/com.st.stm32cube.ide.mcu.externaltools.gnu-tools-for-stm32.9-2020-q2-update.win32_2.0.0.202105311346/tools/bin/../lib/gcc/arm-none-eabi/9.3.1/../../../../arm-none-eabi/lib/thumb/v7e-m+fp/hard\libc_nano.a(lib_a-impure.o)
                0x00000000080095a8                _global_impure_ptr
 .rodata.__sf_fake_stderr
                0x00000000080095ac       0x20 d:/stm32cubeide/stm32cubeide_1.6.0/stm32cubeide/plugins/com.st.stm32cube.ide.mcu.externaltools.gnu-tools-for-stm32.9-2020-q2-update.win32_2.0.0.202105311346/tools/bin/../lib/gcc/arm-none-eabi/9.3.1/../../../../arm-none-eabi/lib/thumb/v7e-m+fp/hard\libc_nano.a(lib_a-findfp.o)
                0x00000000080095ac                __sf_fake_stderr
 .rodata.__sf_fake_stdin
                0x00000000080095cc       0x20 d:/stm32cubeide/stm32cubeide_1.6.0/stm32cubeide/plugins/com.st.stm32cube.ide.mcu.externaltools.gnu-tools-for-stm32.9-2020-q2-update.win32_2.0.0.202105311346/tools/bin/../lib/gcc/arm-none-eabi/9.3.1/../../../../arm-none-eabi/lib/thumb/v7e-m+fp/hard\libc_nano.a(lib_a-findfp.o)
                0x00000000080095cc                __sf_fake_stdin
 .rodata.__sf_fake_stdout
                0x00000000080095ec       0x20 d:/stm32cubeide/stm32cubeide_1.6.0/stm32cubeide/plugins/com.st.stm32cube.ide.mcu.externaltools.gnu-tools-for-stm32.9-2020-q2-update.win32_2.0.0.202105311346/tools/bin/../lib/gcc/arm-none-eabi/9.3.1/../../../../arm-none-eabi/lib/thumb/v7e-m+fp/hard\libc_nano.a(lib_a-findfp.o)
                0x00000000080095ec                __sf_fake_stdout
 .rodata._vfprintf_r.str1.1
                0x000000000800960c       0x11 d:/stm32cubeide/stm32cubeide_1.6.0/stm32cubeide/plugins/com.st.stm32cube.ide.mcu.externaltools.gnu-tools-for-stm32.9-2020-q2-update.win32_2.0.0.202105311346/tools/bin/../lib/gcc/arm-none-eabi/9.3.1/../../../../arm-none-eabi/lib/thumb/v7e-m+fp/hard\libc_nano.a(lib_a-nano-vfprintf.o)
 .rodata._printf_i.str1.1
                0x000000000800961d       0x22 d:/stm32cubeide/stm32cubeide_1.6.0/stm32cubeide/plugins/com.st.stm32cube.ide.mcu.externaltools.gnu-tools-for-stm32.9-2020-q2-update.win32_2.0.0.202105311346/tools/bin/../lib/gcc/arm-none-eabi/9.3.1/../../../../arm-none-eabi/lib/thumb/v7e-m+fp/hard\libc_nano.a(lib_a-nano-vfprintf_i.o)
                0x0000000008009640                . = ALIGN (0x4)
 *fill*         0x000000000800963f        0x1 

.ARM.extab      0x0000000008009640        0x0
                0x0000000008009640                . = ALIGN (0x4)
 *(.ARM.extab* .gnu.linkonce.armextab.*)
                0x0000000008009640                . = ALIGN (0x4)

.ARM            0x0000000008009640        0x8
                0x0000000008009640                . = ALIGN (0x4)
                0x0000000008009640                __exidx_start = .
 *(.ARM.exidx*)
 .ARM.exidx     0x0000000008009640        0x8 d:/stm32cubeide/stm32cubeide_1.6.0/stm32cubeide/plugins/com.st.stm32cube.ide.mcu.externaltools.gnu-tools-for-stm32.9-2020-q2-update.win32_2.0.0.202105311346/tools/bin/../lib/gcc/arm-none-eabi/9.3.1/thumb/v7e-m+fp/hard\libgcc.a(_udivmoddi4.o)
                0x0000000008009648                __exidx_end = .
                0x0000000008009648                . = ALIGN (0x4)

.rel.dyn        0x0000000008009648        0x0
 .rel.iplt      0x0000000008009648        0x0 d:/stm32cubeide/stm32cubeide_1.6.0/stm32cubeide/plugins/com.st.stm32cube.ide.mcu.externaltools.gnu-tools-for-stm32.9-2020-q2-update.win32_2.0.0.202105311346/tools/bin/../lib/gcc/arm-none-eabi/9.3.1/thumb/v7e-m+fp/hard/crtbegin.o

.preinit_array  0x0000000008009648        0x0
                0x0000000008009648                . = ALIGN (0x4)
                0x0000000008009648                PROVIDE (__preinit_array_start = .)
 *(.preinit_array*)
                0x0000000008009648                PROVIDE (__preinit_array_end = .)
                0x0000000008009648                . = ALIGN (0x4)

.init_array     0x0000000008009648        0x4
                0x0000000008009648                . = ALIGN (0x4)
                0x0000000008009648                PROVIDE (__init_array_start = .)
 *(SORT_BY_NAME(.init_array.*))
 *(.init_array*)
 .init_array    0x0000000008009648        0x4 d:/stm32cubeide/stm32cubeide_1.6.0/stm32cubeide/plugins/com.st.stm32cube.ide.mcu.externaltools.gnu-tools-for-stm32.9-2020-q2-update.win32_2.0.0.202105311346/tools/bin/../lib/gcc/arm-none-eabi/9.3.1/thumb/v7e-m+fp/hard/crtbegin.o
                0x000000000800964c                PROVIDE (__init_array_end = .)
                0x000000000800964c                . = ALIGN (0x4)

.fini_array     0x000000000800964c        0x4
                0x000000000800964c                . = ALIGN (0x4)
                [!provide]                        PROVIDE (__fini_array_start = .)
 *(SORT_BY_NAME(.fini_array.*))
 *(.fini_array*)
 .fini_array    0x000000000800964c        0x4 d:/stm32cubeide/stm32cubeide_1.6.0/stm32cubeide/plugins/com.st.stm32cube.ide.mcu.externaltools.gnu-tools-for-stm32.9-2020-q2-update.win32_2.0.0.202105311346/tools/bin/../lib/gcc/arm-none-eabi/9.3.1/thumb/v7e-m+fp/hard/crtbegin.o
                [!provide]                        PROVIDE (__fini_array_end = .)
                0x0000000008009650                . = ALIGN (0x4)
                0x0000000008009650                _sidata = LOADADDR (.data)

.data           0x0000000020000000       0x74 load address 0x0000000008009650
                0x0000000020000000                . = ALIGN (0x4)
                0x0000000020000000                _sdata = .
 *(.data)
 *(.data*)
 .data.bat1_specific_info_rte_flag
                0x0000000020000000        0x1 ./Core/Src/main.o
                0x0000000020000000                bat1_specific_info_rte_flag
 .data.connect_flag
                0x0000000020000001        0x1 ./Core/Src/main.o
                0x0000000020000001                connect_flag
 *fill*         0x0000000020000002        0x2 
 .data.SystemCoreClock
                0x0000000020000004        0x4 ./Core/Src/system_stm32f7xx.o
                0x0000000020000004                SystemCoreClock
 .data.uwTickPrio
                0x0000000020000008        0x4 ./Drivers/STM32F7xx_HAL_Driver/Src/stm32f7xx_hal.o
                0x0000000020000008                uwTickPrio
 .data.uwTickFreq
                0x000000002000000c        0x1 ./Drivers/STM32F7xx_HAL_Driver/Src/stm32f7xx_hal.o
                0x000000002000000c                uwTickFreq
 *fill*         0x000000002000000d        0x3 
 .data._impure_ptr
                0x0000000020000010        0x4 d:/stm32cubeide/stm32cubeide_1.6.0/stm32cubeide/plugins/com.st.stm32cube.ide.mcu.externaltools.gnu-tools-for-stm32.9-2020-q2-update.win32_2.0.0.202105311346/tools/bin/../lib/gcc/arm-none-eabi/9.3.1/../../../../arm-none-eabi/lib/thumb/v7e-m+fp/hard\libc_nano.a(lib_a-impure.o)
                0x0000000020000010                _impure_ptr
 .data.impure_data
                0x0000000020000014       0x60 d:/stm32cubeide/stm32cubeide_1.6.0/stm32cubeide/plugins/com.st.stm32cube.ide.mcu.externaltools.gnu-tools-for-stm32.9-2020-q2-update.win32_2.0.0.202105311346/tools/bin/../lib/gcc/arm-none-eabi/9.3.1/../../../../arm-none-eabi/lib/thumb/v7e-m+fp/hard\libc_nano.a(lib_a-impure.o)
 *(.RamFunc)
 *(.RamFunc*)
                0x0000000020000074                . = ALIGN (0x4)
                0x0000000020000074                _edata = .

.igot.plt       0x0000000020000074        0x0 load address 0x00000000080096c4
 .igot.plt      0x0000000020000074        0x0 d:/stm32cubeide/stm32cubeide_1.6.0/stm32cubeide/plugins/com.st.stm32cube.ide.mcu.externaltools.gnu-tools-for-stm32.9-2020-q2-update.win32_2.0.0.202105311346/tools/bin/../lib/gcc/arm-none-eabi/9.3.1/thumb/v7e-m+fp/hard/crtbegin.o
                0x0000000020000074                . = ALIGN (0x4)

.bss            0x0000000020000074      0x258 load address 0x00000000080096c4
                0x0000000020000074                _sbss = .
                0x0000000020000074                __bss_start__ = _sbss
 *(.bss)
 .bss           0x0000000020000074       0x1c d:/stm32cubeide/stm32cubeide_1.6.0/stm32cubeide/plugins/com.st.stm32cube.ide.mcu.externaltools.gnu-tools-for-stm32.9-2020-q2-update.win32_2.0.0.202105311346/tools/bin/../lib/gcc/arm-none-eabi/9.3.1/thumb/v7e-m+fp/hard/crtbegin.o
 *(.bss*)
 .bss._bat1timerfunc
                0x0000000020000090        0x1 ./Core/Src/main.o
                0x0000000020000090                _bat1timerfunc
 .bss._bat1_15min_wait_over
                0x0000000020000091        0x1 ./Core/Src/main.o
                0x0000000020000091                _bat1_15min_wait_over
 .bss._bat1_counter_var
                0x0000000020000092        0x2 ./Core/Src/main.o
                0x0000000020000092                _bat1_counter_var
 .bss.bat1_state
                0x0000000020000094        0x1 ./Core/Src/main.o
                0x0000000020000094                bat1_state
 .bss.bat1charge
                0x0000000020000095        0x1 ./Core/Src/main.o
                0x0000000020000095                bat1charge
 .bss.bat1discharge
                0x0000000020000096        0x1 ./Core/Src/main.o
                0x0000000020000096                bat1discharge
 .bss.state2guard
                0x0000000020000097        0x1 ./Core/Src/main.o
                0x0000000020000097                state2guard
 .bss.state3guard
                0x0000000020000098        0x1 ./Core/Src/main.o
                0x0000000020000098                state3guard
 .bss.state4guard
                0x0000000020000099        0x1 ./Core/Src/main.o
                0x0000000020000099                state4guard
 .bss.state5guard
                0x000000002000009a        0x1 ./Core/Src/main.o
                0x000000002000009a                state5guard
 .bss.state6guard
                0x000000002000009b        0x1 ./Core/Src/main.o
                0x000000002000009b                state6guard
 .bss.state7guard
                0x000000002000009c        0x1 ./Core/Src/main.o
                0x000000002000009c                state7guard
 .bss.state8guard
                0x000000002000009d        0x1 ./Core/Src/main.o
                0x000000002000009d                state8guard
 .bss.Autotestflag
                0x000000002000009e        0x1 ./Core/Src/main.o
                0x000000002000009e                Autotestflag
 .bss.BAT_1_MAINTENANCE_FLAG
                0x000000002000009f        0x1 ./Core/Src/main.o
                0x000000002000009f                BAT_1_MAINTENANCE_FLAG
 .bss.BAT_1_MAINTENANCE_ENTERED_GUARD_FLAG
                0x00000000200000a0        0x1 ./Core/Src/main.o
                0x00000000200000a0                BAT_1_MAINTENANCE_ENTERED_GUARD_FLAG
 .bss.BAT_1_MAINT_GENERAL_INFO_FLAG
                0x00000000200000a1        0x1 ./Core/Src/main.o
                0x00000000200000a1                BAT_1_MAINT_GENERAL_INFO_FLAG
 .bss.BAT_1_MAINT_GENERAL_INFO_GUARD_FLAG
                0x00000000200000a2        0x1 ./Core/Src/main.o
                0x00000000200000a2                BAT_1_MAINT_GENERAL_INFO_GUARD_FLAG
 .bss.Bat_1_MAINT_SPECIFIC_PARA_GUARD_FLAG
                0x00000000200000a3        0x1 ./Core/Src/main.o
                0x00000000200000a3                Bat_1_MAINT_SPECIFIC_PARA_GUARD_FLAG
 .bss.bat1_geninfo_cycle_counter
                0x00000000200000a4        0x2 ./Core/Src/main.o
                0x00000000200000a4                bat1_geninfo_cycle_counter
 .bss.bat1_geninfo_asoc_counter
                0x00000000200000a6        0x2 ./Core/Src/main.o
                0x00000000200000a6                bat1_geninfo_asoc_counter
 .bss.bat1_geninfo_remainingcapacity_counter
                0x00000000200000a8        0x2 ./Core/Src/main.o
                0x00000000200000a8                bat1_geninfo_remainingcapacity_counter
 .bss.bat1_geninfo_voltage_counter
                0x00000000200000aa        0x2 ./Core/Src/main.o
                0x00000000200000aa                bat1_geninfo_voltage_counter
 .bss.bat1_geninfo_temperature_counter
                0x00000000200000ac        0x2 ./Core/Src/main.o
                0x00000000200000ac                bat1_geninfo_temperature_counter
 .bss.bat1_geninfo_batterystatus_counter
                0x00000000200000ae        0x2 ./Core/Src/main.o
                0x00000000200000ae                bat1_geninfo_batterystatus_counter
 .bss.bat1_geninfo_current_counter
                0x00000000200000b0        0x2 ./Core/Src/main.o
                0x00000000200000b0                bat1_geninfo_current_counter
 .bss.bat1_geninfo_cycle_flag
                0x00000000200000b2        0x1 ./Core/Src/main.o
                0x00000000200000b2                bat1_geninfo_cycle_flag
 .bss.bat1_geninfo_asoc_flag
                0x00000000200000b3        0x1 ./Core/Src/main.o
                0x00000000200000b3                bat1_geninfo_asoc_flag
 .bss.bat1_geninfo_remainingcapacity_flag
                0x00000000200000b4        0x1 ./Core/Src/main.o
                0x00000000200000b4                bat1_geninfo_remainingcapacity_flag
 .bss.bat1_geninfo_voltage_flag
                0x00000000200000b5        0x1 ./Core/Src/main.o
                0x00000000200000b5                bat1_geninfo_voltage_flag
 .bss.bat1_geninfo_temperature_flag
                0x00000000200000b6        0x1 ./Core/Src/main.o
                0x00000000200000b6                bat1_geninfo_temperature_flag
 .bss.bat1_geninfo_batterystatus_flag
                0x00000000200000b7        0x1 ./Core/Src/main.o
                0x00000000200000b7                bat1_geninfo_batterystatus_flag
 .bss.bat1_geninfo_current_flag
                0x00000000200000b8        0x1 ./Core/Src/main.o
                0x00000000200000b8                bat1_geninfo_current_flag
 .bss.update_maintenance_info_flag
                0x00000000200000b9        0x1 ./Core/Src/main.o
                0x00000000200000b9                update_maintenance_info_flag
 *fill*         0x00000000200000ba        0x2 
 .bss.__sbrk_heap_end
                0x00000000200000bc        0x4 ./Core/Src/sysmem.o
 .bss.__malloc_free_list
                0x00000000200000c0        0x4 d:/stm32cubeide/stm32cubeide_1.6.0/stm32cubeide/plugins/com.st.stm32cube.ide.mcu.externaltools.gnu-tools-for-stm32.9-2020-q2-update.win32_2.0.0.202105311346/tools/bin/../lib/gcc/arm-none-eabi/9.3.1/../../../../arm-none-eabi/lib/thumb/v7e-m+fp/hard\libc_nano.a(lib_a-nano-mallocr.o)
                0x00000000200000c0                __malloc_free_list
 .bss.__malloc_sbrk_start
                0x00000000200000c4        0x4 d:/stm32cubeide/stm32cubeide_1.6.0/stm32cubeide/plugins/com.st.stm32cube.ide.mcu.externaltools.gnu-tools-for-stm32.9-2020-q2-update.win32_2.0.0.202105311346/tools/bin/../lib/gcc/arm-none-eabi/9.3.1/../../../../arm-none-eabi/lib/thumb/v7e-m+fp/hard\libc_nano.a(lib_a-nano-mallocr.o)
                0x00000000200000c4                __malloc_sbrk_start
 *(COMMON)
 COMMON         0x00000000200000c8       0x1e ./Core/Src/Bat1_Update_Info_during_Maintenance.o
                0x00000000200000c8                transmit_info_to_be_updated
                0x00000000200000d8                transmit_asoc
 *fill*         0x00000000200000e6        0x2 
 COMMON         0x00000000200000e8      0x1d0 ./Core/Src/main.o
                0x00000000200000e8                htim4
                0x0000000020000134                tx_init
                0x0000000020000142                BAT_1_ASOC_MAINTENANCE
                0x0000000020000144                hi2c1
                0x0000000020000190                BAT1_MAINT_STATE
                0x0000000020000194                htim3
                0x00000000200001e0                rx_buffer
                0x00000000200001e4                BAT1_VOLTAGE_MAINTENANCE
                0x00000000200001e8                htim2
                0x0000000020000234                huart2
 COMMON         0x00000000200002b8        0x4 ./Drivers/STM32F7xx_HAL_Driver/Src/stm32f7xx_hal.o
                0x00000000200002b8                uwTick
 COMMON         0x00000000200002bc        0x9 d:/stm32cubeide/stm32cubeide_1.6.0/stm32cubeide/plugins/com.st.stm32cube.ide.mcu.externaltools.gnu-tools-for-stm32.9-2020-q2-update.win32_2.0.0.202105311346/tools/bin/../lib/gcc/arm-none-eabi/9.3.1/../../../../arm-none-eabi/lib/thumb/v7e-m+fp/hard\libc_nano.a(lib_a-lock.o)
                0x00000000200002bc                __lock___atexit_recursive_mutex
                0x00000000200002bd                __lock___arc4random_mutex
                0x00000000200002be                __lock___env_recursive_mutex
                0x00000000200002bf                __lock___sinit_recursive_mutex
                0x00000000200002c0                __lock___malloc_recursive_mutex
                0x00000000200002c1                __lock___at_quick_exit_mutex
                0x00000000200002c2                __lock___dd_hash_mutex
                0x00000000200002c3                __lock___tz_mutex
                0x00000000200002c4                __lock___sfp_recursive_mutex
 *fill*         0x00000000200002c5        0x3 
 COMMON         0x00000000200002c8        0x4 d:/stm32cubeide/stm32cubeide_1.6.0/stm32cubeide/plugins/com.st.stm32cube.ide.mcu.externaltools.gnu-tools-for-stm32.9-2020-q2-update.win32_2.0.0.202105311346/tools/bin/../lib/gcc/arm-none-eabi/9.3.1/../../../../arm-none-eabi/lib/thumb/v7e-m+fp/hard\libc_nano.a(lib_a-reent.o)
                0x00000000200002c8                errno
                0x00000000200002cc                . = ALIGN (0x4)
                0x00000000200002cc                _ebss = .
                0x00000000200002cc                __bss_end__ = _ebss

._user_heap_stack
                0x00000000200002cc      0x604 load address 0x00000000080096c4
                0x00000000200002d0                . = ALIGN (0x8)
 *fill*         0x00000000200002cc        0x4 
                [!provide]                        PROVIDE (end = .)
                0x00000000200002d0                PROVIDE (_end = .)
                0x00000000200004d0                . = (. + _Min_Heap_Size)
 *fill*         0x00000000200002d0      0x200 
                0x00000000200008d0                . = (. + _Min_Stack_Size)
 *fill*         0x00000000200004d0      0x400 
                0x00000000200008d0                . = ALIGN (0x8)

/DISCARD/
 libc.a(*)
 libm.a(*)
 libgcc.a(*)

.ARM.attributes
                0x0000000000000000       0x30
 *(.ARM.attributes)
 .ARM.attributes
                0x0000000000000000       0x1e d:/stm32cubeide/stm32cubeide_1.6.0/stm32cubeide/plugins/com.st.stm32cube.ide.mcu.externaltools.gnu-tools-for-stm32.9-2020-q2-update.win32_2.0.0.202105311346/tools/bin/../lib/gcc/arm-none-eabi/9.3.1/thumb/v7e-m+fp/hard/crti.o
 .ARM.attributes
                0x000000000000001e       0x34 d:/stm32cubeide/stm32cubeide_1.6.0/stm32cubeide/plugins/com.st.stm32cube.ide.mcu.externaltools.gnu-tools-for-stm32.9-2020-q2-update.win32_2.0.0.202105311346/tools/bin/../lib/gcc/arm-none-eabi/9.3.1/thumb/v7e-m+fp/hard/crtbegin.o
 .ARM.attributes
                0x0000000000000052       0x34 ./Core/Src/Bat1_Update_Info_during_Maintenance.o
 .ARM.attributes
                0x0000000000000086       0x34 ./Core/Src/Battery1_Maintenance_General_Info.o
 .ARM.attributes
                0x00000000000000ba       0x34 ./Core/Src/Handle_Gpio_pins.o
 .ARM.attributes
                0x00000000000000ee       0x34 ./Core/Src/Results_Auto_Test_Bat1_Maintenance.o
 .ARM.attributes
                0x0000000000000122       0x34 ./Core/Src/Specific_parameters_main_BAT1.o
 .ARM.attributes
                0x0000000000000156       0x34 ./Core/Src/Timer_function.o
 .ARM.attributes
                0x000000000000018a       0x34 ./Core/Src/bat1_asoc.o
 .ARM.attributes
                0x00000000000001be       0x34 ./Core/Src/main.o
 .ARM.attributes
                0x00000000000001f2       0x34 ./Core/Src/stm32f7xx_hal_msp.o
 .ARM.attributes
                0x0000000000000226       0x34 ./Core/Src/stm32f7xx_it.o
 .ARM.attributes
                0x000000000000025a       0x34 ./Core/Src/syscalls.o
 .ARM.attributes
                0x000000000000028e       0x34 ./Core/Src/sysmem.o
 .ARM.attributes
                0x00000000000002c2       0x34 ./Core/Src/system_stm32f7xx.o
 .ARM.attributes
                0x00000000000002f6       0x34 ./Core/Src/timer_delay.o
 .ARM.attributes
                0x000000000000032a       0x21 ./Core/Startup/startup_stm32f746zgtx.o
 .ARM.attributes
                0x000000000000034b       0x34 ./Drivers/STM32F7xx_HAL_Driver/Src/stm32f7xx_hal.o
 .ARM.attributes
                0x000000000000037f       0x34 ./Drivers/STM32F7xx_HAL_Driver/Src/stm32f7xx_hal_cortex.o
 .ARM.attributes
                0x00000000000003b3       0x34 ./Drivers/STM32F7xx_HAL_Driver/Src/stm32f7xx_hal_dma.o
 .ARM.attributes
                0x00000000000003e7       0x34 ./Drivers/STM32F7xx_HAL_Driver/Src/stm32f7xx_hal_gpio.o
 .ARM.attributes
                0x000000000000041b       0x34 ./Drivers/STM32F7xx_HAL_Driver/Src/stm32f7xx_hal_i2c.o
 .ARM.attributes
                0x000000000000044f       0x34 ./Drivers/STM32F7xx_HAL_Driver/Src/stm32f7xx_hal_i2c_ex.o
 .ARM.attributes
                0x0000000000000483       0x34 ./Drivers/STM32F7xx_HAL_Driver/Src/stm32f7xx_hal_rcc.o
 .ARM.attributes
                0x00000000000004b7       0x34 ./Drivers/STM32F7xx_HAL_Driver/Src/stm32f7xx_hal_rcc_ex.o
 .ARM.attributes
                0x00000000000004eb       0x34 ./Drivers/STM32F7xx_HAL_Driver/Src/stm32f7xx_hal_tim.o
 .ARM.attributes
                0x000000000000051f       0x34 ./Drivers/STM32F7xx_HAL_Driver/Src/stm32f7xx_hal_tim_ex.o
 .ARM.attributes
                0x0000000000000553       0x34 ./Drivers/STM32F7xx_HAL_Driver/Src/stm32f7xx_hal_uart.o
 .ARM.attributes
                0x0000000000000587       0x34 d:/stm32cubeide/stm32cubeide_1.6.0/stm32cubeide/plugins/com.st.stm32cube.ide.mcu.externaltools.gnu-tools-for-stm32.9-2020-q2-update.win32_2.0.0.202105311346/tools/bin/../lib/gcc/arm-none-eabi/9.3.1/../../../../arm-none-eabi/lib/thumb/v7e-m+fp/hard\libc_nano.a(lib_a-errno.o)
 .ARM.attributes
                0x00000000000005bb       0x32 d:/stm32cubeide/stm32cubeide_1.6.0/stm32cubeide/plugins/com.st.stm32cube.ide.mcu.externaltools.gnu-tools-for-stm32.9-2020-q2-update.win32_2.0.0.202105311346/tools/bin/../lib/gcc/arm-none-eabi/9.3.1/../../../../arm-none-eabi/lib/thumb/v7e-m+fp/hard\libc_nano.a(lib_a-impure.o)
 .ARM.attributes
                0x00000000000005ed       0x34 d:/stm32cubeide/stm32cubeide_1.6.0/stm32cubeide/plugins/com.st.stm32cube.ide.mcu.externaltools.gnu-tools-for-stm32.9-2020-q2-update.win32_2.0.0.202105311346/tools/bin/../lib/gcc/arm-none-eabi/9.3.1/../../../../arm-none-eabi/lib/thumb/v7e-m+fp/hard\libc_nano.a(lib_a-init.o)
 .ARM.attributes
                0x0000000000000621       0x34 d:/stm32cubeide/stm32cubeide_1.6.0/stm32cubeide/plugins/com.st.stm32cube.ide.mcu.externaltools.gnu-tools-for-stm32.9-2020-q2-update.win32_2.0.0.202105311346/tools/bin/../lib/gcc/arm-none-eabi/9.3.1/../../../../arm-none-eabi/lib/thumb/v7e-m+fp/hard\libc_nano.a(lib_a-memset.o)
 .ARM.attributes
                0x0000000000000655       0x34 d:/stm32cubeide/stm32cubeide_1.6.0/stm32cubeide/plugins/com.st.stm32cube.ide.mcu.externaltools.gnu-tools-for-stm32.9-2020-q2-update.win32_2.0.0.202105311346/tools/bin/../lib/gcc/arm-none-eabi/9.3.1/../../../../arm-none-eabi/lib/thumb/v7e-m+fp/hard\libc_nano.a(lib_a-printf.o)
 .ARM.attributes
                0x0000000000000689       0x34 d:/stm32cubeide/stm32cubeide_1.6.0/stm32cubeide/plugins/com.st.stm32cube.ide.mcu.externaltools.gnu-tools-for-stm32.9-2020-q2-update.win32_2.0.0.202105311346/tools/bin/../lib/gcc/arm-none-eabi/9.3.1/../../../../arm-none-eabi/lib/thumb/v7e-m+fp/hard\libc_nano.a(lib_a-puts.o)
 .ARM.attributes
                0x00000000000006bd       0x34 d:/stm32cubeide/stm32cubeide_1.6.0/stm32cubeide/plugins/com.st.stm32cube.ide.mcu.externaltools.gnu-tools-for-stm32.9-2020-q2-update.win32_2.0.0.202105311346/tools/bin/../lib/gcc/arm-none-eabi/9.3.1/../../../../arm-none-eabi/lib/thumb/v7e-m+fp/hard\libc_nano.a(lib_a-wbuf.o)
 .ARM.attributes
                0x00000000000006f1       0x34 d:/stm32cubeide/stm32cubeide_1.6.0/stm32cubeide/plugins/com.st.stm32cube.ide.mcu.externaltools.gnu-tools-for-stm32.9-2020-q2-update.win32_2.0.0.202105311346/tools/bin/../lib/gcc/arm-none-eabi/9.3.1/../../../../arm-none-eabi/lib/thumb/v7e-m+fp/hard\libc_nano.a(lib_a-wsetup.o)
 .ARM.attributes
                0x0000000000000725       0x34 d:/stm32cubeide/stm32cubeide_1.6.0/stm32cubeide/plugins/com.st.stm32cube.ide.mcu.externaltools.gnu-tools-for-stm32.9-2020-q2-update.win32_2.0.0.202105311346/tools/bin/../lib/gcc/arm-none-eabi/9.3.1/../../../../arm-none-eabi/lib/thumb/v7e-m+fp/hard\libc_nano.a(lib_a-fflush.o)
 .ARM.attributes
                0x0000000000000759       0x34 d:/stm32cubeide/stm32cubeide_1.6.0/stm32cubeide/plugins/com.st.stm32cube.ide.mcu.externaltools.gnu-tools-for-stm32.9-2020-q2-update.win32_2.0.0.202105311346/tools/bin/../lib/gcc/arm-none-eabi/9.3.1/../../../../arm-none-eabi/lib/thumb/v7e-m+fp/hard\libc_nano.a(lib_a-findfp.o)
 .ARM.attributes
                0x000000000000078d       0x34 d:/stm32cubeide/stm32cubeide_1.6.0/stm32cubeide/plugins/com.st.stm32cube.ide.mcu.externaltools.gnu-tools-for-stm32.9-2020-q2-update.win32_2.0.0.202105311346/tools/bin/../lib/gcc/arm-none-eabi/9.3.1/../../../../arm-none-eabi/lib/thumb/v7e-m+fp/hard\libc_nano.a(lib_a-fwalk.o)
 .ARM.attributes
                0x00000000000007c1       0x34 d:/stm32cubeide/stm32cubeide_1.6.0/stm32cubeide/plugins/com.st.stm32cube.ide.mcu.externaltools.gnu-tools-for-stm32.9-2020-q2-update.win32_2.0.0.202105311346/tools/bin/../lib/gcc/arm-none-eabi/9.3.1/../../../../arm-none-eabi/lib/thumb/v7e-m+fp/hard\libc_nano.a(lib_a-lock.o)
 .ARM.attributes
                0x00000000000007f5       0x34 d:/stm32cubeide/stm32cubeide_1.6.0/stm32cubeide/plugins/com.st.stm32cube.ide.mcu.externaltools.gnu-tools-for-stm32.9-2020-q2-update.win32_2.0.0.202105311346/tools/bin/../lib/gcc/arm-none-eabi/9.3.1/../../../../arm-none-eabi/lib/thumb/v7e-m+fp/hard\libc_nano.a(lib_a-makebuf.o)
 .ARM.attributes
                0x0000000000000829       0x34 d:/stm32cubeide/stm32cubeide_1.6.0/stm32cubeide/plugins/com.st.stm32cube.ide.mcu.externaltools.gnu-tools-for-stm32.9-2020-q2-update.win32_2.0.0.202105311346/tools/bin/../lib/gcc/arm-none-eabi/9.3.1/../../../../arm-none-eabi/lib/thumb/v7e-m+fp/hard\libc_nano.a(lib_a-nano-freer.o)
 .ARM.attributes
                0x000000000000085d       0x34 d:/stm32cubeide/stm32cubeide_1.6.0/stm32cubeide/plugins/com.st.stm32cube.ide.mcu.externaltools.gnu-tools-for-stm32.9-2020-q2-update.win32_2.0.0.202105311346/tools/bin/../lib/gcc/arm-none-eabi/9.3.1/../../../../arm-none-eabi/lib/thumb/v7e-m+fp/hard\libc_nano.a(lib_a-nano-mallocr.o)
 .ARM.attributes
                0x0000000000000891       0x34 d:/stm32cubeide/stm32cubeide_1.6.0/stm32cubeide/plugins/com.st.stm32cube.ide.mcu.externaltools.gnu-tools-for-stm32.9-2020-q2-update.win32_2.0.0.202105311346/tools/bin/../lib/gcc/arm-none-eabi/9.3.1/../../../../arm-none-eabi/lib/thumb/v7e-m+fp/hard\libc_nano.a(lib_a-nano-vfprintf.o)
 .ARM.attributes
                0x00000000000008c5       0x34 d:/stm32cubeide/stm32cubeide_1.6.0/stm32cubeide/plugins/com.st.stm32cube.ide.mcu.externaltools.gnu-tools-for-stm32.9-2020-q2-update.win32_2.0.0.202105311346/tools/bin/../lib/gcc/arm-none-eabi/9.3.1/../../../../arm-none-eabi/lib/thumb/v7e-m+fp/hard\libc_nano.a(lib_a-nano-vfprintf_i.o)
 .ARM.attributes
                0x00000000000008f9       0x34 d:/stm32cubeide/stm32cubeide_1.6.0/stm32cubeide/plugins/com.st.stm32cube.ide.mcu.externaltools.gnu-tools-for-stm32.9-2020-q2-update.win32_2.0.0.202105311346/tools/bin/../lib/gcc/arm-none-eabi/9.3.1/../../../../arm-none-eabi/lib/thumb/v7e-m+fp/hard\libc_nano.a(lib_a-sbrkr.o)
 .ARM.attributes
                0x000000000000092d       0x34 d:/stm32cubeide/stm32cubeide_1.6.0/stm32cubeide/plugins/com.st.stm32cube.ide.mcu.externaltools.gnu-tools-for-stm32.9-2020-q2-update.win32_2.0.0.202105311346/tools/bin/../lib/gcc/arm-none-eabi/9.3.1/../../../../arm-none-eabi/lib/thumb/v7e-m+fp/hard\libc_nano.a(lib_a-stdio.o)
 .ARM.attributes
                0x0000000000000961       0x34 d:/stm32cubeide/stm32cubeide_1.6.0/stm32cubeide/plugins/com.st.stm32cube.ide.mcu.externaltools.gnu-tools-for-stm32.9-2020-q2-update.win32_2.0.0.202105311346/tools/bin/../lib/gcc/arm-none-eabi/9.3.1/../../../../arm-none-eabi/lib/thumb/v7e-m+fp/hard\libc_nano.a(lib_a-writer.o)
 .ARM.attributes
                0x0000000000000995       0x34 d:/stm32cubeide/stm32cubeide_1.6.0/stm32cubeide/plugins/com.st.stm32cube.ide.mcu.externaltools.gnu-tools-for-stm32.9-2020-q2-update.win32_2.0.0.202105311346/tools/bin/../lib/gcc/arm-none-eabi/9.3.1/../../../../arm-none-eabi/lib/thumb/v7e-m+fp/hard\libc_nano.a(lib_a-closer.o)
 .ARM.attributes
                0x00000000000009c9       0x34 d:/stm32cubeide/stm32cubeide_1.6.0/stm32cubeide/plugins/com.st.stm32cube.ide.mcu.externaltools.gnu-tools-for-stm32.9-2020-q2-update.win32_2.0.0.202105311346/tools/bin/../lib/gcc/arm-none-eabi/9.3.1/../../../../arm-none-eabi/lib/thumb/v7e-m+fp/hard\libc_nano.a(lib_a-fstatr.o)
 .ARM.attributes
                0x00000000000009fd       0x34 d:/stm32cubeide/stm32cubeide_1.6.0/stm32cubeide/plugins/com.st.stm32cube.ide.mcu.externaltools.gnu-tools-for-stm32.9-2020-q2-update.win32_2.0.0.202105311346/tools/bin/../lib/gcc/arm-none-eabi/9.3.1/../../../../arm-none-eabi/lib/thumb/v7e-m+fp/hard\libc_nano.a(lib_a-isattyr.o)
 .ARM.attributes
                0x0000000000000a31       0x34 d:/stm32cubeide/stm32cubeide_1.6.0/stm32cubeide/plugins/com.st.stm32cube.ide.mcu.externaltools.gnu-tools-for-stm32.9-2020-q2-update.win32_2.0.0.202105311346/tools/bin/../lib/gcc/arm-none-eabi/9.3.1/../../../../arm-none-eabi/lib/thumb/v7e-m+fp/hard\libc_nano.a(lib_a-lseekr.o)
 .ARM.attributes
                0x0000000000000a65       0x1c d:/stm32cubeide/stm32cubeide_1.6.0/stm32cubeide/plugins/com.st.stm32cube.ide.mcu.externaltools.gnu-tools-for-stm32.9-2020-q2-update.win32_2.0.0.202105311346/tools/bin/../lib/gcc/arm-none-eabi/9.3.1/../../../../arm-none-eabi/lib/thumb/v7e-m+fp/hard\libc_nano.a(lib_a-memchr.o)
 .ARM.attributes