core_cm7.h:2606:26:ITM_SendChar	16	static,ignoring_inline_asm
main.c:501:5:_write	32	static
main.c:515:5:main	8	static
main.c:749:6:SystemClock_Config	216	static
main.c:805:13:MX_I2C1_Init	8	static
main.c:851:13:MX_I2C2_Init	8	static
main.c:897:13:MX_I2C3_Init	8	static
main.c:943:13:MX_TIM2_Init	40	static
main.c:988:13:MX_TIM3_Init	40	static
main.c:1033:13:MX_TIM4_Init	40	static
main.c:1078:13:MX_USART2_UART_Init	8	static
main.c:1113:13:MX_GPIO_Init	48	static
main.c:1170:6:HAL_TIM_PeriodElapsedCallback	16	static
main.c:1189:6:HAL_UART_RxCpltCallback	16	static
main.c:1205:6:Error_Handler	4	static,ignoring_inline_asm
