stm32f7xx_it.c:76:6:NMI_Handler	4	static
stm32f7xx_it.c:91:6:HardFault_Handler	4	static
stm32f7xx_it.c:124:6:MemManage_Handler	4	static
stm32f7xx_it.c:139:6:BusFault_Handler	4	static
stm32f7xx_it.c:154:6:UsageFault_Handler	4	static
stm32f7xx_it.c:169:6:SVC_Handler	4	static
stm32f7xx_it.c:182:6:DebugMon_Handler	4	static
stm32f7xx_it.c:195:6:PendSV_Handler	4	static
stm32f7xx_it.c:208:6:SysTick_Handler	8	static
stm32f7xx_it.c:229:6:TIM2_IRQHandler	8	static
stm32f7xx_it.c:243:6:TIM3_IRQHandler	8	static
stm32f7xx_it.c:257:6:I2C1_EV_IRQHandler	8	static
stm32f7xx_it.c:271:6:I2C2_EV_IRQHandler	8	static
stm32f7xx_it.c:285:6:USART2_IRQHandler	8	static
stm32f7xx_it.c:299:6:I2C3_EV_IRQHandler	8	static
